** Drc report for 24pin-module.kicad_pcb **
** Created on 2026-06-01T22:49:31 **
** Report includes: Errors, Warnings, Exclusions **

** Found 21 DRC violations **
[courtyards_overlap]: Courtyards overlap
    Rule: board setup constraints courtyard; error
    @(34.8400 mm, 66.4000 mm): Footprint J1
    @(64.0000 mm, 69.0000 mm): Footprint U1
[pth_inside_courtyard]: PTH inside courtyard
    Local override; error
    @(45.0000 mm, 72.7500 mm): PTH pad SH2 [GND] of J1
    @(64.0000 mm, 69.0000 mm): Footprint U1
[silk_edge_clearance]: Silkscreen clipped by board edge
    Rule: board setup constraints silk; warning
    @(0.0000 mm, 0.0000 mm): Rectangle on Edge.Cuts
    @(89.9200 mm, 75.7850 mm): Segment of J5 on F.Silkscreen
[silk_edge_clearance]: Silkscreen clipped by board edge
    Rule: board setup constraints silk; warning
    @(0.0000 mm, 0.0000 mm): Rectangle on Edge.Cuts
    @(99.0800 mm, 74.0800 mm): Segment of J5 on F.Silkscreen
[silk_edge_clearance]: Silkscreen clipped by board edge
    Rule: board setup constraints silk; warning
    @(0.0000 mm, 0.0000 mm): Rectangle on Edge.Cuts
    @(-5.8100 mm, 11.5900 mm): Segment of J3 on F.Silkscreen
[silk_edge_clearance]: Silkscreen clipped by board edge
    Rule: board setup constraints silk; warning
    @(0.0000 mm, 0.0000 mm): Rectangle on Edge.Cuts
    @(-5.8100 mm, 63.4100 mm): Segment of J3 on F.Silkscreen
[silk_edge_clearance]: Silkscreen clipped by board edge
    Rule: board setup constraints silk; warning
    @(0.0000 mm, 0.0000 mm): Rectangle on Edge.Cuts
    @(19.1900 mm, 80.8650 mm): Segment of J2 on F.Silkscreen
[silk_edge_clearance]: Silkscreen clipped by board edge
    Rule: board setup constraints silk; warning
    @(0.0000 mm, 0.0000 mm): Rectangle on Edge.Cuts
    @(26.8100 mm, 80.8650 mm): Segment of J2 on F.Silkscreen
[silk_edge_clearance]: Silkscreen clipped by board edge
    Rule: board setup constraints silk; warning
    @(0.0000 mm, 0.0000 mm): Rectangle on Edge.Cuts
    @(21.5000 mm, 74.7550 mm): Rectangle of J2 on F.Silkscreen
[silk_edge_clearance]: Silkscreen clipped by board edge
    Rule: board setup constraints silk; warning
    @(0.0000 mm, 0.0000 mm): Rectangle on Edge.Cuts
    @(24.0000 mm, 74.7550 mm): Rectangle of J2 on F.Silkscreen
[silk_edge_clearance]: Silkscreen clipped by board edge
    Rule: board setup constraints silk; warning
    @(0.0000 mm, 0.0000 mm): Rectangle on Edge.Cuts
    @(31.5250 mm, 62.5200 mm): Segment of J1 on F.Silkscreen
[silk_edge_clearance]: Silkscreen clipped by board edge
    Rule: board setup constraints silk; warning
    @(0.0000 mm, 0.0000 mm): Rectangle on Edge.Cuts
    @(47.0450 mm, 62.5200 mm): Segment of J1 on F.Silkscreen
[silk_edge_clearance]: Silkscreen clipped by board edge
    Rule: board setup constraints silk; warning
    @(0.0000 mm, 0.0000 mm): Rectangle on Edge.Cuts
    @(115.5100 mm, 11.5900 mm): Segment of J4 on F.Silkscreen
[silk_edge_clearance]: Silkscreen clipped by board edge
    Rule: board setup constraints silk; warning
    @(0.0000 mm, 0.0000 mm): Rectangle on Edge.Cuts
    @(115.5100 mm, 63.4100 mm): Segment of J4 on F.Silkscreen
[silk_edge_clearance]: Silkscreen clipped by board edge
    Rule: board setup constraints silk; warning
    @(0.0000 mm, 0.0000 mm): Rectangle on Edge.Cuts
    @(56.2000 mm, 79.3500 mm): Segment of U1 on F.Silkscreen
[silk_edge_clearance]: Silkscreen clipped by board edge
    Rule: board setup constraints silk; warning
    @(0.0000 mm, 0.0000 mm): Rectangle on Edge.Cuts
    @(71.8000 mm, 58.6500 mm): Segment of U1 on F.Silkscreen
[lib_footprint_mismatch]: Footprint 'Fiducial_1mm_Mask2mm' does not match copy in library 'Fiducial'
    Local override; warning
    @(4.5000 mm, 4.5000 mm): Footprint FID1
[lib_footprint_mismatch]: Footprint 'Fiducial_1mm_Mask2mm' does not match copy in library 'Fiducial'
    Local override; warning
    @(106.0000 mm, 71.5000 mm): Footprint FID3
[lib_footprint_mismatch]: Footprint 'Fiducial_1mm_Mask2mm' does not match copy in library 'Fiducial'
    Local override; warning
    @(4.0000 mm, 71.5000 mm): Footprint FID2
[silk_over_copper]: Silkscreen clipped by solder mask
    Local override; warning
    @(47.0450 mm, 62.5200 mm): Segment of J1 on F.Silkscreen
    @(45.0000 mm, 72.7500 mm): PTH pad SH2 [GND] of J1
[silk_over_copper]: Silkscreen clipped by solder mask
    Local override; warning
    @(31.5250 mm, 62.5200 mm): Segment of J1 on F.Silkscreen
    @(33.5700 mm, 72.7500 mm): PTH pad SH1 [GND] of J1

** Found 0 unconnected pads **

** Found 0 Footprint errors **

** Ignored checks **
    - Footprint has no courtyard defined
    - Track endpoint not centered on via
    - Tuning profile track geometries
    - Footprint doesn't match symbol's footprint filters
    - Footprint component type doesn't match footprint pads

** End of Report **
