** Drc report for 24pin-module.kicad_pcb **
** Created on 2026-06-01T21:24:28 **
** Report includes: Errors, Warnings, Exclusions **

** Found 78 DRC violations **
[clearance]: Clearance violation (netclass 'HighCurrent' clearance 0.4000 mm; actual 0.3000 mm)
    Rule: netclass 'HighCurrent'; error
    @(56.4625 mm, 22.5000 mm): Track [/RAIL12V_LO] on F.Cu, length 3.4625 mm
    @(50.5375 mm, 22.5000 mm): Track [/RAIL12V_HI] on F.Cu, length 1.9625 mm
[clearance]: Clearance violation (netclass 'HighCurrent' clearance 0.4000 mm; actual 0.3000 mm)
    Rule: netclass 'HighCurrent'; error
    @(53.0000 mm, 24.5000 mm): Track [/RAIL12V_LO] on F.Cu, length 0.5000 mm
    @(52.5000 mm, 22.5000 mm): Track [/RAIL12V_HI] on F.Cu, length 4.3000 mm
[clearance]: Clearance violation (rule 'High-current rail clearance' clearance 0.4000 mm; actual 0.2316 mm)
    Rule: High-current rail clearance; error
    @(62.3000 mm, 36.5000 mm): Pad 8 [/RAIL3V3_LO] of U12 on F.Cu
    @(61.5000 mm, 36.0000 mm): Track [GND] on F.Cu, length 3.5355 mm
[clearance]: Clearance violation (netclass 'HighCurrent' clearance 0.4000 mm; actual 0.3000 mm)
    Rule: netclass 'HighCurrent'; error
    @(50.5375 mm, 22.5000 mm): Track [/RAIL12V_HI] on F.Cu, length 1.9625 mm
    @(53.0000 mm, 22.5000 mm): Track [/RAIL12V_LO] on F.Cu, length 2.0000 mm
[clearance]: Clearance violation (rule 'High-current rail clearance' clearance 0.4000 mm; actual 0.2500 mm)
    Rule: High-current rail clearance; error
    @(62.3000 mm, 36.0000 mm): Pad 7 [GND] of U12 on F.Cu
    @(62.3000 mm, 36.5000 mm): Track [/RAIL3V3_LO] on F.Cu, length 1.2000 mm
[clearance]: Clearance violation (netclass 'HighCurrent' clearance 0.4000 mm; actual 0.3000 mm)
    Rule: netclass 'HighCurrent'; error
    @(52.5000 mm, 22.5000 mm): Track [/RAIL12V_HI] on F.Cu, length 4.3000 mm
    @(53.0000 mm, 24.5000 mm): Track [/RAIL12V_LO] on F.Cu, length 2.3000 mm
[clearance]: Clearance violation (rule 'High-current rail clearance' clearance 0.4000 mm; actual 0.3000 mm)
    Rule: High-current rail clearance; error
    @(54.0000 mm, 26.8000 mm): Track [GND] on F.Cu, length 1.8000 mm
    @(53.5000 mm, 25.5000 mm): Track [/RAIL12V_LO] on F.Cu, length 1.3000 mm
[clearance]: Clearance violation (rule 'High-current rail clearance' clearance 0.4000 mm; actual 0.3866 mm)
    Rule: High-current rail clearance; error
    @(50.7475 mm, 50.1350 mm): Track [/RAIL5VSB_LO] on F.Cu, length 3.7265 mm
    @(50.4300 mm, 48.2300 mm): Pad 3 [Net-(RS6-S2)] of RS6 on F.Cu
[clearance]: Clearance violation (rule 'High-current rail clearance' clearance 0.4000 mm; actual 0.3000 mm)
    Rule: High-current rail clearance; error
    @(54.0000 mm, 26.8000 mm): Track [GND] on F.Cu, length 1.8000 mm
    @(53.0000 mm, 25.0000 mm): Track [/RAIL12V_LO] on F.Cu, length 0.7071 mm
[shorting_items]: Items shorting two nets (nets unconnected-(J1-STREAM_N-Pad5) and Net-(J1-CAN1_H))
    Local override; error
    @(39.9200 mm, 65.9000 mm): PTH pad 5 [unconnected-(J1-STREAM_N-Pad5)] of J1
    @(41.1849 mm, 65.1000 mm): Track [Net-(J1-CAN1_H)] on F.Cu, length 2.7549 mm
[clearance]: Clearance violation (rule 'High-current rail clearance' clearance 0.4000 mm; actual 0.2500 mm)
    Rule: High-current rail clearance; error
    @(62.3000 mm, 36.5000 mm): Pad 8 [/RAIL3V3_LO] of U12 on F.Cu
    @(62.3000 mm, 36.0000 mm): Track [GND] on F.Cu, length 0.8000 mm
[clearance]: Clearance violation (rule 'High-current rail clearance' clearance 0.4000 mm; actual 0.2015 mm)
    Rule: High-current rail clearance; error
    @(42.5000 mm, 38.3000 mm): Pad 8 [/RAIL5V_LO] of U11 on F.Cu
    @(43.0000 mm, 39.0574 mm): Track [GND] on F.Cu, length 0.6259 mm
[clearance]: Clearance violation (rule 'High-current rail clearance' clearance 0.4000 mm; actual 0.2500 mm)
    Rule: High-current rail clearance; error
    @(54.0000 mm, 26.8000 mm): Track [GND] on F.Cu, length 1.8000 mm
    @(53.5000 mm, 26.8000 mm): Pad 8 [/RAIL12V_LO] of U10 on F.Cu
[clearance]: Clearance violation (netclass 'HighCurrent' clearance 0.4000 mm; actual 0.3000 mm)
    Rule: netclass 'HighCurrent'; error
    @(52.5000 mm, 22.5000 mm): Track [/RAIL12V_HI] on F.Cu, length 4.3000 mm
    @(53.0000 mm, 25.0000 mm): Track [/RAIL12V_LO] on F.Cu, length 0.7071 mm
[clearance]: Clearance violation (netclass 'Default' clearance 0.2000 mm; actual 0.0596 mm)
    Rule: netclass 'Default'; error
    @(64.0000 mm, 56.5000 mm): Via [Net-(U1-USB_D-)] on F.Cu - B.Cu
    @(63.3450 mm, 56.4950 mm): Track [Net-(U1-IO17)] on F.Cu, length 3.3305 mm
[clearance]: Clearance violation (netclass 'HighCurrent' clearance 0.4000 mm; actual 0.2000 mm)
    Rule: netclass 'HighCurrent'; error
    @(60.5500 mm, 50.0500 mm): Track [/RAIL5VSB_LO] on PWR, length 38.9000 mm
    @(96.0000 mm, 48.0000 mm): PTH pad 21 [/RAIL5V_LO] of J4
[clearance]: Clearance violation (netclass 'HighCurrent' clearance 0.4000 mm; actual 0.3000 mm)
    Rule: netclass 'HighCurrent'; error
    @(42.0000 mm, 35.0000 mm): Track [/RAIL5V_LO] on F.Cu, length 0.7071 mm
    @(41.5000 mm, 34.5000 mm): Track [/RAIL5V_HI] on F.Cu, length 3.8000 mm
[clearance]: Clearance violation (netclass 'Default' clearance 0.2000 mm; actual 0.1950 mm)
    Rule: netclass 'Default'; error
    @(63.1000 mm, 55.9000 mm): Via [Net-(U1-USB_D+)] on F.Cu - B.Cu
    @(49.9594 mm, 56.4950 mm): Track [Net-(U1-IO17)] on F.Cu, length 13.3856 mm
[clearance]: Clearance violation (rule 'High-current rail clearance' clearance 0.4000 mm; actual 0.3071 mm)
    Rule: High-current rail clearance; error
    @(54.0000 mm, 25.0000 mm): Via [GND] on F.Cu - B.Cu
    @(53.5000 mm, 25.5000 mm): Track [/RAIL12V_LO] on F.Cu, length 1.3000 mm
[clearance]: Clearance violation (netclass 'HighCurrent' clearance 0.4000 mm; actual 0.2500 mm)
    Rule: netclass 'HighCurrent'; error
    @(63.0574 mm, 37.0000 mm): Track [/RAIL3V3_LO] on F.Cu, length 0.7574 mm
    @(62.3000 mm, 37.5000 mm): Pad 10 [/RAIL3V3_HI] of U12 on F.Cu
[clearance]: Clearance violation (netclass 'HighCurrent' clearance 0.4000 mm; actual 0.2015 mm)
    Rule: netclass 'HighCurrent'; error
    @(64.0000 mm, 37.9426 mm): Track [/RAIL3V3_LO] on F.Cu, length 1.3330 mm
    @(62.3000 mm, 37.5000 mm): Pad 10 [/RAIL3V3_HI] of U12 on F.Cu
[clearance]: Clearance violation (rule 'High-current rail clearance' clearance 0.4000 mm; actual 0.3000 mm)
    Rule: High-current rail clearance; error
    @(43.0000 mm, 38.3000 mm): Track [GND] on F.Cu, length 0.7574 mm
    @(42.5000 mm, 34.5000 mm): Track [/RAIL5V_LO] on F.Cu, length 3.8000 mm
[clearance]: Clearance violation (rule 'High-current rail clearance' clearance 0.4000 mm; actual 0.3750 mm)
    Rule: High-current rail clearance; error
    @(42.5000 mm, 38.3000 mm): Pad 8 [/RAIL5V_LO] of U11 on F.Cu
    @(42.5574 mm, 39.5000 mm): Track [GND] on F.Cu, length 1.5574 mm
[clearance]: Clearance violation (rule 'High-current rail clearance' clearance 0.4000 mm; actual 0.2000 mm)
    Rule: High-current rail clearance; error
    @(96.0000 mm, 48.0000 mm): PTH pad 21 [/RAIL5V_LO] of J4
    @(98.1500 mm, 17.9165 mm): Track [Net-(U1-IO38)] on B.Cu, length 44.2820 mm
[clearance]: Clearance violation (netclass 'HighCurrent' clearance 0.4000 mm; actual 0.2500 mm)
    Rule: netclass 'HighCurrent'; error
    @(62.3000 mm, 37.0000 mm): Pad 9 [/RAIL3V3_LO] of U12 on F.Cu
    @(60.5000 mm, 39.3000 mm): Track [/RAIL3V3_HI] on F.Cu, length 2.5456 mm
[clearance]: Clearance violation (rule 'High-current rail clearance' clearance 0.4000 mm; actual 0.2500 mm)
    Rule: High-current rail clearance; error
    @(36.1250 mm, 27.8750 mm): Track [+3V3] on F.Cu, length 18.1281 mm
    @(53.5000 mm, 26.8000 mm): Pad 8 [/RAIL12V_LO] of U10 on F.Cu
[clearance]: Clearance violation (rule 'High-current rail clearance' clearance 0.4000 mm; actual 0.2500 mm)
    Rule: High-current rail clearance; error
    @(42.5000 mm, 34.5000 mm): Track [/RAIL5V_LO] on F.Cu, length 3.8000 mm
    @(43.0000 mm, 38.3000 mm): Pad 7 [GND] of U11 on F.Cu
[clearance]: Clearance violation (netclass 'HighCurrent' clearance 0.4000 mm; actual 0.3000 mm)
    Rule: netclass 'HighCurrent'; error
    @(41.5000 mm, 34.5000 mm): Track [/RAIL5V_HI] on F.Cu, length 3.8000 mm
    @(42.0000 mm, 38.3000 mm): Track [/RAIL5V_LO] on F.Cu, length 3.3000 mm
[clearance]: Clearance violation (rule 'High-current rail clearance' clearance 0.4000 mm; actual 0.2000 mm)
    Rule: High-current rail clearance; error
    @(43.0000 mm, 38.3000 mm): Pad 7 [GND] of U11 on F.Cu
    @(42.5000 mm, 38.3000 mm): Pad 8 [/RAIL5V_LO] of U11 on F.Cu
[clearance]: Clearance violation (rule 'High-current rail clearance' clearance 0.4000 mm; actual 0.2000 mm)
    Rule: High-current rail clearance; error
    @(54.0000 mm, 26.8000 mm): Pad 7 [GND] of U10 on F.Cu
    @(53.5000 mm, 26.8000 mm): Pad 8 [/RAIL12V_LO] of U10 on F.Cu
[clearance]: Clearance violation (netclass 'HighCurrent' clearance 0.4000 mm; actual 0.2000 mm)
    Rule: netclass 'HighCurrent'; error
    @(42.0000 mm, 38.3000 mm): Pad 9 [/RAIL5V_LO] of U11 on F.Cu
    @(41.5000 mm, 38.3000 mm): Pad 10 [/RAIL5V_HI] of U11 on F.Cu
[clearance]: Clearance violation (rule 'High-current rail clearance' clearance 0.4000 mm; actual 0.2000 mm)
    Rule: High-current rail clearance; error
    @(62.3000 mm, 36.0000 mm): Pad 7 [GND] of U12 on F.Cu
    @(62.3000 mm, 36.5000 mm): Pad 8 [/RAIL3V3_LO] of U12 on F.Cu
[clearance]: Clearance violation (netclass 'HighCurrent' clearance 0.4000 mm; actual 0.2000 mm)
    Rule: netclass 'HighCurrent'; error
    @(53.0000 mm, 26.8000 mm): Pad 9 [/RAIL12V_LO] of U10 on F.Cu
    @(52.5000 mm, 26.8000 mm): Pad 10 [/RAIL12V_HI] of U10 on F.Cu
[clearance]: Clearance violation (netclass 'HighCurrent' clearance 0.4000 mm; actual 0.2000 mm)
    Rule: netclass 'HighCurrent'; error
    @(62.3000 mm, 37.0000 mm): Pad 9 [/RAIL3V3_LO] of U12 on F.Cu
    @(62.3000 mm, 37.5000 mm): Pad 10 [/RAIL3V3_HI] of U12 on F.Cu
[courtyards_overlap]: Courtyards overlap
    Rule: board setup constraints courtyard; error
    @(48.5000 mm, 59.0000 mm): Footprint U2
    @(34.8400 mm, 65.9000 mm): Footprint J1
[courtyards_overlap]: Courtyards overlap
    Rule: board setup constraints courtyard; error
    @(34.8400 mm, 65.9000 mm): Footprint J1
    @(64.0000 mm, 69.0000 mm): Footprint U1
[track_width]: Track width (rule 'Power min width' min width 1.0000 mm; actual 0.5000 mm)
    Rule: Power min width; error
    @(52.8650 mm, 58.3650 mm): Track [+5VSB] on F.Cu, length 0.1909 mm
[track_width]: Track width (rule 'Power min width' min width 1.0000 mm; actual 0.5000 mm)
    Rule: Power min width; error
    @(85.5000 mm, 70.0000 mm): Track [+5VSB] on F.Cu, length 2.9000 mm
[track_width]: Track width (rule 'Power min width' min width 1.0000 mm; actual 0.5000 mm)
    Rule: Power min width; error
    @(81.5000 mm, 62.0000 mm): Track [+5VSB] on F.Cu, length 2.0000 mm
[track_width]: Track width (rule 'Power min width' min width 1.0000 mm; actual 0.5000 mm)
    Rule: Power min width; error
    @(82.6000 mm, 70.0000 mm): Track [+5VSB] on F.Cu, length 0.8485 mm
[track_width]: Track width (rule 'Power min width' min width 1.0000 mm; actual 0.5000 mm)
    Rule: Power min width; error
    @(50.9750 mm, 58.3650 mm): Track [+5VSB] on F.Cu, length 1.5250 mm
[track_width]: Track width (rule 'Power min width' min width 1.0000 mm; actual 0.5000 mm)
    Rule: Power min width; error
    @(81.5000 mm, 64.0000 mm): Track [+5VSB] on F.Cu, length 4.9497 mm
[track_width]: Track width (rule 'Power min width' min width 1.0000 mm; actual 0.5000 mm)
    Rule: Power min width; error
    @(52.8650 mm, 58.3650 mm): Track [+5VSB] on F.Cu, length 0.2475 mm
[track_width]: Track width (rule 'Power min width' min width 1.0000 mm; actual 0.5000 mm)
    Rule: Power min width; error
    @(85.5000 mm, 70.0000 mm): Track [+5VSB] on F.Cu, length 2.0000 mm
[track_width]: Track width (rule 'Power min width' min width 1.0000 mm; actual 0.5000 mm)
    Rule: Power min width; error
    @(52.5000 mm, 58.3650 mm): Track [+5VSB] on F.Cu, length 0.3650 mm
[track_width]: Track width (rule 'Power min width' min width 1.0000 mm; actual 0.5000 mm)
    Rule: Power min width; error
    @(85.0000 mm, 67.5000 mm): Track [+5VSB] on F.Cu, length 3.0000 mm
[track_width]: Track width (rule 'Power min width' min width 1.0000 mm; actual 0.5000 mm)
    Rule: Power min width; error
    @(85.5000 mm, 68.0000 mm): Track [+5VSB] on F.Cu, length 0.7071 mm
[track_width]: Track width (rule 'Power min width' min width 1.0000 mm; actual 0.5000 mm)
    Rule: Power min width; error
    @(53.5000 mm, 69.5000 mm): Track [+5VSB] on B.Cu, length 0.7071 mm
[track_width]: Track width (rule 'Power min width' min width 1.0000 mm; actual 0.5000 mm)
    Rule: Power min width; error
    @(53.0000 mm, 58.5000 mm): Track [+5VSB] on B.Cu, length 0.7071 mm
[track_width]: Track width (rule 'Power min width' min width 1.0000 mm; actual 0.5000 mm)
    Rule: Power min width; error
    @(53.5000 mm, 59.0000 mm): Track [+5VSB] on B.Cu, length 10.5000 mm
[solder_mask_bridge]: Front solder mask aperture bridges items with different nets
    Rule: board setup solder mask min width; error
    @(41.1849 mm, 65.1000 mm): Track [Net-(J1-CAN1_H)] on F.Cu, length 2.7549 mm
    @(39.9200 mm, 65.9000 mm): PTH pad 5 [unconnected-(J1-STREAM_N-Pad5)] of J1
[via_dangling]: Via is not connected or connected on only one layer
    Local override; warning
    @(74.5000 mm, 63.0500 mm): Via [Net-(U1-IO8)] on F.Cu - B.Cu
[via_dangling]: Via is not connected or connected on only one layer
    Local override; warning
    @(74.0000 mm, 62.2000 mm): Via [Net-(U1-IO9)] on F.Cu - B.Cu
[via_dangling]: Via is not connected or connected on only one layer
    Local override; warning
    @(61.5000 mm, 55.5000 mm): Via [Net-(U1-IO21)] on F.Cu - B.Cu
[silk_edge_clearance]: Silkscreen clipped by board edge
    Rule: board setup constraints silk; warning
    @(0.0000 mm, 0.0000 mm): Rectangle on Edge.Cuts
    @(31.5250 mm, 62.0200 mm): Segment of J1 on F.Silkscreen
[silk_edge_clearance]: Silkscreen clipped by board edge
    Rule: board setup constraints silk; warning
    @(0.0000 mm, 0.0000 mm): Rectangle on Edge.Cuts
    @(47.0450 mm, 62.0200 mm): Segment of J1 on F.Silkscreen
[silk_edge_clearance]: Silkscreen clipped by board edge
    Rule: board setup constraints silk; warning
    @(0.0000 mm, 0.0000 mm): Rectangle on Edge.Cuts
    @(89.9200 mm, 75.7850 mm): Segment of J5 on F.Silkscreen
[silk_edge_clearance]: Silkscreen clipped by board edge
    Rule: board setup constraints silk; warning
    @(0.0000 mm, 0.0000 mm): Rectangle on Edge.Cuts
    @(99.0800 mm, 74.0800 mm): Segment of J5 on F.Silkscreen
[silk_edge_clearance]: Silkscreen clipped by board edge
    Rule: board setup constraints silk; warning
    @(0.0000 mm, 0.0000 mm): Rectangle on Edge.Cuts
    @(-5.8100 mm, 11.5900 mm): Segment of J3 on F.Silkscreen
[silk_edge_clearance]: Silkscreen clipped by board edge
    Rule: board setup constraints silk; warning
    @(0.0000 mm, 0.0000 mm): Rectangle on Edge.Cuts
    @(-5.8100 mm, 63.4100 mm): Segment of J3 on F.Silkscreen
[silk_edge_clearance]: Silkscreen clipped by board edge
    Rule: board setup constraints silk; warning
    @(0.0000 mm, 0.0000 mm): Rectangle on Edge.Cuts
    @(19.1900 mm, 80.8650 mm): Segment of J2 on F.Silkscreen
[silk_edge_clearance]: Silkscreen clipped by board edge
    Rule: board setup constraints silk; warning
    @(0.0000 mm, 0.0000 mm): Rectangle on Edge.Cuts
    @(26.8100 mm, 80.8650 mm): Segment of J2 on F.Silkscreen
[silk_edge_clearance]: Silkscreen clipped by board edge
    Rule: board setup constraints silk; warning
    @(0.0000 mm, 0.0000 mm): Rectangle on Edge.Cuts
    @(21.5000 mm, 74.7550 mm): Rectangle of J2 on F.Silkscreen
[silk_edge_clearance]: Silkscreen clipped by board edge
    Rule: board setup constraints silk; warning
    @(0.0000 mm, 0.0000 mm): Rectangle on Edge.Cuts
    @(24.0000 mm, 74.7550 mm): Rectangle of J2 on F.Silkscreen
[silk_edge_clearance]: Silkscreen clipped by board edge
    Rule: board setup constraints silk; warning
    @(0.0000 mm, 0.0000 mm): Rectangle on Edge.Cuts
    @(115.5100 mm, 11.5900 mm): Segment of J4 on F.Silkscreen
[silk_edge_clearance]: Silkscreen clipped by board edge
    Rule: board setup constraints silk; warning
    @(0.0000 mm, 0.0000 mm): Rectangle on Edge.Cuts
    @(115.5100 mm, 63.4100 mm): Segment of J4 on F.Silkscreen
[silk_edge_clearance]: Silkscreen clipped by board edge
    Rule: board setup constraints silk; warning
    @(0.0000 mm, 0.0000 mm): Rectangle on Edge.Cuts
    @(56.2000 mm, 79.3500 mm): Segment of U1 on F.Silkscreen
[silk_edge_clearance]: Silkscreen clipped by board edge
    Rule: board setup constraints silk; warning
    @(0.0000 mm, 0.0000 mm): Rectangle on Edge.Cuts
    @(71.8000 mm, 58.6500 mm): Segment of U1 on F.Silkscreen
[holes_co_located]: Drilled holes co-located
    Local override; warning
    @(63.0000 mm, 29.9000 mm): Via [Net-(U1-IO8)] on F.Cu - B.Cu
    @(63.0000 mm, 29.9000 mm): Via [Net-(U1-IO8)] on F.Cu - B.Cu
[holes_co_located]: Drilled holes co-located
    Local override; warning
    @(94.0000 mm, 64.0000 mm): Via [Net-(U1-USB_D+)] on F.Cu - B.Cu
    @(94.0000 mm, 64.0000 mm): Via [Net-(U1-USB_D+)] on F.Cu - B.Cu
[hole_to_hole]: Drilled hole too close to other hole (board setup constraints min 0.2495 mm; actual 0.2000 mm)
    Rule: board setup constraints; warning
    @(58.5000 mm, 47.5000 mm): Via [/RAIL5VSB_LO] on F.Cu - B.Cu
    @(59.0000 mm, 47.5000 mm): Via [/RAIL5VSB_LO] on F.Cu - B.Cu
[hole_to_hole]: Drilled hole too close to other hole (board setup constraints min 0.2495 mm; actual 0.2000 mm)
    Rule: board setup constraints; warning
    @(58.5000 mm, 47.5000 mm): Via [/RAIL5VSB_LO] on F.Cu - B.Cu
    @(58.0000 mm, 47.5000 mm): Via [/RAIL5VSB_LO] on F.Cu - B.Cu
[hole_to_hole]: Drilled hole too close to other hole (board setup constraints min 0.2495 mm; actual 0.2000 mm)
    Rule: board setup constraints; warning
    @(59.0000 mm, 47.5000 mm): Via [/RAIL5VSB_LO] on F.Cu - B.Cu
    @(59.5000 mm, 47.5000 mm): Via [/RAIL5VSB_LO] on F.Cu - B.Cu
[silk_overlap]: Silkscreen clearance
    Rule: board setup constraints silk; warning
    @(55.0000 mm, 54.9500 mm): Reference field of U13
    @(53.5000 mm, 56.0000 mm): Reference field of C4
[silk_overlap]: Silkscreen clearance
    Rule: board setup constraints silk; warning
    @(53.3900 mm, 51.0900 mm): Segment of U13 on F.Silkscreen
    @(54.5000 mm, 50.6600 mm): Reference field of C13
[silk_overlap]: Silkscreen clearance
    Rule: board setup constraints silk; warning
    @(53.3900 mm, 50.8900 mm): Segment of U13 on F.Silkscreen
    @(54.5000 mm, 50.6600 mm): Reference field of C13
[silk_over_copper]: Silkscreen clipped by solder mask
    Local override; warning
    @(31.5250 mm, 62.0200 mm): Segment of J1 on F.Silkscreen
    @(33.5700 mm, 72.2500 mm): PTH pad SH1 [GND] of J1
[silk_over_copper]: Silkscreen clipped by solder mask
    Local override; warning
    @(47.0450 mm, 62.0200 mm): Segment of J1 on F.Silkscreen
    @(45.0000 mm, 72.2500 mm): PTH pad SH2 [GND] of J1

** Found 1 unconnected pads **
[unconnected_items]: Missing connection between items
    Local override; error
    @(99.0000 mm, 58.5000 mm): Zone '5V_LO Combiner' [/RAIL5V_LO] on PWR, priority 7
    @(99.0000 mm, 58.5000 mm): Zone '5V_LO Combiner' [/RAIL5V_LO] on PWR, priority 7

** Found 0 Footprint errors **

** Ignored checks **
    - Footprint has no courtyard defined
    - Track endpoint not centered on via
    - Tuning profile track geometries
    - Footprint doesn't match symbol's footprint filters
    - Footprint component type doesn't match footprint pads

** End of Report **
