** Drc report for 24pin-module.kicad_pcb **
** Created on 2026-06-01T19:50:53 **
** Report includes: Errors, Warnings, Exclusions **

** Found 120 DRC violations **
[clearance]: Clearance violation (netclass 'Default' clearance 0.2000 mm; actual 0.1950 mm)
    Rule: netclass 'Default'; error
    @(63.1000 mm, 55.9000 mm): Via [Net-(U1-USB_D+)] on F.Cu - B.Cu
    @(49.9594 mm, 56.4950 mm): Track [Net-(U1-IO17)] on F.Cu, length 13.3856 mm
[clearance]: Clearance violation (netclass 'Default' clearance 0.2000 mm; actual 0.0596 mm)
    Rule: netclass 'Default'; error
    @(64.0000 mm, 56.5000 mm): Via [Net-(U1-USB_D-)] on F.Cu - B.Cu
    @(63.3450 mm, 56.4950 mm): Track [Net-(U1-IO17)] on F.Cu, length 3.3305 mm
[clearance]: Clearance violation (netclass 'Power' clearance 0.2500 mm; actual 0.2000 mm)
    Rule: netclass 'Power'; error
    @(41.5000 mm, 42.7000 mm): Pad 1 [GND] of U11 on F.Cu
    @(42.0000 mm, 42.7000 mm): Pad 2 [+3V3] of U11 on F.Cu
[clearance]: Clearance violation (netclass 'Power' clearance 0.2500 mm; actual 0.2000 mm)
    Rule: netclass 'Power'; error
    @(42.0000 mm, 42.7000 mm): Pad 2 [+3V3] of U11 on F.Cu
    @(42.5000 mm, 42.7000 mm): Pad 3 [Net-(U1-IO11)] of U11 on F.Cu
[clearance]: Clearance violation (netclass 'Power' clearance 0.2500 mm; actual 0.2000 mm)
    Rule: netclass 'Power'; error
    @(57.2000 mm, 53.0000 mm): Pad 2 [+3V3] of U13 on F.Cu
    @(57.2000 mm, 52.5000 mm): Pad 3 [Net-(U1-IO13)] of U13 on F.Cu
[clearance]: Clearance violation (netclass 'Power' clearance 0.2500 mm; actual 0.2000 mm)
    Rule: netclass 'Power'; error
    @(54.5000 mm, 26.8000 mm): Pad 6 [+3V3] of U10 on F.Cu
    @(54.0000 mm, 26.8000 mm): Pad 7 [GND] of U10 on F.Cu
[clearance]: Clearance violation (netclass 'Power' clearance 0.2500 mm; actual 0.2000 mm)
    Rule: netclass 'Power'; error
    @(43.5000 mm, 38.3000 mm): Pad 6 [+3V3] of U11 on F.Cu
    @(43.0000 mm, 38.3000 mm): Pad 7 [GND] of U11 on F.Cu
[clearance]: Clearance violation (netclass 'Power' clearance 0.2500 mm; actual 0.2000 mm)
    Rule: netclass 'Power'; error
    @(52.8000 mm, 51.5000 mm): Pad 6 [+3V3] of U13 on F.Cu
    @(52.8000 mm, 52.0000 mm): Pad 7 [GND] of U13 on F.Cu
[clearance]: Clearance violation (netclass 'Power' clearance 0.2500 mm; actual 0.2000 mm)
    Rule: netclass 'Power'; error
    @(66.7000 mm, 37.5000 mm): Pad 1 [+3V3] of U12 on F.Cu
    @(66.7000 mm, 37.0000 mm): Pad 2 [GND] of U12 on F.Cu
[clearance]: Clearance violation (netclass 'Power' clearance 0.2500 mm; actual 0.2000 mm)
    Rule: netclass 'Power'; error
    @(62.3000 mm, 35.5000 mm): Pad 6 [+3V3] of U12 on F.Cu
    @(62.3000 mm, 36.0000 mm): Pad 7 [GND] of U12 on F.Cu
[courtyards_overlap]: Courtyards overlap
    Rule: board setup constraints courtyard; error
    @(34.8400 mm, 66.1500 mm): Footprint J1
    @(64.0000 mm, 69.0000 mm): Footprint U1
[track_width]: Track width (rule 'Power min width' min width 1.0000 mm; actual 0.5000 mm)
    Rule: Power min width; error
    @(64.6000 mm, 57.1000 mm): Track [+3V3] on B.Cu, length 11.3047 mm
[track_width]: Track width (rule 'Power min width' min width 1.0000 mm; actual 0.5000 mm)
    Rule: Power min width; error
    @(64.5314 mm, 57.1000 mm): Track [+3V3] on B.Cu, length 0.0686 mm
[track_width]: Track width (rule 'Power min width' min width 1.0000 mm; actual 0.5000 mm)
    Rule: Power min width; error
    @(64.3314 mm, 57.3000 mm): Track [+3V3] on B.Cu, length 0.2828 mm
[track_width]: Track width (rule 'Power min width' min width 1.0000 mm; actual 0.5000 mm)
    Rule: Power min width; error
    @(63.3686 mm, 57.0000 mm): Track [+3V3] on B.Cu, length 0.4243 mm
[track_width]: Track width (rule 'Power min width' min width 1.0000 mm; actual 0.5000 mm)
    Rule: Power min width; error
    @(72.5936 mm, 65.0936 mm): Track [+3V3] on B.Cu, length 2.4064 mm
[track_width]: Track width (rule 'Power min width' min width 1.0000 mm; actual 0.5000 mm)
    Rule: Power min width; error
    @(59.0000 mm, 57.0000 mm): Track [+3V3] on B.Cu, length 4.3686 mm
[track_width]: Track width (rule 'Power min width' min width 1.0000 mm; actual 0.5000 mm)
    Rule: Power min width; error
    @(63.6686 mm, 57.3000 mm): Track [+3V3] on B.Cu, length 0.6627 mm
[track_width]: Track width (rule 'Power min width' min width 1.0000 mm; actual 0.2000 mm)
    Rule: Power min width; error
    @(44.5000 mm, 38.3000 mm): Track [+3V3] on B.Cu, length 12.6859 mm
[track_width]: Track width (rule 'Power min width' min width 1.0000 mm; actual 0.5000 mm)
    Rule: Power min width; error
    @(75.5000 mm, 60.9900 mm): Track [+3V3] on B.Cu, length 1.5000 mm
[track_width]: Track width (rule 'Power min width' min width 1.0000 mm; actual 0.5000 mm)
    Rule: Power min width; error
    @(75.5000 mm, 64.5936 mm): Track [+3V3] on B.Cu, length 0.7071 mm
[track_width]: Track width (rule 'Power min width' min width 1.0000 mm; actual 0.5000 mm)
    Rule: Power min width; error
    @(75.5000 mm, 60.9900 mm): Track [+3V3] on B.Cu, length 3.6036 mm
[track_width]: Track width (rule 'Power min width' min width 1.0000 mm; actual 0.2000 mm)
    Rule: Power min width; error
    @(54.0200 mm, 50.2800 mm): Track [+3V3] on F.Cu, length 0.7800 mm
[track_width]: Track width (rule 'Power min width' min width 1.0000 mm; actual 0.2000 mm)
    Rule: Power min width; error
    @(52.8000 mm, 51.5000 mm): Track [+3V3] on F.Cu, length 1.7253 mm
[track_width]: Track width (rule 'Power min width' min width 1.0000 mm; actual 0.2000 mm)
    Rule: Power min width; error
    @(59.0000 mm, 55.5000 mm): Track [+3V3] on B.Cu, length 1.5000 mm
[track_width]: Track width (rule 'Power min width' min width 1.0000 mm; actual 0.2000 mm)
    Rule: Power min width; error
    @(59.0000 mm, 55.3000 mm): Track [+3V3] on F.Cu, length 0.2000 mm
[track_width]: Track width (rule 'Power min width' min width 1.0000 mm; actual 0.2000 mm)
    Rule: Power min width; error
    @(57.2000 mm, 53.5000 mm): Track [+3V3] on F.Cu, length 2.5456 mm
[track_width]: Track width (rule 'Power min width' min width 1.0000 mm; actual 0.2000 mm)
    Rule: Power min width; error
    @(57.2000 mm, 53.0000 mm): Track [+3V3] on F.Cu, length 0.5000 mm
[track_width]: Track width (rule 'Power min width' min width 1.0000 mm; actual 0.2000 mm)
    Rule: Power min width; error
    @(55.1281 mm, 53.0000 mm): Track [+3V3] on F.Cu, length 2.0719 mm
[track_width]: Track width (rule 'Power min width' min width 1.0000 mm; actual 0.2000 mm)
    Rule: Power min width; error
    @(52.8000 mm, 51.5000 mm): Track [+3V3] on F.Cu, length 0.8281 mm
[track_width]: Track width (rule 'Power min width' min width 1.0000 mm; actual 0.2000 mm)
    Rule: Power min width; error
    @(53.6281 mm, 51.5000 mm): Track [+3V3] on F.Cu, length 2.1213 mm
[track_width]: Track width (rule 'Power min width' min width 1.0000 mm; actual 0.2000 mm)
    Rule: Power min width; error
    @(65.3000 mm, 37.5000 mm): Track [+3V3] on F.Cu, length 9.2000 mm
[track_width]: Track width (rule 'Power min width' min width 1.0000 mm; actual 0.2000 mm)
    Rule: Power min width; error
    @(65.3000 mm, 28.3000 mm): Track [+3V3] on F.Cu, length 0.4243 mm
[track_width]: Track width (rule 'Power min width' min width 1.0000 mm; actual 0.2000 mm)
    Rule: Power min width; error
    @(54.8000 mm, 28.0000 mm): Track [+3V3] on F.Cu, length 10.2000 mm
[track_width]: Track width (rule 'Power min width' min width 1.0000 mm; actual 0.2000 mm)
    Rule: Power min width; error
    @(54.5000 mm, 27.7000 mm): Track [+3V3] on F.Cu, length 0.4243 mm
[track_width]: Track width (rule 'Power min width' min width 1.0000 mm; actual 0.2000 mm)
    Rule: Power min width; error
    @(54.5000 mm, 26.8000 mm): Track [+3V3] on F.Cu, length 0.9000 mm
[track_width]: Track width (rule 'Power min width' min width 1.0000 mm; actual 0.2000 mm)
    Rule: Power min width; error
    @(59.9859 mm, 35.5000 mm): Track [+3V3] on F.Cu, length 2.3141 mm
[track_width]: Track width (rule 'Power min width' min width 1.0000 mm; actual 0.2000 mm)
    Rule: Power min width; error
    @(43.5000 mm, 38.3000 mm): Track [+3V3] on F.Cu, length 1.0000 mm
[track_width]: Track width (rule 'Power min width' min width 1.0000 mm; actual 0.2000 mm)
    Rule: Power min width; error
    @(57.1859 mm, 38.3000 mm): Track [+3V3] on F.Cu, length 3.9598 mm
[track_width]: Track width (rule 'Power min width' min width 1.0000 mm; actual 0.2000 mm)
    Rule: Power min width; error
    @(42.0000 mm, 40.8000 mm): Track [+3V3] on F.Cu, length 1.9000 mm
[track_width]: Track width (rule 'Power min width' min width 1.0000 mm; actual 0.2000 mm)
    Rule: Power min width; error
    @(43.5000 mm, 38.3000 mm): Track [+3V3] on F.Cu, length 1.0000 mm
[track_width]: Track width (rule 'Power min width' min width 1.0000 mm; actual 0.2000 mm)
    Rule: Power min width; error
    @(43.5000 mm, 39.3000 mm): Track [+3V3] on F.Cu, length 2.1213 mm
[track_width]: Track width (rule 'Power min width' min width 1.0000 mm; actual 0.2000 mm)
    Rule: Power min width; error
    @(65.3000 mm, 37.5000 mm): Track [+3V3] on F.Cu, length 1.4000 mm
[track_width]: Track width (rule 'Power min width' min width 1.0000 mm; actual 0.2000 mm)
    Rule: Power min width; error
    @(63.3000 mm, 35.5000 mm): Track [+3V3] on F.Cu, length 2.8284 mm
[track_width]: Track width (rule 'Power min width' min width 1.0000 mm; actual 0.2000 mm)
    Rule: Power min width; error
    @(62.3000 mm, 35.5000 mm): Track [+3V3] on F.Cu, length 1.0000 mm
[track_width]: Track width (rule 'Power min width' min width 1.0000 mm; actual 0.2000 mm)
    Rule: Power min width; error
    @(54.5000 mm, 27.6281 mm): Track [+3V3] on F.Cu, length 0.8281 mm
[track_width]: Track width (rule 'Power min width' min width 1.0000 mm; actual 0.2000 mm)
    Rule: Power min width; error
    @(54.2531 mm, 27.8750 mm): Track [+3V3] on F.Cu, length 0.3491 mm
[track_width]: Track width (rule 'Power min width' min width 1.0000 mm; actual 0.2000 mm)
    Rule: Power min width; error
    @(36.1250 mm, 27.8750 mm): Track [+3V3] on F.Cu, length 18.1281 mm
[track_width]: Track width (rule 'Power min width' min width 1.0000 mm; actual 0.2000 mm)
    Rule: Power min width; error
    @(19.5000 mm, 44.5000 mm): Track [+3V3] on F.Cu, length 23.5113 mm
[track_width]: Track width (rule 'Power min width' min width 1.0000 mm; actual 0.5000 mm)
    Rule: Power min width; error
    @(21.5000 mm, 17.5200 mm): Track [+3V3] on F.Cu, length 0.7071 mm
[track_width]: Track width (rule 'Power min width' min width 1.0000 mm; actual 0.5000 mm)
    Rule: Power min width; error
    @(42.9050 mm, 57.0950 mm): Track [+3V3] on F.Cu, length 0.5728 mm
[track_width]: Track width (rule 'Power min width' min width 1.0000 mm; actual 0.5000 mm)
    Rule: Power min width; error
    @(21.0000 mm, 18.0200 mm): Track [+3V3] on F.Cu, length 1.4800 mm
[track_width]: Track width (rule 'Power min width' min width 1.0000 mm; actual 0.5000 mm)
    Rule: Power min width; error
    @(76.0000 mm, 69.5000 mm): Track [+3V3] on F.Cu, length 1.2000 mm
[track_width]: Track width (rule 'Power min width' min width 1.0000 mm; actual 0.5000 mm)
    Rule: Power min width; error
    @(19.5000 mm, 10.0200 mm): Track [+3V3] on F.Cu, length 0.0283 mm
[track_width]: Track width (rule 'Power min width' min width 1.0000 mm; actual 0.5000 mm)
    Rule: Power min width; error
    @(19.5300 mm, 9.9500 mm): Track [+3V3] on F.Cu, length 0.0707 mm
[track_width]: Track width (rule 'Power min width' min width 1.0000 mm; actual 0.2000 mm)
    Rule: Power min width; error
    @(51.5000 mm, 70.4900 mm): Track [+3V3] on F.Cu, length 1.9900 mm
[track_width]: Track width (rule 'Power min width' min width 1.0000 mm; actual 0.5000 mm)
    Rule: Power min width; error
    @(76.0000 mm, 70.7000 mm): Track [+3V3] on F.Cu, length 5.0000 mm
[track_width]: Track width (rule 'Power min width' min width 1.0000 mm; actual 0.5000 mm)
    Rule: Power min width; error
    @(79.7250 mm, 69.4000 mm): Track [+3V3] on F.Cu, length 1.8385 mm
[track_width]: Track width (rule 'Power min width' min width 1.0000 mm; actual 0.5000 mm)
    Rule: Power min width; error
    @(78.4250 mm, 70.7000 mm): Track [+3V3] on F.Cu, length 2.4250 mm
[track_width]: Track width (rule 'Power min width' min width 1.0000 mm; actual 0.5000 mm)
    Rule: Power min width; error
    @(21.5000 mm, 16.5000 mm): Track [+3V3] on F.Cu, length 1.0200 mm
[track_width]: Track width (rule 'Power min width' min width 1.0000 mm; actual 0.5000 mm)
    Rule: Power min width; error
    @(19.5000 mm, 44.5000 mm): Track [+3V3] on F.Cu, length 18.0000 mm
[track_width]: Track width (rule 'Power min width' min width 1.0000 mm; actual 0.5000 mm)
    Rule: Power min width; error
    @(21.3625 mm, 9.9500 mm): Track [+3V3] on F.Cu, length 1.8325 mm
[track_width]: Track width (rule 'Power min width' min width 1.0000 mm; actual 0.5000 mm)
    Rule: Power min width; error
    @(19.5200 mm, 18.0200 mm): Track [+3V3] on F.Cu, length 0.0283 mm
[track_width]: Track width (rule 'Power min width' min width 1.0000 mm; actual 0.5000 mm)
    Rule: Power min width; error
    @(75.0000 mm, 68.5000 mm): Track [+3V3] on F.Cu, length 1.4142 mm
[track_width]: Track width (rule 'Power min width' min width 1.0000 mm; actual 0.5000 mm)
    Rule: Power min width; error
    @(46.0250 mm, 57.0950 mm): Track [+3V3] on F.Cu, length 3.1200 mm
[track_width]: Track width (rule 'Power min width' min width 1.0000 mm; actual 0.5000 mm)
    Rule: Power min width; error
    @(19.5000 mm, 11.5000 mm): Track [+3V3] on F.Cu, length 1.4800 mm
[track_width]: Track width (rule 'Power min width' min width 1.0000 mm; actual 0.5000 mm)
    Rule: Power min width; error
    @(43.0000 mm, 57.0000 mm): Track [+3V3] on B.Cu, length 5.0000 mm
[track_width]: Track width (rule 'Power min width' min width 1.0000 mm; actual 0.5000 mm)
    Rule: Power min width; error
    @(19.5000 mm, 62.5000 mm): Track [+3V3] on B.Cu, length 5.3033 mm
[track_width]: Track width (rule 'Power min width' min width 1.0000 mm; actual 0.5000 mm)
    Rule: Power min width; error
    @(48.0000 mm, 57.0000 mm): Track [+3V3] on B.Cu, length 3.0000 mm
[track_width]: Track width (rule 'Power min width' min width 1.0000 mm; actual 0.2000 mm)
    Rule: Power min width; error
    @(51.5000 mm, 57.5000 mm): Track [+3V3] on B.Cu, length 0.7071 mm
[track_width]: Track width (rule 'Power min width' min width 1.0000 mm; actual 0.5000 mm)
    Rule: Power min width; error
    @(43.6186 mm, 58.7500 mm): Track [+3V3] on B.Cu, length 8.5560 mm
[track_width]: Track width (rule 'Power min width' min width 1.0000 mm; actual 0.5000 mm)
    Rule: Power min width; error
    @(19.5000 mm, 11.5000 mm): Track [+3V3] on B.Cu, length 6.5000 mm
[track_width]: Track width (rule 'Power min width' min width 1.0000 mm; actual 0.5000 mm)
    Rule: Power min width; error
    @(42.5000 mm, 57.5000 mm): Track [+3V3] on B.Cu, length 0.7071 mm
[track_width]: Track width (rule 'Power min width' min width 1.0000 mm; actual 0.5000 mm)
    Rule: Power min width; error
    @(50.3314 mm, 64.8000 mm): Track [+3V3] on B.Cu, length 0.6627 mm
[track_width]: Track width (rule 'Power min width' min width 1.0000 mm; actual 0.5000 mm)
    Rule: Power min width; error
    @(23.2500 mm, 58.7500 mm): Track [+3V3] on B.Cu, length 20.3686 mm
[track_width]: Track width (rule 'Power min width' min width 1.0000 mm; actual 0.5000 mm)
    Rule: Power min width; error
    @(51.0000 mm, 57.0000 mm): Track [+3V3] on B.Cu, length 8.0000 mm
[track_width]: Track width (rule 'Power min width' min width 1.0000 mm; actual 0.5000 mm)
    Rule: Power min width; error
    @(49.6686 mm, 64.8000 mm): Track [+3V3] on B.Cu, length 0.6627 mm
[track_width]: Track width (rule 'Power min width' min width 1.0000 mm; actual 0.5000 mm)
    Rule: Power min width; error
    @(50.8000 mm, 64.3314 mm): Track [+3V3] on B.Cu, length 4.5314 mm
[track_width]: Track width (rule 'Power min width' min width 1.0000 mm; actual 0.5000 mm)
    Rule: Power min width; error
    @(19.5000 mm, 18.0000 mm): Track [+3V3] on B.Cu, length 26.5000 mm
[track_width]: Track width (rule 'Power min width' min width 1.0000 mm; actual 0.5000 mm)
    Rule: Power min width; error
    @(50.8000 mm, 59.8000 mm): Track [+3V3] on B.Cu, length 3.9598 mm
[track_width]: Track width (rule 'Power min width' min width 1.0000 mm; actual 0.2000 mm)
    Rule: Power min width; error
    @(51.5000 mm, 68.5000 mm): Track [+3V3] on B.Cu, length 11.0000 mm
[track_width]: Track width (rule 'Power min width' min width 1.0000 mm; actual 0.5000 mm)
    Rule: Power min width; error
    @(75.0000 mm, 65.0936 mm): Track [+3V3] on B.Cu, length 3.4064 mm
[track_width]: Track width (rule 'Power min width' min width 1.0000 mm; actual 0.5000 mm)
    Rule: Power min width; error
    @(52.8650 mm, 58.3650 mm): Track [+5VSB] on F.Cu, length 0.1909 mm
[track_width]: Track width (rule 'Power min width' min width 1.0000 mm; actual 0.5000 mm)
    Rule: Power min width; error
    @(85.5000 mm, 70.0000 mm): Track [+5VSB] on F.Cu, length 2.9000 mm
[track_width]: Track width (rule 'Power min width' min width 1.0000 mm; actual 0.5000 mm)
    Rule: Power min width; error
    @(81.5000 mm, 62.0000 mm): Track [+5VSB] on F.Cu, length 2.0000 mm
[track_width]: Track width (rule 'Power min width' min width 1.0000 mm; actual 0.5000 mm)
    Rule: Power min width; error
    @(82.6000 mm, 70.0000 mm): Track [+5VSB] on F.Cu, length 0.8485 mm
[track_width]: Track width (rule 'Power min width' min width 1.0000 mm; actual 0.5000 mm)
    Rule: Power min width; error
    @(53.0400 mm, 58.5400 mm): Track [+5VSB] on F.Cu, length 0.4600 mm
[track_width]: Track width (rule 'Power min width' min width 1.0000 mm; actual 0.5000 mm)
    Rule: Power min width; error
    @(50.9750 mm, 58.3650 mm): Track [+5VSB] on F.Cu, length 1.5250 mm
[track_width]: Track width (rule 'Power min width' min width 1.0000 mm; actual 0.5000 mm)
    Rule: Power min width; error
    @(81.5000 mm, 64.0000 mm): Track [+5VSB] on F.Cu, length 4.9497 mm
[track_width]: Track width (rule 'Power min width' min width 1.0000 mm; actual 0.5000 mm)
    Rule: Power min width; error
    @(52.8650 mm, 58.3650 mm): Track [+5VSB] on F.Cu, length 0.2475 mm
[track_width]: Track width (rule 'Power min width' min width 1.0000 mm; actual 0.5000 mm)
    Rule: Power min width; error
    @(85.5000 mm, 70.0000 mm): Track [+5VSB] on F.Cu, length 2.0000 mm
[track_width]: Track width (rule 'Power min width' min width 1.0000 mm; actual 0.5000 mm)
    Rule: Power min width; error
    @(52.5000 mm, 58.3650 mm): Track [+5VSB] on F.Cu, length 0.3650 mm
[track_width]: Track width (rule 'Power min width' min width 1.0000 mm; actual 0.5000 mm)
    Rule: Power min width; error
    @(85.0000 mm, 67.5000 mm): Track [+5VSB] on F.Cu, length 3.0000 mm
[track_width]: Track width (rule 'Power min width' min width 1.0000 mm; actual 0.5000 mm)
    Rule: Power min width; error
    @(85.5000 mm, 68.0000 mm): Track [+5VSB] on F.Cu, length 0.7071 mm
[track_width]: Track width (rule 'Power min width' min width 1.0000 mm; actual 0.5000 mm)
    Rule: Power min width; error
    @(53.0000 mm, 58.5000 mm): Track [+5VSB] on B.Cu, length 11.5000 mm
[via_dangling]: Via is not connected or connected on only one layer
    Local override; warning
    @(74.5000 mm, 63.0500 mm): Via [Net-(U1-IO8)] on F.Cu - B.Cu
[via_dangling]: Via is not connected or connected on only one layer
    Local override; warning
    @(74.0000 mm, 62.2000 mm): Via [Net-(U1-IO9)] on F.Cu - B.Cu
[via_dangling]: Via is not connected or connected on only one layer
    Local override; warning
    @(61.5000 mm, 55.5000 mm): Via [Net-(U1-IO21)] on F.Cu - B.Cu
[silk_edge_clearance]: Silkscreen clipped by board edge
    Rule: board setup constraints silk; warning
    @(0.0000 mm, 0.0000 mm): Rectangle on Edge.Cuts
    @(89.9200 mm, 75.7850 mm): Segment of J5 on F.Silkscreen
[silk_edge_clearance]: Silkscreen clipped by board edge
    Rule: board setup constraints silk; warning
    @(0.0000 mm, 0.0000 mm): Rectangle on Edge.Cuts
    @(99.0800 mm, 74.0800 mm): Segment of J5 on F.Silkscreen
[silk_edge_clearance]: Silkscreen clipped by board edge
    Rule: board setup constraints silk; warning
    @(0.0000 mm, 0.0000 mm): Rectangle on Edge.Cuts
    @(-5.8100 mm, 11.5900 mm): Segment of J3 on F.Silkscreen
[silk_edge_clearance]: Silkscreen clipped by board edge
    Rule: board setup constraints silk; warning
    @(0.0000 mm, 0.0000 mm): Rectangle on Edge.Cuts
    @(-5.8100 mm, 63.4100 mm): Segment of J3 on F.Silkscreen
[silk_edge_clearance]: Silkscreen clipped by board edge
    Rule: board setup constraints silk; warning
    @(0.0000 mm, 0.0000 mm): Rectangle on Edge.Cuts
    @(19.1900 mm, 80.8650 mm): Segment of J2 on F.Silkscreen
[silk_edge_clearance]: Silkscreen clipped by board edge
    Rule: board setup constraints silk; warning
    @(0.0000 mm, 0.0000 mm): Rectangle on Edge.Cuts
    @(26.8100 mm, 80.8650 mm): Segment of J2 on F.Silkscreen
[silk_edge_clearance]: Silkscreen clipped by board edge
    Rule: board setup constraints silk; warning
    @(0.0000 mm, 0.0000 mm): Rectangle on Edge.Cuts
    @(21.5000 mm, 74.7550 mm): Rectangle of J2 on F.Silkscreen
[silk_edge_clearance]: Silkscreen clipped by board edge
    Rule: board setup constraints silk; warning
    @(0.0000 mm, 0.0000 mm): Rectangle on Edge.Cuts
    @(24.0000 mm, 74.7550 mm): Rectangle of J2 on F.Silkscreen
[silk_edge_clearance]: Silkscreen clipped by board edge
    Rule: board setup constraints silk; warning
    @(0.0000 mm, 0.0000 mm): Rectangle on Edge.Cuts
    @(31.5250 mm, 62.2700 mm): Segment of J1 on F.Silkscreen
[silk_edge_clearance]: Silkscreen clipped by board edge
    Rule: board setup constraints silk; warning
    @(0.0000 mm, 0.0000 mm): Rectangle on Edge.Cuts
    @(47.0450 mm, 62.2700 mm): Segment of J1 on F.Silkscreen
[silk_edge_clearance]: Silkscreen clipped by board edge
    Rule: board setup constraints silk; warning
    @(0.0000 mm, 0.0000 mm): Rectangle on Edge.Cuts
    @(115.5100 mm, 11.5900 mm): Segment of J4 on F.Silkscreen
[silk_edge_clearance]: Silkscreen clipped by board edge
    Rule: board setup constraints silk; warning
    @(0.0000 mm, 0.0000 mm): Rectangle on Edge.Cuts
    @(115.5100 mm, 63.4100 mm): Segment of J4 on F.Silkscreen
[silk_edge_clearance]: Silkscreen clipped by board edge
    Rule: board setup constraints silk; warning
    @(0.0000 mm, 0.0000 mm): Rectangle on Edge.Cuts
    @(56.2000 mm, 79.3500 mm): Segment of U1 on F.Silkscreen
[silk_edge_clearance]: Silkscreen clipped by board edge
    Rule: board setup constraints silk; warning
    @(0.0000 mm, 0.0000 mm): Rectangle on Edge.Cuts
    @(71.8000 mm, 58.6500 mm): Segment of U1 on F.Silkscreen
[holes_co_located]: Drilled holes co-located
    Local override; warning
    @(63.0000 mm, 29.9000 mm): Via [Net-(U1-IO8)] on F.Cu - B.Cu
    @(63.0000 mm, 29.9000 mm): Via [Net-(U1-IO8)] on F.Cu - B.Cu
[hole_to_hole]: Drilled hole too close to other hole (board setup constraints min 0.2495 mm; actual 0.2000 mm)
    Rule: board setup constraints; warning
    @(59.0000 mm, 47.5000 mm): Via [/RAIL5VSB_LO] on F.Cu - B.Cu
    @(59.5000 mm, 47.5000 mm): Via [/RAIL5VSB_LO] on F.Cu - B.Cu
[hole_to_hole]: Drilled hole too close to other hole (board setup constraints min 0.2495 mm; actual 0.2000 mm)
    Rule: board setup constraints; warning
    @(58.5000 mm, 47.5000 mm): Via [/RAIL5VSB_LO] on F.Cu - B.Cu
    @(59.0000 mm, 47.5000 mm): Via [/RAIL5VSB_LO] on F.Cu - B.Cu
[hole_to_hole]: Drilled hole too close to other hole (board setup constraints min 0.2495 mm; actual 0.2000 mm)
    Rule: board setup constraints; warning
    @(58.5000 mm, 47.5000 mm): Via [/RAIL5VSB_LO] on F.Cu - B.Cu
    @(58.0000 mm, 47.5000 mm): Via [/RAIL5VSB_LO] on F.Cu - B.Cu
[holes_co_located]: Drilled holes co-located
    Local override; warning
    @(94.0000 mm, 64.0000 mm): Via [Net-(U1-USB_D+)] on F.Cu - B.Cu
    @(94.0000 mm, 64.0000 mm): Via [Net-(U1-USB_D+)] on F.Cu - B.Cu
[lib_footprint_mismatch]: Footprint 'RJ45_Amphenol_54602-x08_Horizontal' does not match copy in library 'cec-Connector_RJ'
    Local override; warning
    @(34.8400 mm, 66.1500 mm): Footprint J1
[silk_overlap]: Silkscreen clearance
    Rule: board setup constraints silk; warning
    @(53.3900 mm, 50.8900 mm): Segment of U13 on F.Silkscreen
    @(54.5000 mm, 50.6600 mm): Reference field of C13
[silk_overlap]: Silkscreen clearance
    Rule: board setup constraints silk; warning
    @(53.3900 mm, 51.0900 mm): Segment of U13 on F.Silkscreen
    @(54.5000 mm, 50.6600 mm): Reference field of C13

** Found 2 unconnected pads **
[unconnected_items]: Missing connection between items
    Local override; error
    @(46.0000 mm, 38.5200 mm): Pad 1 [+3V3] of C11 on F.Cu
    @(44.5000 mm, 38.3000 mm): Track [+3V3] on B.Cu, length 12.6859 mm
[unconnected_items]: Missing connection between items
    Local override; error
    @(99.0000 mm, 58.5000 mm): Zone '5V_LO Combiner' [/RAIL5V_LO] on PWR, priority 7
    @(99.0000 mm, 58.5000 mm): Zone '5V_LO Combiner' [/RAIL5V_LO] on PWR, priority 7

** Found 0 Footprint errors **

** Ignored checks **
    - Footprint has no courtyard defined
    - Track endpoint not centered on via
    - Tuning profile track geometries
    - Footprint doesn't match symbol's footprint filters
    - Footprint component type doesn't match footprint pads

** End of Report **
