ERC report (2026-05-30T09:46:50, Encoding UTF8)
Report includes: Errors, Warnings, Exclusions

***** Sheet /
[pin_not_connected]: Pin not connected
    ; error
    @(1600 mils, 1450 mils): Symbol J1 Pin 4 [STREAM_P, Passive, Line]
[pin_not_connected]: Pin not connected
    ; error
    @(1600 mils, 1550 mils): Symbol J1 Pin 5 [STREAM_N, Passive, Line]
[pin_not_connected]: Pin not connected
    ; error
    @(1600 mils, 1750 mils): Symbol J1 Pin 7 [AUX_REF, Passive, Line]
[pin_not_connected]: Pin not connected
    ; error
    @(2400 mils, 1450 mils): Symbol J1 Pin SH1 [SHIELD, Passive, Line]
[pin_not_connected]: Pin not connected
    ; error
    @(2400 mils, 1550 mils): Symbol J1 Pin SH2 [SHIELD, Passive, Line]
[pin_not_connected]: Pin not connected
    ; error
    @(4100 mils, 800 mils): Symbol U1 Pin 5 [IO1, Bidirectional, Line]
[pin_not_connected]: Pin not connected
    ; error
    @(4100 mils, 900 mils): Symbol U1 Pin 6 [IO2, Bidirectional, Line]
[pin_not_connected]: Pin not connected
    ; error
    @(4100 mils, 1000 mils): Symbol U1 Pin 7 [IO3, Bidirectional, Line]
[pin_not_connected]: Pin not connected
    ; error
    @(4100 mils, 1100 mils): Symbol U1 Pin 8 [IO4, Bidirectional, Line]
[pin_not_connected]: Pin not connected
    ; error
    @(4100 mils, 1200 mils): Symbol U1 Pin 9 [IO5, Bidirectional, Line]
[pin_not_connected]: Pin not connected
    ; error
    @(4100 mils, 1300 mils): Symbol U1 Pin 10 [IO6, Bidirectional, Line]
[pin_not_connected]: Pin not connected
    ; error
    @(4100 mils, 1400 mils): Symbol U1 Pin 11 [IO7, Bidirectional, Line]
[pin_not_connected]: Pin not connected
    ; error
    @(4100 mils, 1700 mils): Symbol U1 Pin 14 [IO10, Bidirectional, Line]
[pin_not_connected]: Pin not connected
    ; error
    @(4100 mils, 1800 mils): Symbol U1 Pin 15 [IO11, Bidirectional, Line]
[pin_not_connected]: Pin not connected
    ; error
    @(4100 mils, 1900 mils): Symbol U1 Pin 16 [IO12, Bidirectional, Line]
[pin_not_connected]: Pin not connected
    ; error
    @(4100 mils, 2000 mils): Symbol U1 Pin 17 [IO13, Bidirectional, Line]
[pin_not_connected]: Pin not connected
    ; error
    @(4100 mils, 2100 mils): Symbol U1 Pin 18 [IO14, Bidirectional, Line]
[pin_not_connected]: Pin not connected
    ; error
    @(4100 mils, 2200 mils): Symbol U1 Pin 19 [IO15, Bidirectional, Line]
[pin_not_connected]: Pin not connected
    ; error
    @(4100 mils, 2300 mils): Symbol U1 Pin 20 [IO16, Bidirectional, Line]
[power_pin_not_driven]: Input Power pin not driven by any Output Power pins
    ; error
    @(4700 mils, 2700 mils): Symbol U1 Pin 1 [GND, Power input, Line]
[pin_not_connected]: Pin not connected
    ; error
    @(5100 mils, 9600 mils): Symbol U10 Pin 3 [~{Alert}, Open collector, Line]
[pin_not_connected]: Pin not connected
    ; error
    @(5100 mils, 13500 mils): Symbol U12 Pin 3 [~{Alert}, Open collector, Line]
[pin_not_connected]: Pin not connected
    ; error
    @(5300 mils, 500 mils): Symbol U1 Pin 39 [TXD0, Bidirectional, Line]
[pin_not_connected]: Pin not connected
    ; error
    @(5300 mils, 600 mils): Symbol U1 Pin 40 [RXD0, Bidirectional, Line]
[pin_not_connected]: Pin not connected
    ; error
    @(5300 mils, 800 mils): Symbol U1 Pin 23 [USB_D-, Bidirectional, Line]
[pin_not_connected]: Pin not connected
    ; error
    @(5300 mils, 900 mils): Symbol U1 Pin 24 [USB_D+, Bidirectional, Line]
[pin_not_connected]: Pin not connected
    ; error
    @(5300 mils, 1000 mils): Symbol U1 Pin 25 [IO21, Bidirectional, Line]
[pin_not_connected]: Pin not connected
    ; error
    @(5300 mils, 1100 mils): Symbol U1 Pin 26 [IO26, Bidirectional, Line]
[pin_not_connected]: Pin not connected
    ; error
    @(5300 mils, 1200 mils): Symbol U1 Pin 28 [IO33, Bidirectional, Line]
[pin_not_connected]: Pin not connected
    ; error
    @(5300 mils, 1300 mils): Symbol U1 Pin 29 [IO34, Bidirectional, Line]
[pin_not_connected]: Pin not connected
    ; error
    @(5300 mils, 1400 mils): Symbol U1 Pin 31 [IO35, Bidirectional, Line]
[pin_not_connected]: Pin not connected
    ; error
    @(5300 mils, 1500 mils): Symbol U1 Pin 32 [IO36, Bidirectional, Line]
[pin_not_connected]: Pin not connected
    ; error
    @(5300 mils, 1600 mils): Symbol U1 Pin 33 [IO37, Bidirectional, Line]
[pin_not_connected]: Pin not connected
    ; error
    @(5300 mils, 1700 mils): Symbol U1 Pin 34 [IO38, Bidirectional, Line]
[pin_not_connected]: Pin not connected
    ; error
    @(5300 mils, 1800 mils): Symbol U1 Pin 35 [IO39, Bidirectional, Line]
[pin_not_connected]: Pin not connected
    ; error
    @(5300 mils, 1900 mils): Symbol U1 Pin 36 [IO40, Bidirectional, Line]
[pin_not_connected]: Pin not connected
    ; error
    @(5300 mils, 2000 mils): Symbol U1 Pin 37 [IO41, Bidirectional, Line]
[pin_not_connected]: Pin not connected
    ; error
    @(5300 mils, 2100 mils): Symbol U1 Pin 38 [IO42, Bidirectional, Line]
[pin_not_connected]: Pin not connected
    ; error
    @(5300 mils, 2200 mils): Symbol U1 Pin 41 [IO45, Bidirectional, Line]
[pin_not_connected]: Pin not connected
    ; error
    @(5300 mils, 2300 mils): Symbol U1 Pin 44 [IO46, Bidirectional, Line]
[pin_not_connected]: Pin not connected
    ; error
    @(5300 mils, 2400 mils): Symbol U1 Pin 27 [IO47, Bidirectional, Line]
[pin_not_connected]: Pin not connected
    ; error
    @(5300 mils, 2500 mils): Symbol U1 Pin 30 [IO48, Bidirectional, Line]
[power_pin_not_driven]: Input Power pin not driven by any Output Power pins
    ; error
    @(7400 mils, 1100 mils): Symbol U2 Pin 3 [VCC, Power input, Line]
[pin_not_connected]: Pin not connected
    ; error
    @(13200 mils, 9600 mils): Symbol U11 Pin 3 [~{Alert}, Open collector, Line]
[pin_not_connected]: Pin not connected
    ; error
    @(13200 mils, 13500 mils): Symbol U13 Pin 3 [~{Alert}, Open collector, Line]
[lib_symbol_mismatch]: Symbol 'R_Small' doesn't match copy in library 'cec-vendor'
    ; warning
    @(2000 mils, 5400 mils): Symbol R3 [R_Small]
[lib_symbol_mismatch]: Symbol 'C_Small' doesn't match copy in library 'cec-vendor'
    ; warning
    @(2000 mils, 9300 mils): Symbol C5 [C_Small]
[lib_symbol_mismatch]: Symbol 'C_Small' doesn't match copy in library 'cec-vendor'
    ; warning
    @(2000 mils, 13200 mils): Symbol C11 [C_Small]
[lib_symbol_mismatch]: Symbol 'C_Small' doesn't match copy in library 'cec-vendor'
    ; warning
    @(2000 mils, 17100 mils): Symbol C13 [C_Small]
[isolated_pin_label]: Label connected to only one pin
    ; warning
    @(4100 mils, 700 mils): Label 'GPIO0'
[lib_symbol_mismatch]: Symbol 'R_Small' doesn't match copy in library 'cec-vendor'
    ; warning
    @(4700 mils, 5400 mils): Symbol R4 [R_Small]
[lib_symbol_mismatch]: Symbol 'C_Small' doesn't match copy in library 'cec-vendor'
    ; warning
    @(7400 mils, 5400 mils): Symbol C1 [C_Small]
[lib_symbol_mismatch]: Symbol 'R_Small' doesn't match copy in library 'cec-vendor'
    ; warning
    @(7400 mils, 9300 mils): Symbol RS1 [R_Small]
[lib_symbol_mismatch]: Symbol 'R_Small' doesn't match copy in library 'cec-vendor'
    ; warning
    @(7400 mils, 13200 mils): Symbol RS3 [R_Small]
[lib_symbol_mismatch]: Symbol 'C_Small' doesn't match copy in library 'cec-vendor'
    ; warning
    @(10100 mils, 5400 mils): Symbol C2 [C_Small]
[lib_symbol_mismatch]: Symbol 'C_Small' doesn't match copy in library 'cec-vendor'
    ; warning
    @(10100 mils, 9300 mils): Symbol C10 [C_Small]
[lib_symbol_mismatch]: Symbol 'C_Small' doesn't match copy in library 'cec-vendor'
    ; warning
    @(10100 mils, 13200 mils): Symbol C12 [C_Small]
[lib_symbol_mismatch]: Symbol 'R_Small' doesn't match copy in library 'cec-vendor'
    ; warning
    @(12800 mils, 1500 mils): Symbol R1 [R_Small]
[lib_symbol_mismatch]: Symbol 'C_Small' doesn't match copy in library 'cec-vendor'
    ; warning
    @(12800 mils, 5400 mils): Symbol C3 [C_Small]
[lib_symbol_mismatch]: Symbol 'R_Small' doesn't match copy in library 'cec-vendor'
    ; warning
    @(15500 mils, 1500 mils): Symbol R2 [R_Small]
[lib_symbol_mismatch]: Symbol 'C_Small' doesn't match copy in library 'cec-vendor'
    ; warning
    @(15500 mils, 5400 mils): Symbol C4 [C_Small]
[lib_symbol_mismatch]: Symbol 'R_Small' doesn't match copy in library 'cec-vendor'
    ; warning
    @(15500 mils, 9300 mils): Symbol RS2 [R_Small]
[lib_symbol_mismatch]: Symbol 'R_Small' doesn't match copy in library 'cec-vendor'
    ; warning
    @(15500 mils, 13200 mils): Symbol RS4 [R_Small]

 ** ERC messages: 63  Errors 45  Warnings 18

 ** Ignored checks:
    - Global label only appears once in the schematic
    - Four connection points are joined together
    - SPICE model issue
    - Assigned footprint doesn't match footprint filters
