ERC report (2026-05-30T10:07:37, Encoding UTF8)
Report includes: Errors, Warnings, Exclusions

***** Sheet /
[pin_not_connected]: Pin not connected
    ; error
    @(2100 mils, 1650 mils): Symbol J1 Pin 1 [VCC, Passive, Line]
[pin_not_connected]: Pin not connected
    ; error
    @(2100 mils, 1750 mils): Symbol J1 Pin 2 [GND, Passive, Line]
[pin_not_connected]: Pin not connected
    ; error
    @(2100 mils, 1850 mils): Symbol J1 Pin 3 [CAN1_H, Passive, Line]
[pin_not_connected]: Pin not connected
    ; error
    @(2100 mils, 1950 mils): Symbol J1 Pin 4 [STREAM_P, Passive, Line]
[pin_not_connected]: Pin not connected
    ; error
    @(2100 mils, 2050 mils): Symbol J1 Pin 5 [STREAM_N, Passive, Line]
[pin_not_connected]: Pin not connected
    ; error
    @(2100 mils, 2150 mils): Symbol J1 Pin 6 [CAN1_L, Passive, Line]
[pin_not_connected]: Pin not connected
    ; error
    @(2100 mils, 2250 mils): Symbol J1 Pin 7 [AUX_REF, Passive, Line]
[pin_not_connected]: Pin not connected
    ; error
    @(2100 mils, 2350 mils): Symbol J1 Pin 8 [DETECT, Passive, Line]
[pin_not_connected]: Pin not connected
    ; error
    @(2200 mils, 23950 mils): Symbol J2 Pin 1 [VCC, Passive, Line]
[pin_not_connected]: Pin not connected
    ; error
    @(2200 mils, 24050 mils): Symbol J2 Pin 2 [GND, Passive, Line]
[label_dangling]: Label not connected
    ; error
    @(2450 mils, 1850 mils): Label 'CAN_H'
[label_dangling]: Label not connected
    ; error
    @(2450 mils, 2150 mils): Label 'CAN_L'
[pin_not_connected]: Pin not connected
    ; error
    @(2500 mils, 6300 mils): Symbol R2 Pin 1 [~, Passive, Line]
[pin_not_connected]: Pin not connected
    ; error
    @(2500 mils, 6500 mils): Symbol R2 Pin 2 [~, Passive, Line]
[pin_not_connected]: Pin not connected
    ; error
    @(2500 mils, 10700 mils): Symbol C3 Pin 1 [~, Passive, Line]
[pin_not_connected]: Pin not connected
    ; error
    @(2500 mils, 10900 mils): Symbol C3 Pin 2 [~, Passive, Line]
[pin_not_connected]: Pin not connected
    ; error
    @(2500 mils, 15100 mils): Symbol C10 Pin 1 [~, Passive, Line]
[pin_not_connected]: Pin not connected
    ; error
    @(2500 mils, 15300 mils): Symbol C10 Pin 2 [~, Passive, Line]
[pin_not_connected]: Pin not connected
    ; error
    @(2500 mils, 19500 mils): Symbol RS3 Pin 1 [~, Passive, Line]
[label_dangling]: Label not connected
    ; error
    @(2500 mils, 19520 mils): Label 'RAIL3V3_LO'
[label_dangling]: Label not connected
    ; error
    @(2500 mils, 19680 mils): Label 'RAIL3V3_HI'
[pin_not_connected]: Pin not connected
    ; error
    @(2500 mils, 19700 mils): Symbol RS3 Pin 2 [~, Passive, Line]
[pin_to_pin]: Pins of type Power output and Power output are connected
    ; error
    @(2600 mils, 1650 mils): Symbol #FLG6642 Pin 1 [~, Power output, Line]
    @(2600 mils, 1750 mils): Symbol #FLG6644 Pin 1 [~, Power output, Line]
[pin_not_connected]: Pin not connected
    ; error
    @(2900 mils, 1950 mils): Symbol J1 Pin SH1 [SHIELD, Passive, Line]
[pin_not_connected]: Pin not connected
    ; error
    @(2900 mils, 2050 mils): Symbol J1 Pin SH2 [SHIELD, Passive, Line]
[pin_not_connected]: Pin not connected
    ; error
    @(5100 mils, 1000 mils): Symbol U1 Pin 45 [EN, Input, Line]
[pin_not_driven]: Input pin not driven by any Output pins
    ; error
    @(5100 mils, 1000 mils): Symbol U1 Pin 45 [EN, Input, Line]
[pin_not_connected]: Pin not connected
    ; error
    @(5100 mils, 1200 mils): Symbol U1 Pin 4 [IO0, Bidirectional, Line]
[pin_not_connected]: Pin not connected
    ; error
    @(5100 mils, 1300 mils): Symbol U1 Pin 5 [IO1, Bidirectional, Line]
[pin_not_connected]: Pin not connected
    ; error
    @(5100 mils, 1400 mils): Symbol U1 Pin 6 [IO2, Bidirectional, Line]
[pin_not_connected]: Pin not connected
    ; error
    @(5100 mils, 1500 mils): Symbol U1 Pin 7 [IO3, Bidirectional, Line]
[pin_not_connected]: Pin not connected
    ; error
    @(5100 mils, 1600 mils): Symbol U1 Pin 8 [IO4, Bidirectional, Line]
[pin_not_connected]: Pin not connected
    ; error
    @(5100 mils, 1700 mils): Symbol U1 Pin 9 [IO5, Bidirectional, Line]
[pin_not_connected]: Pin not connected
    ; error
    @(5100 mils, 1800 mils): Symbol U1 Pin 10 [IO6, Bidirectional, Line]
[pin_not_connected]: Pin not connected
    ; error
    @(5100 mils, 1900 mils): Symbol U1 Pin 11 [IO7, Bidirectional, Line]
[pin_not_connected]: Pin not connected
    ; error
    @(5100 mils, 2000 mils): Symbol U1 Pin 12 [IO8, Bidirectional, Line]
[pin_not_connected]: Pin not connected
    ; error
    @(5100 mils, 2100 mils): Symbol U1 Pin 13 [IO9, Bidirectional, Line]
[pin_not_connected]: Pin not connected
    ; error
    @(5100 mils, 2200 mils): Symbol U1 Pin 14 [IO10, Bidirectional, Line]
[pin_not_connected]: Pin not connected
    ; error
    @(5100 mils, 2300 mils): Symbol U1 Pin 15 [IO11, Bidirectional, Line]
[pin_not_connected]: Pin not connected
    ; error
    @(5100 mils, 2400 mils): Symbol U1 Pin 16 [IO12, Bidirectional, Line]
[pin_not_connected]: Pin not connected
    ; error
    @(5100 mils, 2500 mils): Symbol U1 Pin 17 [IO13, Bidirectional, Line]
[pin_not_connected]: Pin not connected
    ; error
    @(5100 mils, 2600 mils): Symbol U1 Pin 18 [IO14, Bidirectional, Line]
[pin_not_connected]: Pin not connected
    ; error
    @(5100 mils, 2700 mils): Symbol U1 Pin 19 [IO15, Bidirectional, Line]
[pin_not_connected]: Pin not connected
    ; error
    @(5100 mils, 2800 mils): Symbol U1 Pin 20 [IO16, Bidirectional, Line]
[pin_not_connected]: Pin not connected
    ; error
    @(5100 mils, 2900 mils): Symbol U1 Pin 21 [IO17, Bidirectional, Line]
[pin_not_connected]: Pin not connected
    ; error
    @(5100 mils, 3000 mils): Symbol U1 Pin 22 [IO18, Bidirectional, Line]
[pin_not_connected]: Pin not connected
    ; error
    @(5300 mils, 14900 mils): Symbol U11 Pin 8 [Vbus, Input, Line]
[pin_not_driven]: Input pin not driven by any Output pins
    ; error
    @(5300 mils, 14900 mils): Symbol U11 Pin 8 [Vbus, Input, Line]
[pin_not_connected]: Pin not connected
    ; error
    @(5300 mils, 15300 mils): Symbol U11 Pin 10 [Vin+, Input, Line]
[pin_not_driven]: Input pin not driven by any Output pins
    ; error
    @(5300 mils, 15300 mils): Symbol U11 Pin 10 [Vin+, Input, Line]
[pin_not_connected]: Pin not connected
    ; error
    @(5300 mils, 15400 mils): Symbol U11 Pin 9 [Vin-, Input, Line]
[pin_not_driven]: Input pin not driven by any Output pins
    ; error
    @(5300 mils, 15400 mils): Symbol U11 Pin 9 [Vin-, Input, Line]
[label_dangling]: Label not connected
    ; error
    @(5350 mils, 1200 mils): Label 'GPIO0'
[label_dangling]: Label not connected
    ; error
    @(5350 mils, 2900 mils): Label 'CAN_TX'
[label_dangling]: Label not connected
    ; error
    @(5350 mils, 3000 mils): Label 'CAN_RX'
[label_dangling]: Label not connected
    ; error
    @(5550 mils, 14900 mils): Label 'RAIL5V_LO'
[label_dangling]: Label not connected
    ; error
    @(5550 mils, 15300 mils): Label 'RAIL5V_HI'
[label_dangling]: Label not connected
    ; error
    @(5550 mils, 15400 mils): Label 'RAIL5V_LO'
[pin_not_connected]: Pin not connected
    ; error
    @(5700 mils, 800 mils): Symbol U1 Pin 3 [3V3, Power input, Line]
[power_pin_not_driven]: Input Power pin not driven by any Output Power pins
    ; error
    @(5700 mils, 800 mils): Symbol U1 Pin 3 [3V3, Power input, Line]
[pin_not_connected]: Pin not connected
    ; error
    @(5700 mils, 3200 mils): Symbol U1 Pin 1 [GND, Power input, Line]
[power_pin_not_driven]: Input Power pin not driven by any Output Power pins
    ; error
    @(5700 mils, 3200 mils): Symbol U1 Pin 1 [GND, Power input, Line]
[pin_not_connected]: Pin not connected
    ; error
    @(5700 mils, 6300 mils): Symbol R3 Pin 1 [~, Passive, Line]
[pin_not_connected]: Pin not connected
    ; error
    @(5700 mils, 6500 mils): Symbol R3 Pin 2 [~, Passive, Line]
[pin_not_connected]: Pin not connected
    ; error
    @(5700 mils, 10700 mils): Symbol C4 Pin 1 [~, Passive, Line]
[pin_not_connected]: Pin not connected
    ; error
    @(5700 mils, 10900 mils): Symbol C4 Pin 2 [~, Passive, Line]
[pin_not_connected]: Pin not connected
    ; error
    @(5700 mils, 14700 mils): Symbol U11 Pin 6 [VS, Power input, Line]
[power_pin_not_driven]: Input Power pin not driven by any Output Power pins
    ; error
    @(5700 mils, 14700 mils): Symbol U11 Pin 6 [VS, Power input, Line]
[pin_not_connected]: Pin not connected
    ; error
    @(5700 mils, 15700 mils): Symbol U11 Pin 7 [GND, Power input, Line]
[power_pin_not_driven]: Input Power pin not driven by any Output Power pins
    ; error
    @(5700 mils, 15700 mils): Symbol U11 Pin 7 [GND, Power input, Line]
[pin_not_connected]: Pin not connected
    ; error
    @(5700 mils, 19500 mils): Symbol C12 Pin 1 [~, Passive, Line]
[pin_not_connected]: Pin not connected
    ; error
    @(5700 mils, 19700 mils): Symbol C12 Pin 2 [~, Passive, Line]
[pin_not_connected]: Pin not connected
    ; error
    @(6100 mils, 14900 mils): Symbol U11 Pin 1 [A1, Input, Line]
[pin_not_driven]: Input pin not driven by any Output pins
    ; error
    @(6100 mils, 14900 mils): Symbol U11 Pin 1 [A1, Input, Line]
[pin_not_connected]: Pin not connected
    ; error
    @(6100 mils, 15000 mils): Symbol U11 Pin 2 [A0, Input, Line]
[pin_not_driven]: Input pin not driven by any Output pins
    ; error
    @(6100 mils, 15000 mils): Symbol U11 Pin 2 [A0, Input, Line]
[pin_not_connected]: Pin not connected
    ; error
    @(6100 mils, 15200 mils): Symbol U11 Pin 4 [SDA, Bidirectional, Line]
[pin_not_connected]: Pin not connected
    ; error
    @(6100 mils, 15300 mils): Symbol U11 Pin 5 [SCL, Input, Line]
[pin_not_driven]: Input pin not driven by any Output pins
    ; error
    @(6100 mils, 15300 mils): Symbol U11 Pin 5 [SCL, Input, Line]
[pin_not_connected]: Pin not connected
    ; error
    @(6100 mils, 15500 mils): Symbol U11 Pin 3 [~{Alert}, Open collector, Line]
[pin_not_connected]: Pin not connected
    ; error
    @(6300 mils, 1000 mils): Symbol U1 Pin 39 [TXD0, Bidirectional, Line]
[pin_not_connected]: Pin not connected
    ; error
    @(6300 mils, 1100 mils): Symbol U1 Pin 40 [RXD0, Bidirectional, Line]
[pin_not_connected]: Pin not connected
    ; error
    @(6300 mils, 1300 mils): Symbol U1 Pin 23 [USB_D-, Bidirectional, Line]
[pin_not_connected]: Pin not connected
    ; error
    @(6300 mils, 1400 mils): Symbol U1 Pin 24 [USB_D+, Bidirectional, Line]
[pin_not_connected]: Pin not connected
    ; error
    @(6300 mils, 1500 mils): Symbol U1 Pin 25 [IO21, Bidirectional, Line]
[pin_not_connected]: Pin not connected
    ; error
    @(6300 mils, 1600 mils): Symbol U1 Pin 26 [IO26, Bidirectional, Line]
[pin_not_connected]: Pin not connected
    ; error
    @(6300 mils, 1700 mils): Symbol U1 Pin 28 [IO33, Bidirectional, Line]
[pin_not_connected]: Pin not connected
    ; error
    @(6300 mils, 1800 mils): Symbol U1 Pin 29 [IO34, Bidirectional, Line]
[pin_not_connected]: Pin not connected
    ; error
    @(6300 mils, 1900 mils): Symbol U1 Pin 31 [IO35, Bidirectional, Line]
[pin_not_connected]: Pin not connected
    ; error
    @(6300 mils, 2000 mils): Symbol U1 Pin 32 [IO36, Bidirectional, Line]
[pin_not_connected]: Pin not connected
    ; error
    @(6300 mils, 2100 mils): Symbol U1 Pin 33 [IO37, Bidirectional, Line]
[pin_not_connected]: Pin not connected
    ; error
    @(6300 mils, 2200 mils): Symbol U1 Pin 34 [IO38, Bidirectional, Line]
[pin_not_connected]: Pin not connected
    ; error
    @(6300 mils, 2300 mils): Symbol U1 Pin 35 [IO39, Bidirectional, Line]
[pin_not_connected]: Pin not connected
    ; error
    @(6300 mils, 2400 mils): Symbol U1 Pin 36 [IO40, Bidirectional, Line]
[pin_not_connected]: Pin not connected
    ; error
    @(6300 mils, 2500 mils): Symbol U1 Pin 37 [IO41, Bidirectional, Line]
[pin_not_connected]: Pin not connected
    ; error
    @(6300 mils, 2600 mils): Symbol U1 Pin 38 [IO42, Bidirectional, Line]
[pin_not_connected]: Pin not connected
    ; error
    @(6300 mils, 2700 mils): Symbol U1 Pin 41 [IO45, Bidirectional, Line]
[pin_not_connected]: Pin not connected
    ; error
    @(6300 mils, 2800 mils): Symbol U1 Pin 44 [IO46, Bidirectional, Line]
[pin_not_connected]: Pin not connected
    ; error
    @(6300 mils, 2900 mils): Symbol U1 Pin 27 [IO47, Bidirectional, Line]
[pin_not_connected]: Pin not connected
    ; error
    @(6300 mils, 3000 mils): Symbol U1 Pin 30 [IO48, Bidirectional, Line]
[pin_not_connected]: Pin not connected
    ; error
    @(8400 mils, 1800 mils): Symbol U2 Pin 1 [TXD, Input, Line]
[pin_not_driven]: Input pin not driven by any Output pins
    ; error
    @(8400 mils, 1800 mils): Symbol U2 Pin 1 [TXD, Input, Line]
[pin_not_connected]: Pin not connected
    ; error
    @(8400 mils, 1900 mils): Symbol U2 Pin 4 [RXD, Output, Line]
[pin_not_connected]: Pin not connected
    ; error
    @(8400 mils, 2100 mils): Symbol U2 Pin 5 [VIO, Power input, Line]
[power_pin_not_driven]: Input Power pin not driven by any Output Power pins
    ; error
    @(8400 mils, 2100 mils): Symbol U2 Pin 5 [VIO, Power input, Line]
[pin_not_connected]: Pin not connected
    ; error
    @(8400 mils, 2200 mils): Symbol U2 Pin 8 [S, Input, Line]
[pin_not_driven]: Input pin not driven by any Output pins
    ; error
    @(8400 mils, 2200 mils): Symbol U2 Pin 8 [S, Input, Line]
[pin_not_connected]: Pin not connected
    ; error
    @(8500 mils, 19300 mils): Symbol U13 Pin 8 [Vbus, Input, Line]
[pin_not_driven]: Input pin not driven by any Output pins
    ; error
    @(8500 mils, 19300 mils): Symbol U13 Pin 8 [Vbus, Input, Line]
[pin_not_connected]: Pin not connected
    ; error
    @(8500 mils, 19700 mils): Symbol U13 Pin 10 [Vin+, Input, Line]
[pin_not_driven]: Input pin not driven by any Output pins
    ; error
    @(8500 mils, 19700 mils): Symbol U13 Pin 10 [Vin+, Input, Line]
[pin_not_connected]: Pin not connected
    ; error
    @(8500 mils, 19800 mils): Symbol U13 Pin 9 [Vin-, Input, Line]
[pin_not_driven]: Input pin not driven by any Output pins
    ; error
    @(8500 mils, 19800 mils): Symbol U13 Pin 9 [Vin-, Input, Line]
[label_dangling]: Label not connected
    ; error
    @(8650 mils, 1800 mils): Label 'CAN_TX'
[label_dangling]: Label not connected
    ; error
    @(8650 mils, 1900 mils): Label 'CAN_RX'
[label_dangling]: Label not connected
    ; error
    @(8750 mils, 19300 mils): Label 'RAIL5VSB_LO'
[label_dangling]: Label not connected
    ; error
    @(8750 mils, 19700 mils): Label 'RAIL5VSB_HI'
[label_dangling]: Label not connected
    ; error
    @(8750 mils, 19800 mils): Label 'RAIL5VSB_LO'
[pin_not_connected]: Pin not connected
    ; error
    @(8900 mils, 1600 mils): Symbol U2 Pin 3 [VCC, Power input, Line]
[power_pin_not_driven]: Input Power pin not driven by any Output Power pins
    ; error
    @(8900 mils, 1600 mils): Symbol U2 Pin 3 [VCC, Power input, Line]
[pin_not_connected]: Pin not connected
    ; error
    @(8900 mils, 2400 mils): Symbol U2 Pin 2 [GND, Power input, Line]
[power_pin_not_driven]: Input Power pin not driven by any Output Power pins
    ; error
    @(8900 mils, 2400 mils): Symbol U2 Pin 2 [GND, Power input, Line]
[pin_not_connected]: Pin not connected
    ; error
    @(8900 mils, 6300 mils): Symbol R4 Pin 1 [~, Passive, Line]
[pin_not_connected]: Pin not connected
    ; error
    @(8900 mils, 6500 mils): Symbol R4 Pin 2 [~, Passive, Line]
[pin_not_connected]: Pin not connected
    ; error
    @(8900 mils, 10700 mils): Symbol C5 Pin 1 [~, Passive, Line]
[pin_not_connected]: Pin not connected
    ; error
    @(8900 mils, 10900 mils): Symbol C5 Pin 2 [~, Passive, Line]
[pin_not_connected]: Pin not connected
    ; error
    @(8900 mils, 15100 mils): Symbol RS2 Pin 1 [~, Passive, Line]
[label_dangling]: Label not connected
    ; error
    @(8900 mils, 15120 mils): Label 'RAIL5V_LO'
[label_dangling]: Label not connected
    ; error
    @(8900 mils, 15280 mils): Label 'RAIL5V_HI'
[pin_not_connected]: Pin not connected
    ; error
    @(8900 mils, 15300 mils): Symbol RS2 Pin 2 [~, Passive, Line]
[pin_not_connected]: Pin not connected
    ; error
    @(8900 mils, 19100 mils): Symbol U13 Pin 6 [VS, Power input, Line]
[power_pin_not_driven]: Input Power pin not driven by any Output Power pins
    ; error
    @(8900 mils, 19100 mils): Symbol U13 Pin 6 [VS, Power input, Line]
[pin_not_connected]: Pin not connected
    ; error
    @(8900 mils, 20100 mils): Symbol U13 Pin 7 [GND, Power input, Line]
[power_pin_not_driven]: Input Power pin not driven by any Output Power pins
    ; error
    @(8900 mils, 20100 mils): Symbol U13 Pin 7 [GND, Power input, Line]
[label_dangling]: Label not connected
    ; error
    @(9150 mils, 1900 mils): Label 'CAN_H'
[label_dangling]: Label not connected
    ; error
    @(9150 mils, 2100 mils): Label 'CAN_L'
[pin_not_connected]: Pin not connected
    ; error
    @(9300 mils, 19300 mils): Symbol U13 Pin 1 [A1, Input, Line]
[pin_not_driven]: Input pin not driven by any Output pins
    ; error
    @(9300 mils, 19300 mils): Symbol U13 Pin 1 [A1, Input, Line]
[pin_not_connected]: Pin not connected
    ; error
    @(9300 mils, 19400 mils): Symbol U13 Pin 2 [A0, Input, Line]
[pin_not_driven]: Input pin not driven by any Output pins
    ; error
    @(9300 mils, 19400 mils): Symbol U13 Pin 2 [A0, Input, Line]
[pin_not_connected]: Pin not connected
    ; error
    @(9300 mils, 19600 mils): Symbol U13 Pin 4 [SDA, Bidirectional, Line]
[pin_not_connected]: Pin not connected
    ; error
    @(9300 mils, 19700 mils): Symbol U13 Pin 5 [SCL, Input, Line]
[pin_not_driven]: Input pin not driven by any Output pins
    ; error
    @(9300 mils, 19700 mils): Symbol U13 Pin 5 [SCL, Input, Line]
[pin_not_connected]: Pin not connected
    ; error
    @(9300 mils, 19900 mils): Symbol U13 Pin 3 [~{Alert}, Open collector, Line]
[pin_not_connected]: Pin not connected
    ; error
    @(9400 mils, 1900 mils): Symbol U2 Pin 7 [CANH, Bidirectional, Line]
[pin_not_connected]: Pin not connected
    ; error
    @(9400 mils, 2100 mils): Symbol U2 Pin 6 [CANL, Bidirectional, Line]
[pin_not_connected]: Pin not connected
    ; error
    @(11700 mils, 10500 mils): Symbol U10 Pin 8 [Vbus, Input, Line]
[pin_not_driven]: Input pin not driven by any Output pins
    ; error
    @(11700 mils, 10500 mils): Symbol U10 Pin 8 [Vbus, Input, Line]
[pin_not_connected]: Pin not connected
    ; error
    @(11700 mils, 10900 mils): Symbol U10 Pin 10 [Vin+, Input, Line]
[pin_not_driven]: Input pin not driven by any Output pins
    ; error
    @(11700 mils, 10900 mils): Symbol U10 Pin 10 [Vin+, Input, Line]
[pin_not_connected]: Pin not connected
    ; error
    @(11700 mils, 11000 mils): Symbol U10 Pin 9 [Vin-, Input, Line]
[pin_not_driven]: Input pin not driven by any Output pins
    ; error
    @(11700 mils, 11000 mils): Symbol U10 Pin 9 [Vin-, Input, Line]
[pin_not_connected]: Pin not connected
    ; error
    @(11800 mils, 1900 mils): Symbol U3 Pin 1 [IN, Power input, Line]
[power_pin_not_driven]: Input Power pin not driven by any Output Power pins
    ; error
    @(11800 mils, 1900 mils): Symbol U3 Pin 1 [IN, Power input, Line]
[pin_not_connected]: Pin not connected
    ; error
    @(11800 mils, 2000 mils): Symbol U3 Pin 3 [EN, Input, Line]
[pin_not_driven]: Input pin not driven by any Output pins
    ; error
    @(11800 mils, 2000 mils): Symbol U3 Pin 3 [EN, Input, Line]
[label_dangling]: Label not connected
    ; error
    @(11950 mils, 10500 mils): Label 'RAIL12V_LO'
[label_dangling]: Label not connected
    ; error
    @(11950 mils, 10900 mils): Label 'RAIL12V_HI'
[label_dangling]: Label not connected
    ; error
    @(11950 mils, 11000 mils): Label 'RAIL12V_LO'
[pin_not_connected]: Pin not connected
    ; error
    @(12100 mils, 2300 mils): Symbol U3 Pin 2 [GND, Power input, Line]
[power_pin_not_driven]: Input Power pin not driven by any Output Power pins
    ; error
    @(12100 mils, 2300 mils): Symbol U3 Pin 2 [GND, Power input, Line]
[pin_not_connected]: Pin not connected
    ; error
    @(12100 mils, 6300 mils): Symbol C1 Pin 1 [~, Passive, Line]
[pin_not_connected]: Pin not connected
    ; error
    @(12100 mils, 6500 mils): Symbol C1 Pin 2 [~, Passive, Line]
[pin_not_connected]: Pin not connected
    ; error
    @(12100 mils, 10300 mils): Symbol U10 Pin 6 [VS, Power input, Line]
[power_pin_not_driven]: Input Power pin not driven by any Output Power pins
    ; error
    @(12100 mils, 10300 mils): Symbol U10 Pin 6 [VS, Power input, Line]
[pin_not_connected]: Pin not connected
    ; error
    @(12100 mils, 11300 mils): Symbol U10 Pin 7 [GND, Power input, Line]
[power_pin_not_driven]: Input Power pin not driven by any Output Power pins
    ; error
    @(12100 mils, 11300 mils): Symbol U10 Pin 7 [GND, Power input, Line]
[pin_not_connected]: Pin not connected
    ; error
    @(12100 mils, 15100 mils): Symbol C11 Pin 1 [~, Passive, Line]
[pin_not_connected]: Pin not connected
    ; error
    @(12100 mils, 15300 mils): Symbol C11 Pin 2 [~, Passive, Line]
[pin_not_connected]: Pin not connected
    ; error
    @(12100 mils, 19500 mils): Symbol RS4 Pin 1 [~, Passive, Line]
[label_dangling]: Label not connected
    ; error
    @(12100 mils, 19520 mils): Label 'RAIL5VSB_LO'
[label_dangling]: Label not connected
    ; error
    @(12100 mils, 19680 mils): Label 'RAIL5VSB_HI'
[pin_not_connected]: Pin not connected
    ; error
    @(12100 mils, 19700 mils): Symbol RS4 Pin 2 [~, Passive, Line]
[pin_not_connected]: Pin not connected
    ; error
    @(12400 mils, 1900 mils): Symbol U3 Pin 5 [OUT, Power output, Line]
[pin_not_connected]: Pin not connected
    ; error
    @(12500 mils, 10500 mils): Symbol U10 Pin 1 [A1, Input, Line]
[pin_not_driven]: Input pin not driven by any Output pins
    ; error
    @(12500 mils, 10500 mils): Symbol U10 Pin 1 [A1, Input, Line]
[pin_not_connected]: Pin not connected
    ; error
    @(12500 mils, 10600 mils): Symbol U10 Pin 2 [A0, Input, Line]
[pin_not_driven]: Input pin not driven by any Output pins
    ; error
    @(12500 mils, 10600 mils): Symbol U10 Pin 2 [A0, Input, Line]
[pin_not_connected]: Pin not connected
    ; error
    @(12500 mils, 10800 mils): Symbol U10 Pin 4 [SDA, Bidirectional, Line]
[pin_not_connected]: Pin not connected
    ; error
    @(12500 mils, 10900 mils): Symbol U10 Pin 5 [SCL, Input, Line]
[pin_not_driven]: Input pin not driven by any Output pins
    ; error
    @(12500 mils, 10900 mils): Symbol U10 Pin 5 [SCL, Input, Line]
[pin_not_connected]: Pin not connected
    ; error
    @(12500 mils, 11100 mils): Symbol U10 Pin 3 [~{Alert}, Open collector, Line]
[pin_not_connected]: Pin not connected
    ; error
    @(14900 mils, 14900 mils): Symbol U12 Pin 8 [Vbus, Input, Line]
[pin_not_driven]: Input pin not driven by any Output pins
    ; error
    @(14900 mils, 14900 mils): Symbol U12 Pin 8 [Vbus, Input, Line]
[pin_not_connected]: Pin not connected
    ; error
    @(14900 mils, 15300 mils): Symbol U12 Pin 10 [Vin+, Input, Line]
[pin_not_driven]: Input pin not driven by any Output pins
    ; error
    @(14900 mils, 15300 mils): Symbol U12 Pin 10 [Vin+, Input, Line]
[pin_not_connected]: Pin not connected
    ; error
    @(14900 mils, 15400 mils): Symbol U12 Pin 9 [Vin-, Input, Line]
[pin_not_driven]: Input pin not driven by any Output pins
    ; error
    @(14900 mils, 15400 mils): Symbol U12 Pin 9 [Vin-, Input, Line]
[label_dangling]: Label not connected
    ; error
    @(15150 mils, 14900 mils): Label 'RAIL3V3_LO'
[label_dangling]: Label not connected
    ; error
    @(15150 mils, 15300 mils): Label 'RAIL3V3_HI'
[label_dangling]: Label not connected
    ; error
    @(15150 mils, 15400 mils): Label 'RAIL3V3_LO'
[pin_not_connected]: Pin not connected
    ; error
    @(15300 mils, 1900 mils): Symbol R1 Pin 1 [~, Passive, Line]
[pin_not_connected]: Pin not connected
    ; error
    @(15300 mils, 2100 mils): Symbol R1 Pin 2 [~, Passive, Line]
[pin_not_connected]: Pin not connected
    ; error
    @(15300 mils, 6300 mils): Symbol C2 Pin 1 [~, Passive, Line]
[pin_not_connected]: Pin not connected
    ; error
    @(15300 mils, 6500 mils): Symbol C2 Pin 2 [~, Passive, Line]
[pin_not_connected]: Pin not connected
    ; error
    @(15300 mils, 10700 mils): Symbol RS1 Pin 1 [~, Passive, Line]
[label_dangling]: Label not connected
    ; error
    @(15300 mils, 10720 mils): Label 'RAIL12V_LO'
[label_dangling]: Label not connected
    ; error
    @(15300 mils, 10880 mils): Label 'RAIL12V_HI'
[pin_not_connected]: Pin not connected
    ; error
    @(15300 mils, 10900 mils): Symbol RS1 Pin 2 [~, Passive, Line]
[pin_not_connected]: Pin not connected
    ; error
    @(15300 mils, 14700 mils): Symbol U12 Pin 6 [VS, Power input, Line]
[power_pin_not_driven]: Input Power pin not driven by any Output Power pins
    ; error
    @(15300 mils, 14700 mils): Symbol U12 Pin 6 [VS, Power input, Line]
[pin_not_connected]: Pin not connected
    ; error
    @(15300 mils, 15700 mils): Symbol U12 Pin 7 [GND, Power input, Line]
[power_pin_not_driven]: Input Power pin not driven by any Output Power pins
    ; error
    @(15300 mils, 15700 mils): Symbol U12 Pin 7 [GND, Power input, Line]
[pin_not_connected]: Pin not connected
    ; error
    @(15300 mils, 19500 mils): Symbol C13 Pin 1 [~, Passive, Line]
[pin_not_connected]: Pin not connected
    ; error
    @(15300 mils, 19700 mils): Symbol C13 Pin 2 [~, Passive, Line]
[pin_not_connected]: Pin not connected
    ; error
    @(15700 mils, 14900 mils): Symbol U12 Pin 1 [A1, Input, Line]
[pin_not_driven]: Input pin not driven by any Output pins
    ; error
    @(15700 mils, 14900 mils): Symbol U12 Pin 1 [A1, Input, Line]
[pin_not_connected]: Pin not connected
    ; error
    @(15700 mils, 15000 mils): Symbol U12 Pin 2 [A0, Input, Line]
[pin_not_driven]: Input pin not driven by any Output pins
    ; error
    @(15700 mils, 15000 mils): Symbol U12 Pin 2 [A0, Input, Line]
[pin_not_connected]: Pin not connected
    ; error
    @(15700 mils, 15200 mils): Symbol U12 Pin 4 [SDA, Bidirectional, Line]
[pin_not_connected]: Pin not connected
    ; error
    @(15700 mils, 15300 mils): Symbol U12 Pin 5 [SCL, Input, Line]
[pin_not_driven]: Input pin not driven by any Output pins
    ; error
    @(15700 mils, 15300 mils): Symbol U12 Pin 5 [SCL, Input, Line]
[pin_not_connected]: Pin not connected
    ; error
    @(15700 mils, 15500 mils): Symbol U12 Pin 3 [~{Alert}, Open collector, Line]
[unconnected_wire_endpoint]: Unconnected wire endpoint
    ; warning
    @(2300 mils, 1650 mils): Horizontal Wire, length 300 mils
[unconnected_wire_endpoint]: Unconnected wire endpoint
    ; warning
    @(2300 mils, 1750 mils): Horizontal Wire, length 300 mils
[unconnected_wire_endpoint]: Unconnected wire endpoint
    ; warning
    @(2300 mils, 1850 mils): Horizontal Wire, length 150 mils
[no_connect_dangling]: Unconnected "no connection" flag
    ; warning
    @(2300 mils, 1950 mils): No Connect
[no_connect_dangling]: Unconnected "no connection" flag
    ; warning
    @(2300 mils, 2050 mils): No Connect
[unconnected_wire_endpoint]: Unconnected wire endpoint
    ; warning
    @(2300 mils, 2150 mils): Horizontal Wire, length 150 mils
[no_connect_dangling]: Unconnected "no connection" flag
    ; warning
    @(2300 mils, 2250 mils): No Connect
[unconnected_wire_endpoint]: Unconnected wire endpoint
    ; warning
    @(2300 mils, 2350 mils): Horizontal Wire, length 150 mils
[unconnected_wire_endpoint]: Unconnected wire endpoint
    ; warning
    @(2400 mils, 23950 mils): Horizontal Wire, length 150 mils
[unconnected_wire_endpoint]: Unconnected wire endpoint
    ; warning
    @(2400 mils, 24050 mils): Horizontal Wire, length 150 mils
[endpoint_off_grid]: Symbol pin or wire end off connection grid
    ; warning
    @(2500 mils, 6320 mils): Vertical Wire, length 160 mils
[lib_symbol_mismatch]: Symbol 'R_Small' doesn't match copy in library 'cec-vendor'
    ; warning
    @(2500 mils, 6400 mils): Symbol R2 [R_Small]
[endpoint_off_grid]: Symbol pin or wire end off connection grid
    ; warning
    @(2500 mils, 10670 mils): Vertical Wire, length 260 mils
[lib_symbol_mismatch]: Symbol 'C_Small' doesn't match copy in library 'cec-vendor'
    ; warning
    @(2500 mils, 10800 mils): Symbol C3 [C_Small]
[endpoint_off_grid]: Symbol pin or wire end off connection grid
    ; warning
    @(2500 mils, 15070 mils): Vertical Wire, length 260 mils
[lib_symbol_mismatch]: Symbol 'C_Small' doesn't match copy in library 'cec-vendor'
    ; warning
    @(2500 mils, 15200 mils): Symbol C10 [C_Small]
[endpoint_off_grid]: Symbol pin or wire end off connection grid
    ; warning
    @(2500 mils, 19520 mils): Vertical Wire, length 160 mils
[lib_symbol_mismatch]: Symbol 'R_Small' doesn't match copy in library 'cec-vendor'
    ; warning
    @(2500 mils, 19600 mils): Symbol RS3 [R_Small]
[lib_symbol_mismatch]: Symbol 'PWR_FLAG' doesn't match copy in library 'power'
    ; warning
    @(2600 mils, 1650 mils): Symbol #FLG6642 [PWR_FLAG]
[lib_symbol_mismatch]: Symbol 'PWR_FLAG' doesn't match copy in library 'power'
    ; warning
    @(2600 mils, 1750 mils): Symbol #FLG6644 [PWR_FLAG]
[no_connect_dangling]: Unconnected "no connection" flag
    ; warning
    @(2700 mils, 1950 mils): No Connect
[no_connect_dangling]: Unconnected "no connection" flag
    ; warning
    @(2700 mils, 2050 mils): No Connect
[unconnected_wire_endpoint]: Unconnected wire endpoint
    ; warning
    @(5200 mils, 1000 mils): Horizontal Wire, length 150 mils
[unconnected_wire_endpoint]: Unconnected wire endpoint
    ; warning
    @(5200 mils, 1200 mils): Horizontal Wire, length 150 mils
[no_connect_dangling]: Unconnected "no connection" flag
    ; warning
    @(5200 mils, 1300 mils): No Connect
[no_connect_dangling]: Unconnected "no connection" flag
    ; warning
    @(5200 mils, 1400 mils): No Connect
[no_connect_dangling]: Unconnected "no connection" flag
    ; warning
    @(5200 mils, 1500 mils): No Connect
[no_connect_dangling]: Unconnected "no connection" flag
    ; warning
    @(5200 mils, 1600 mils): No Connect
[no_connect_dangling]: Unconnected "no connection" flag
    ; warning
    @(5200 mils, 1700 mils): No Connect
[no_connect_dangling]: Unconnected "no connection" flag
    ; warning
    @(5200 mils, 1800 mils): No Connect
[no_connect_dangling]: Unconnected "no connection" flag
    ; warning
    @(5200 mils, 1900 mils): No Connect
[unconnected_wire_endpoint]: Unconnected wire endpoint
    ; warning
    @(5200 mils, 2000 mils): Horizontal Wire, length 150 mils
[unconnected_wire_endpoint]: Unconnected wire endpoint
    ; warning
    @(5200 mils, 2100 mils): Horizontal Wire, length 150 mils
[no_connect_dangling]: Unconnected "no connection" flag
    ; warning
    @(5200 mils, 2200 mils): No Connect
[no_connect_dangling]: Unconnected "no connection" flag
    ; warning
    @(5200 mils, 2300 mils): No Connect
[no_connect_dangling]: Unconnected "no connection" flag
    ; warning
    @(5200 mils, 2400 mils): No Connect
[no_connect_dangling]: Unconnected "no connection" flag
    ; warning
    @(5200 mils, 2500 mils): No Connect
[no_connect_dangling]: Unconnected "no connection" flag
    ; warning
    @(5200 mils, 2600 mils): No Connect
[no_connect_dangling]: Unconnected "no connection" flag
    ; warning
    @(5200 mils, 2700 mils): No Connect
[no_connect_dangling]: Unconnected "no connection" flag
    ; warning
    @(5200 mils, 2800 mils): No Connect
[unconnected_wire_endpoint]: Unconnected wire endpoint
    ; warning
    @(5200 mils, 2900 mils): Horizontal Wire, length 150 mils
[unconnected_wire_endpoint]: Unconnected wire endpoint
    ; warning
    @(5200 mils, 3000 mils): Horizontal Wire, length 150 mils
[unconnected_wire_endpoint]: Unconnected wire endpoint
    ; warning
    @(5400 mils, 14900 mils): Horizontal Wire, length 150 mils
[unconnected_wire_endpoint]: Unconnected wire endpoint
    ; warning
    @(5400 mils, 15300 mils): Horizontal Wire, length 150 mils
[unconnected_wire_endpoint]: Unconnected wire endpoint
    ; warning
    @(5400 mils, 15400 mils): Horizontal Wire, length 150 mils
[multiple_net_names]: Both RAIL5V_HI and RAIL5V_LO are attached to the same items; RAIL5V_HI will be used in the netlist
    ; warning
    @(5550 mils, 15300 mils): Label 'RAIL5V_HI'
    @(5550 mils, 14900 mils): Label 'RAIL5V_LO'
[unconnected_wire_endpoint]: Unconnected wire endpoint
    ; warning
    @(5700 mils, 900 mils): Vertical Wire, length 150 mils
[unconnected_wire_endpoint]: Unconnected wire endpoint
    ; warning
    @(5700 mils, 3100 mils): Vertical Wire, length 150 mils
[endpoint_off_grid]: Symbol pin or wire end off connection grid
    ; warning
    @(5700 mils, 6320 mils): Vertical Wire, length 160 mils
[lib_symbol_mismatch]: Symbol 'R_Small' doesn't match copy in library 'cec-vendor'
    ; warning
    @(5700 mils, 6400 mils): Symbol R3 [R_Small]
[endpoint_off_grid]: Symbol pin or wire end off connection grid
    ; warning
    @(5700 mils, 10670 mils): Vertical Wire, length 260 mils
[lib_symbol_mismatch]: Symbol 'C_Small' doesn't match copy in library 'cec-vendor'
    ; warning
    @(5700 mils, 10800 mils): Symbol C4 [C_Small]
[unconnected_wire_endpoint]: Unconnected wire endpoint
    ; warning
    @(5700 mils, 14800 mils): Vertical Wire, length 150 mils
[unconnected_wire_endpoint]: Unconnected wire endpoint
    ; warning
    @(5700 mils, 15600 mils): Vertical Wire, length 150 mils
[endpoint_off_grid]: Symbol pin or wire end off connection grid
    ; warning
    @(5700 mils, 19470 mils): Vertical Wire, length 260 mils
[lib_symbol_mismatch]: Symbol 'C_Small' doesn't match copy in library 'cec-vendor'
    ; warning
    @(5700 mils, 19600 mils): Symbol C12 [C_Small]
[unconnected_wire_endpoint]: Unconnected wire endpoint
    ; warning
    @(6000 mils, 14900 mils): Horizontal Wire, length 150 mils
[unconnected_wire_endpoint]: Unconnected wire endpoint
    ; warning
    @(6000 mils, 15000 mils): Horizontal Wire, length 150 mils
[unconnected_wire_endpoint]: Unconnected wire endpoint
    ; warning
    @(6000 mils, 15200 mils): Horizontal Wire, length 150 mils
[unconnected_wire_endpoint]: Unconnected wire endpoint
    ; warning
    @(6000 mils, 15300 mils): Horizontal Wire, length 150 mils
[no_connect_dangling]: Unconnected "no connection" flag
    ; warning
    @(6000 mils, 15500 mils): No Connect
[no_connect_dangling]: Unconnected "no connection" flag
    ; warning
    @(6200 mils, 1000 mils): No Connect
[no_connect_dangling]: Unconnected "no connection" flag
    ; warning
    @(6200 mils, 1100 mils): No Connect
[no_connect_dangling]: Unconnected "no connection" flag
    ; warning
    @(6200 mils, 1300 mils): No Connect
[no_connect_dangling]: Unconnected "no connection" flag
    ; warning
    @(6200 mils, 1400 mils): No Connect
[no_connect_dangling]: Unconnected "no connection" flag
    ; warning
    @(6200 mils, 1500 mils): No Connect
[no_connect_dangling]: Unconnected "no connection" flag
    ; warning
    @(6200 mils, 1600 mils): No Connect
[no_connect_dangling]: Unconnected "no connection" flag
    ; warning
    @(6200 mils, 1700 mils): No Connect
[no_connect_dangling]: Unconnected "no connection" flag
    ; warning
    @(6200 mils, 1800 mils): No Connect
[no_connect_dangling]: Unconnected "no connection" flag
    ; warning
    @(6200 mils, 1900 mils): No Connect
[no_connect_dangling]: Unconnected "no connection" flag
    ; warning
    @(6200 mils, 2000 mils): No Connect
[no_connect_dangling]: Unconnected "no connection" flag
    ; warning
    @(6200 mils, 2100 mils): No Connect
[no_connect_dangling]: Unconnected "no connection" flag
    ; warning
    @(6200 mils, 2200 mils): No Connect
[no_connect_dangling]: Unconnected "no connection" flag
    ; warning
    @(6200 mils, 2300 mils): No Connect
[no_connect_dangling]: Unconnected "no connection" flag
    ; warning
    @(6200 mils, 2400 mils): No Connect
[no_connect_dangling]: Unconnected "no connection" flag
    ; warning
    @(6200 mils, 2500 mils): No Connect
[no_connect_dangling]: Unconnected "no connection" flag
    ; warning
    @(6200 mils, 2600 mils): No Connect
[no_connect_dangling]: Unconnected "no connection" flag
    ; warning
    @(6200 mils, 2700 mils): No Connect
[no_connect_dangling]: Unconnected "no connection" flag
    ; warning
    @(6200 mils, 2800 mils): No Connect
[no_connect_dangling]: Unconnected "no connection" flag
    ; warning
    @(6200 mils, 2900 mils): No Connect
[no_connect_dangling]: Unconnected "no connection" flag
    ; warning
    @(6200 mils, 3000 mils): No Connect
[unconnected_wire_endpoint]: Unconnected wire endpoint
    ; warning
    @(8500 mils, 1800 mils): Horizontal Wire, length 150 mils
[unconnected_wire_endpoint]: Unconnected wire endpoint
    ; warning
    @(8500 mils, 1900 mils): Horizontal Wire, length 150 mils
[unconnected_wire_endpoint]: Unconnected wire endpoint
    ; warning
    @(8500 mils, 2100 mils): Horizontal Wire, length 150 mils
[unconnected_wire_endpoint]: Unconnected wire endpoint
    ; warning
    @(8500 mils, 2200 mils): Horizontal Wire, length 150 mils
[unconnected_wire_endpoint]: Unconnected wire endpoint
    ; warning
    @(8600 mils, 19300 mils): Horizontal Wire, length 150 mils
[unconnected_wire_endpoint]: Unconnected wire endpoint
    ; warning
    @(8600 mils, 19700 mils): Horizontal Wire, length 150 mils
[unconnected_wire_endpoint]: Unconnected wire endpoint
    ; warning
    @(8600 mils, 19800 mils): Horizontal Wire, length 150 mils
[multiple_net_names]: Both RAIL5VSB_HI and RAIL5VSB_LO are attached to the same items; RAIL5VSB_HI will be used in the netlist
    ; warning
    @(12100 mils, 19680 mils): Label 'RAIL5VSB_HI'
    @(8750 mils, 19800 mils): Label 'RAIL5VSB_LO'
[unconnected_wire_endpoint]: Unconnected wire endpoint
    ; warning
    @(8900 mils, 1700 mils): Vertical Wire, length 150 mils
[unconnected_wire_endpoint]: Unconnected wire endpoint
    ; warning
    @(8900 mils, 2300 mils): Vertical Wire, length 150 mils
[endpoint_off_grid]: Symbol pin or wire end off connection grid
    ; warning
    @(8900 mils, 6320 mils): Vertical Wire, length 160 mils
[lib_symbol_mismatch]: Symbol 'R_Small' doesn't match copy in library 'cec-vendor'
    ; warning
    @(8900 mils, 6400 mils): Symbol R4 [R_Small]
[endpoint_off_grid]: Symbol pin or wire end off connection grid
    ; warning
    @(8900 mils, 10670 mils): Vertical Wire, length 260 mils
[lib_symbol_mismatch]: Symbol 'C_Small' doesn't match copy in library 'cec-vendor'
    ; warning
    @(8900 mils, 10800 mils): Symbol C5 [C_Small]
[endpoint_off_grid]: Symbol pin or wire end off connection grid
    ; warning
    @(8900 mils, 15120 mils): Vertical Wire, length 160 mils
[lib_symbol_mismatch]: Symbol 'R_Small' doesn't match copy in library 'cec-vendor'
    ; warning
    @(8900 mils, 15200 mils): Symbol RS2 [R_Small]
[unconnected_wire_endpoint]: Unconnected wire endpoint
    ; warning
    @(8900 mils, 19200 mils): Vertical Wire, length 150 mils
[unconnected_wire_endpoint]: Unconnected wire endpoint
    ; warning
    @(8900 mils, 20000 mils): Vertical Wire, length 150 mils
[unconnected_wire_endpoint]: Unconnected wire endpoint
    ; warning
    @(9200 mils, 19300 mils): Horizontal Wire, length 150 mils
[unconnected_wire_endpoint]: Unconnected wire endpoint
    ; warning
    @(9200 mils, 19400 mils): Horizontal Wire, length 150 mils
[unconnected_wire_endpoint]: Unconnected wire endpoint
    ; warning
    @(9200 mils, 19600 mils): Horizontal Wire, length 150 mils
[unconnected_wire_endpoint]: Unconnected wire endpoint
    ; warning
    @(9200 mils, 19700 mils): Horizontal Wire, length 150 mils
[no_connect_dangling]: Unconnected "no connection" flag
    ; warning
    @(9200 mils, 19900 mils): No Connect
[unconnected_wire_endpoint]: Unconnected wire endpoint
    ; warning
    @(9300 mils, 1900 mils): Horizontal Wire, length 150 mils
[unconnected_wire_endpoint]: Unconnected wire endpoint
    ; warning
    @(9300 mils, 2100 mils): Horizontal Wire, length 150 mils
[unconnected_wire_endpoint]: Unconnected wire endpoint
    ; warning
    @(11800 mils, 10500 mils): Horizontal Wire, length 150 mils
[unconnected_wire_endpoint]: Unconnected wire endpoint
    ; warning
    @(11800 mils, 10900 mils): Horizontal Wire, length 150 mils
[unconnected_wire_endpoint]: Unconnected wire endpoint
    ; warning
    @(11800 mils, 11000 mils): Horizontal Wire, length 150 mils
[unconnected_wire_endpoint]: Unconnected wire endpoint
    ; warning
    @(11900 mils, 1900 mils): Horizontal Wire, length 150 mils
[unconnected_wire_endpoint]: Unconnected wire endpoint
    ; warning
    @(11900 mils, 2000 mils): Horizontal Wire, length 150 mils
[multiple_net_names]: Both +3V3 and +5VSB are attached to the same items; +3V3 will be used in the netlist
    ; warning
    @(2500 mils, 15330 mils): Label '+3V3'
    @(12050 mils, 2000 mils): Label '+5VSB'
[unconnected_wire_endpoint]: Unconnected wire endpoint
    ; warning
    @(12100 mils, 2200 mils): Vertical Wire, length 150 mils
[endpoint_off_grid]: Symbol pin or wire end off connection grid
    ; warning
    @(12100 mils, 6270 mils): Vertical Wire, length 260 mils
[lib_symbol_mismatch]: Symbol 'C_Small' doesn't match copy in library 'cec-vendor'
    ; warning
    @(12100 mils, 6400 mils): Symbol C1 [C_Small]
[unconnected_wire_endpoint]: Unconnected wire endpoint
    ; warning
    @(12100 mils, 10400 mils): Vertical Wire, length 150 mils
[unconnected_wire_endpoint]: Unconnected wire endpoint
    ; warning
    @(12100 mils, 11200 mils): Vertical Wire, length 150 mils
[endpoint_off_grid]: Symbol pin or wire end off connection grid
    ; warning
    @(12100 mils, 15070 mils): Vertical Wire, length 260 mils
[lib_symbol_mismatch]: Symbol 'C_Small' doesn't match copy in library 'cec-vendor'
    ; warning
    @(12100 mils, 15200 mils): Symbol C11 [C_Small]
[endpoint_off_grid]: Symbol pin or wire end off connection grid
    ; warning
    @(12100 mils, 19520 mils): Vertical Wire, length 160 mils
[lib_symbol_mismatch]: Symbol 'R_Small' doesn't match copy in library 'cec-vendor'
    ; warning
    @(12100 mils, 19600 mils): Symbol RS4 [R_Small]
[no_connect_dangling]: Unconnected "no connection" flag
    ; warning
    @(12200 mils, 2000 mils): No Connect
[unconnected_wire_endpoint]: Unconnected wire endpoint
    ; warning
    @(12300 mils, 1900 mils): Horizontal Wire, length 150 mils
[unconnected_wire_endpoint]: Unconnected wire endpoint
    ; warning
    @(12400 mils, 10500 mils): Horizontal Wire, length 150 mils
[unconnected_wire_endpoint]: Unconnected wire endpoint
    ; warning
    @(12400 mils, 10600 mils): Horizontal Wire, length 150 mils
[unconnected_wire_endpoint]: Unconnected wire endpoint
    ; warning
    @(12400 mils, 10800 mils): Horizontal Wire, length 150 mils
[unconnected_wire_endpoint]: Unconnected wire endpoint
    ; warning
    @(12400 mils, 10900 mils): Horizontal Wire, length 150 mils
[no_connect_dangling]: Unconnected "no connection" flag
    ; warning
    @(12400 mils, 11100 mils): No Connect
[unconnected_wire_endpoint]: Unconnected wire endpoint
    ; warning
    @(15000 mils, 14900 mils): Horizontal Wire, length 150 mils
[unconnected_wire_endpoint]: Unconnected wire endpoint
    ; warning
    @(15000 mils, 15300 mils): Horizontal Wire, length 150 mils
[unconnected_wire_endpoint]: Unconnected wire endpoint
    ; warning
    @(15000 mils, 15400 mils): Horizontal Wire, length 150 mils
[multiple_net_names]: Both RAIL3V3_HI and RAIL3V3_LO are attached to the same items; RAIL3V3_HI will be used in the netlist
    ; warning
    @(15150 mils, 15300 mils): Label 'RAIL3V3_HI'
    @(15150 mils, 15400 mils): Label 'RAIL3V3_LO'
[endpoint_off_grid]: Symbol pin or wire end off connection grid
    ; warning
    @(15300 mils, 1920 mils): Vertical Wire, length 160 mils
[lib_symbol_mismatch]: Symbol 'R_Small' doesn't match copy in library 'cec-vendor'
    ; warning
    @(15300 mils, 2000 mils): Symbol R1 [R_Small]
[endpoint_off_grid]: Symbol pin or wire end off connection grid
    ; warning
    @(15300 mils, 6270 mils): Vertical Wire, length 260 mils
[lib_symbol_mismatch]: Symbol 'C_Small' doesn't match copy in library 'cec-vendor'
    ; warning
    @(15300 mils, 6400 mils): Symbol C2 [C_Small]
[endpoint_off_grid]: Symbol pin or wire end off connection grid
    ; warning
    @(15300 mils, 10720 mils): Vertical Wire, length 160 mils
[multiple_net_names]: Both RAIL12V_HI and RAIL12V_LO are attached to the same items; RAIL12V_HI will be used in the netlist
    ; warning
    @(11950 mils, 10900 mils): Label 'RAIL12V_HI'
    @(15300 mils, 10720 mils): Label 'RAIL12V_LO'
[lib_symbol_mismatch]: Symbol 'R_Small' doesn't match copy in library 'cec-vendor'
    ; warning
    @(15300 mils, 10800 mils): Symbol RS1 [R_Small]
[unconnected_wire_endpoint]: Unconnected wire endpoint
    ; warning
    @(15300 mils, 14800 mils): Vertical Wire, length 150 mils
[unconnected_wire_endpoint]: Unconnected wire endpoint
    ; warning
    @(15300 mils, 15600 mils): Vertical Wire, length 150 mils
[endpoint_off_grid]: Symbol pin or wire end off connection grid
    ; warning
    @(15300 mils, 19470 mils): Vertical Wire, length 260 mils
[lib_symbol_mismatch]: Symbol 'C_Small' doesn't match copy in library 'cec-vendor'
    ; warning
    @(15300 mils, 19600 mils): Symbol C13 [C_Small]
[unconnected_wire_endpoint]: Unconnected wire endpoint
    ; warning
    @(15600 mils, 14900 mils): Horizontal Wire, length 150 mils
[unconnected_wire_endpoint]: Unconnected wire endpoint
    ; warning
    @(15600 mils, 15000 mils): Horizontal Wire, length 150 mils
[unconnected_wire_endpoint]: Unconnected wire endpoint
    ; warning
    @(15600 mils, 15200 mils): Horizontal Wire, length 150 mils
[unconnected_wire_endpoint]: Unconnected wire endpoint
    ; warning
    @(15600 mils, 15300 mils): Horizontal Wire, length 150 mils
[no_connect_dangling]: Unconnected "no connection" flag
    ; warning
    @(15600 mils, 15500 mils): No Connect

 ** ERC messages: 361  Errors 213  Warnings 148

 ** Ignored checks:
    - Global label only appears once in the schematic
    - Four connection points are joined together
    - SPICE model issue
    - Assigned footprint doesn't match footprint filters
