cal: averaged 256 frames; per-channel zero:
  (nc)  code +15871.3 -> +2.4218 V  (Vadc, offset unchanged)
  (nc)  code +15883.4 -> +2.4236 V  (Vadc, offset unchanged)
  i3    code +15820.9 -> bias +2.4141 V (was +2.4000) [SET]
  i4    code +15819.5 -> bias +2.4139 V (was +2.4000) [SET]
  i5    code +15827.7 -> bias +2.4151 V (was +2.4000) [SET]
  vrail code    +21.8 -> +0.0033 V  (V, offset unchanged)
  i7    code +15842.4 -> bias +2.4174 V (was +2.4000) [SET]
  i8    code +15830.0 -> bias +2.4155 V (was +2.4000) [SET]
cal: done -- current channels now read ~0 A at idle.
error: unknown command '' (try 'help')
>i3:415268:-0.068779
>i4:415268:-0.067859
>i5:415268:-0.079875
>vrail:415268:0.020874
>i7:415268:-0.040662
>i8:415268:-0.074697
>seq:415268:49.000000
>i3:415468:-0.080986
>i4:415468:-0.075488
>i5:415468:-0.070720
>vrail:415468:0.021744
>i7:415468:-0.065076
>i8:415468:-0.073171
>seq:415468:80.000000
>i3:415668:0.085335
>i4:415668:0.072522
>i5:415668:0.074239
>vrail:415668:0.021744
>i7:415668:0.023425
>i8:415668:0.077891
>seq:415668:110.000000
>i3:415868:-0.077934
>i4:415868:-0.063281
>i5:415868:-0.075297
>vrail:415868:0.021744
>i7:415868:-0.036085
>i8:415868:-0.067067
>seq:415868:141.000000
>i3:416068:-0.050468
>i4:416068:-0.052600
>i5:416068:-0.058513
>vrail:416068:0.021744
>i7:416068:-0.020826
>i8:416068:-0.048757
>seq:416068:172.000000
>i3:416268:0.018196
>i4:416268:0.026746
>i5:416268:0.025411
>vrail:416268:0.021744
>i7:416268:-0.004041
>i8:416268:0.022960
>seq:416268:203.000000
>i3:416468:0.002937
>i4:416468:-0.008349
>i5:416468:-0.000529
>vrail:416468:0.021744
>i7:416468:0.012743
>i8:416468:-0.002980
>seq:416468:234.000000
>i3:416668:0.083809
>i4:416668:0.086255
>i5:416668:0.081868
>vrail:416668:0.021744
>i7:416668:0.000536
>i8:416668:0.077891
>seq:416668:8.000000
>i3:416868:-0.009270
>i4:416868:-0.003772
>i5:416868:-0.005107
>vrail:416868:0.023483
>i7:416868:-0.025403
>i8:416868:-0.015187
>seq:416868:39.000000
>i3:417068:0.002937
>i4:417068:-0.002246
>i5:417068:0.002522
>vrail:417068:0.023483
>i7:417068:-0.011671
>i8:417068:0.000072
>seq:417068:69.000000
>i3:417268:-0.048943
>i4:417268:-0.054126
>i5:417268:-0.044780
>vrail:417268:0.023483
>i7:417268:-0.028455
>i8:417268:-0.062490
>seq:417268:100.000000
>i3:417468:-0.033684
>i4:417468:-0.035815
>i5:417468:-0.032573
>vrail:417468:0.023483
>i7:417468:-0.026929
>i8:417468:-0.039601
>seq:417468:130.000000
>i3:417668:-0.064201
>i4:417668:-0.064807
>i5:417668:-0.066142
>vrail:417668:0.023483
>i7:417668:-0.057447
>i8:417668:-0.057912
>seq:417668:161.000000
>i3:417868:-0.041313
>i4:417868:-0.058703
>i5:417868:-0.053935
>vrail:417868:0.023483
>i7:417868:-0.049818
>i8:417868:-0.047231
>seq:417868:192.000000
>i3:418068:-0.045891
>i4:418068:-0.048022
>i5:418068:-0.049357
>vrail:418068:0.023483
>i7:418068:-0.046766
>i8:418068:-0.045705
>seq:418068:223.000000
>i3:418268:-0.044365
>i4:418268:-0.038867
>i5:418268:-0.041728
>vrail:418268:0.023483
>i7:418268:-0.023878
>i8:418268:-0.041127
>seq:418268:254.000000
>i3:418468:0.070076
>i4:418468:0.078626
>i5:418468:0.081868
>vrail:418468:0.023483
>i7:418468:0.031054
>i8:418468:0.073314
>seq:418468:28.000000
>i3:418668:-0.032158
>i4:418668:-0.038867
>i5:418668:-0.044780
>vrail:418668:0.022614
>i7:418668:-0.022352
>i8:418668:-0.031972
>seq:418668:59.000000
>i3:418868:-0.035210
>i4:418868:-0.023608
>i5:418868:-0.020366
>vrail:418868:0.022614
>i7:418868:-0.011671
>i8:418868:-0.024343
>seq:418868:89.000000
>i3:419068:-0.007744
>i4:419068:0.003858
>i5:419068:0.005574
>vrail:419068:0.022614
>i7:419068:-0.005567
>i8:419068:0.004649
>seq:419068:120.000000
>i3:419268:-0.016899
>i4:419268:-0.020556
>i5:419268:-0.020366
>vrail:419268:0.022614
>i7:419268:-0.020826
>i8:419268:-0.012136
>seq:419268:150.000000
>i3:419468:-0.012321
>i4:419468:-0.009875
>i5:419468:-0.015788
>vrail:419468:0.021744
>i7:419468:0.017321
>i8:419468:-0.013661
>seq:419468:181.000000
>i3:419668:-0.045891
>i4:419668:-0.043445
>i5:419668:-0.050883
>vrail:419668:0.022614
>i7:419668:-0.043714
>i8:419668:-0.047231
>seq:419668:212.000000
>i3:419868:-0.013847
>i4:419868:-0.015979
>i5:419868:-0.014262
>vrail:419868:0.022614
>i7:419868:-0.016248
>i8:419868:-0.015187
>seq:419868:242.000000
>i3:420068:-0.058098
>i4:420068:-0.060229
>i5:420068:-0.049357
>vrail:420068:0.022614
>i7:420068:-0.052869
>i8:420068:-0.050282
>seq:420068:17.000000
>i3:420268:-0.044365
>i4:420268:-0.046496
>i5:420268:-0.049357
>vrail:420268:0.022614
>i7:420268:-0.025403
>i8:420268:-0.039601
>seq:420268:47.000000
>i3:420468:0.057869
>i4:420468:0.058789
>i5:420468:0.042195
>vrail:420468:0.022614
>i7:420468:0.056994
>i8:420468:0.039744
>seq:420468:78.000000
>i3:420668:0.018196
>i4:420668:0.028272
>i5:420668:0.022359
>vrail:420668:0.022614
>i7:420668:0.002062
>i8:420668:0.019908
>seq:420668:108.000000
>i3:420868:-0.018425
>i4:420868:-0.019031
>i5:420868:-0.023417
>vrail:420868:0.022614
>i7:420868:-0.019300
>i8:420868:-0.015187
>seq:420868:139.000000
>i3:421068:-0.019951
>i4:421068:-0.020556
>i5:421068:-0.024943
>vrail:421068:0.022614
>i7:421068:0.011218
>i8:421068:-0.016713
>seq:421068:169.000000
>i3:421268:-0.044365
>i4:421268:-0.063281
>i5:421268:-0.052409
>vrail:421268:0.022614
>i7:421268:-0.008619
>i8:421268:-0.056386
>seq:421268:200.000000
>i3:421468:0.050240
>i4:421468:0.055737
>i5:421468:0.054402
>vrail:421468:0.022614
>i7:421468:0.021899
>i8:421468:0.053477
>seq:421468:231.000000
>i3:421668:-0.055046
>i4:421668:-0.052600
>i5:421668:-0.063090
>vrail:421668:0.022614
>i7:421668:-0.055921
>i8:421668:-0.050282
>seq:421668:5.000000
>i3:421868:-0.051994
>i4:421868:-0.048022
>i5:421868:-0.044780
>vrail:421868:0.023483
>i7:421868:-0.063550
>i8:421868:-0.060964
>seq:421868:36.000000
>i3:422068:-0.065727
>i4:422068:-0.066333
>i5:422068:-0.063090
>vrail:422068:0.023483
>i7:422068:-0.068128
>i8:422068:-0.057912
>seq:422068:66.000000
>i3:422268:-0.048943
>i4:422268:-0.048022
>i5:422268:-0.050883
>vrail:422268:0.023483
>i7:422268:-0.000989
>i8:422268:-0.041127
>seq:422268:97.000000
>i3:422468:0.091438
>i4:422468:0.095410
>i5:422468:0.094075
>vrail:422468:0.023483
>i7:422468:-0.016248
>i8:422468:0.096202
>seq:422468:127.000000
>i3:422668:-0.003166
>i4:422668:0.006909
>i5:422668:0.005574
>vrail:422668:0.023483
>i7:422668:-0.008619
>i8:422668:0.004649
>seq:422668:158.000000
>i3:422868:-0.027580
>i4:422868:-0.028186
>i5:422868:-0.034099
>vrail:422868:0.023483
>i7:422868:-0.031507
>i8:422868:-0.038075
>seq:422868:189.000000
>i3:423068:-0.033684
>i4:423068:-0.025134
>i5:423068:-0.024943
>vrail:423068:0.023483
>i7:423068:-0.019300
>i8:423068:-0.031972
>seq:423068:219.000000
>i3:423268:0.001411
>i4:423268:0.002332
>i5:423268:0.008626
>vrail:423268:0.023483
>i7:423268:0.018847
>i8:423268:0.015330
>seq:423268:250.000000
>i3:423468:-0.006218
>i4:423468:-0.012927
>i5:423468:-0.012736
>vrail:423468:0.023483
>i7:423468:-0.026929
>i8:423468:-0.009084
>seq:423468:24.000000
>i3:423668:0.010567
>i4:423668:-0.000720
>i5:423668:0.017781
>vrail:423668:0.023483
>i7:423668:-0.025403
>i8:423668:0.007701
>seq:423668:55.000000
>i3:423868:-0.019951
>i4:423868:-0.011401
>i5:423868:-0.014262
>vrail:423868:0.022614
>i7:423868:-0.045240
>i8:423868:-0.016713
>seq:423868:85.000000
>i3:424068:-0.023003
>i4:424068:-0.022082
>i5:424068:-0.018840
>vrail:424068:0.022614
>i7:424068:-0.049818
>i8:424068:-0.028920
>seq:424068:116.000000
>i3:424268:0.019722
>i4:424268:0.019116
>i5:424268:0.022359
>vrail:424268:0.022614
>i7:424268:0.020373
>i8:424268:0.012279
>seq:424268:147.000000
>i3:424468:-0.007744
>i4:424468:-0.002246
>i5:424468:-0.014262
>vrail:424468:0.022614
>i7:424468:-0.046766
>i8:424468:-0.013661
>seq:424468:178.000000
>i3:424668:0.018196
>i4:424668:0.019116
>i5:424668:0.016255
>vrail:424668:0.023483
>i7:424668:-0.010145
>i8:424668:0.016856
>seq:424668:209.000000
>i3:424868:-0.012321
>i4:424868:-0.003772
>i5:424868:-0.008159
>vrail:424868:0.023483
>i7:424868:-0.004041
>i8:424868:-0.004506
>seq:424868:239.000000
>i3:425068:0.016670
>i4:425068:0.028272
>i5:425068:0.020833
>vrail:425068:0.021744
>i7:425068:-0.000989
>i8:425068:0.024486
>seq:425068:14.000000
>i3:425268:0.073128
>i4:425268:0.069470
>i5:425268:0.069661
>vrail:425268:0.021744
>i7:425268:0.056994
>i8:425268:0.077891
>seq:425268:44.000000
>i3:425468:0.010567
>i4:425468:0.013013
>i5:425468:0.013204
>vrail:425468:0.021744
>i7:425468:-0.020826
>i8:425468:0.016856
>seq:425468:75.000000
>i3:425668:0.010567
>i4:425668:0.011487
>i5:425668:0.013204
>vrail:425668:0.021744
>i7:425668:-0.029981
>i8:425668:0.009227
>seq:425668:105.000000
>i3:425868:-0.027580
>i4:425868:-0.029712
>i5:425868:-0.026469
>vrail:425868:0.021744
>i7:425868:-0.037611
>i8:425868:-0.028920
>seq:425868:136.000000
>i3:426068:-0.039787
>i4:426068:-0.044971
>i5:426068:-0.040202
>vrail:426068:0.022614
>i7:426068:-0.046766
>i8:426068:-0.039601
>seq:426068:167.000000
>i3:426268:0.028877
>i4:426268:0.032849
>i5:426268:0.026937
>vrail:426268:0.022614
>i7:426268:0.038683
>i8:426268:0.026011
>seq:426268:198.000000
>i3:426468:-0.023003
>i4:426468:-0.028186
>i5:426468:-0.035625
>vrail:426468:0.022614
>i7:426468:-0.043714
>i8:426468:-0.031972
>seq:426468:229.000000
>i3:426668:0.012093
>i4:426668:0.009961
>i5:426668:0.004048
>vrail:426668:0.021744
>i7:426668:-0.025403
>i8:426668:0.015330
>seq:426668:3.000000
>i3:426868:-0.023003
>i4:426868:-0.026660
>i5:426868:-0.032573
>vrail:426868:0.022614
>i7:426868:-0.039136
>i8:426868:-0.036550
>seq:426868:34.000000
>i3:427068:0.007515
>i4:427068:-0.006824
>i5:427068:0.013204
>vrail:427068:0.021744
>i7:427068:-0.008619
>i8:427068:0.001597
>seq:427068:64.000000
>i3:427268:0.096016
>i4:427268:0.092359
>i5:427268:0.098653
>vrail:427268:0.022614
>i7:427268:0.053942
>i8:427268:0.091624
>seq:427268:95.000000
>i3:427468:0.016670
>i4:427468:0.006909
>i5:427468:0.013204
>vrail:427468:0.022614
>i7:427468:-0.008619
>i8:427468:0.024486
>seq:427468:125.000000
>i3:427668:0.005989
>i4:427668:0.009961
>i5:427668:0.014729
>vrail:427668:0.022614
>i7:427668:-0.014722
>i8:427668:0.010753
>seq:427668:156.000000
>i3:427868:0.012093
>i4:427868:-0.002246
>i5:427868:0.007100
>vrail:427868:0.022614
>i7:427868:-0.022352
>i8:427868:0.004649
>seq:427868:187.000000
>i3:428068:-0.018425
>i4:428068:-0.022082
>i5:428068:-0.018840
>vrail:428068:0.022614
>i7:428068:0.011218
>i8:428068:-0.018239
>seq:428068:217.000000
>i3:428268:0.076180
>i4:428268:0.069470
>i5:428268:0.080342
>vrail:428268:0.023483
>i7:428268:-0.020826
>i8:428268:0.076365
>seq:428268:248.000000
>i3:428468:-0.026054
>i4:428468:-0.026660
>i5:428468:-0.017314
>vrail:428468:0.023483
>i7:428468:-0.052869
>i8:428468:-0.022817
>seq:428468:22.000000
>i3:428668:0.096016
>i4:428668:0.095410
>i5:428668:0.100179
>vrail:428668:0.023483
>i7:428668:-0.028455
>i8:428668:0.103831
>seq:428668:53.000000
>i3:428868:-0.035210
>i4:428868:-0.032763
>i5:428868:-0.024943
>vrail:428868:0.023483
>i7:428868:-0.045240
>i8:428868:-0.038075
>seq:428868:83.000000
>i3:429068:0.025826
>i4:429068:0.032849
>i5:429068:0.031514
>vrail:429068:0.023483
>i7:429068:0.032580
>i8:429068:0.038218
>seq:429068:114.000000
>i3:429268:0.073128
>i4:429268:0.070996
>i5:429268:0.075765
>vrail:429268:0.022614
>i7:429268:0.002062
>i8:429268:0.073314
>seq:429268:145.000000
>i3:429468:0.022774
>i4:429468:0.014539
>i5:429468:0.016255
>vrail:429468:0.022614
>i7:429468:0.002062
>i8:429468:0.015330
>seq:429468:176.000000
>i3:429668:0.038033
>i4:429668:0.034375
>i5:429668:0.034566
>vrail:429668:0.021744
>i7:429668:0.002062
>i8:429668:0.036693
>seq:429668:207.000000
>i3:429868:0.021248
>i4:429868:0.028272
>i5:429868:0.023885
>vrail:429868:0.021744
>i7:429868:-0.005567
>i8:429868:0.026011
>seq:429868:237.000000
>i3:430068:0.048714
>i4:430068:0.040479
>i5:430068:0.042195
>vrail:430068:0.021744
>i7:430068:0.032580
>i8:430068:0.048900
>seq:430068:12.000000
>i3:430268:-0.016899
>i4:430268:-0.015979
>i5:430268:-0.024943
>vrail:430268:0.021744
>i7:430268:-0.051343
>i8:430268:-0.021291
>seq:430268:42.000000
>i3:430468:-0.051994
>i4:430468:-0.052600
>i5:430468:-0.049357
>vrail:430468:0.021744
>i7:430468:-0.000989
>i8:430468:-0.054860
>seq:430468:73.000000
>i3:430668:-0.019951
>i4:430668:-0.017505
>i5:430668:-0.021892
>vrail:430668:0.021744
>i7:430668:-0.046766
>i8:430668:-0.024343
>seq:430668:103.000000
>i3:430868:0.009041
>i4:430868:0.006909
>i5:430868:0.011678
>vrail:430868:0.021744
>i7:430868:-0.016248
>i8:430868:0.009227
>seq:430868:134.000000
>i3:431068:0.047188
>i4:431068:0.040479
>i5:431068:0.049825
>vrail:431068:0.021744
>i7:431068:0.063097
>i8:431068:0.044322
>seq:431068:165.000000
>i3:431268:0.033455
>i4:431268:0.029798
>i5:431268:0.029988
>vrail:431268:0.021744
>i7:431268:-0.011671
>i8:431268:0.036693
>seq:431268:196.000000
>i3:431468:-0.001640
>i4:431468:-0.009875
>i5:431468:-0.014262
>vrail:431468:0.021744
>i7:431468:0.002062
>i8:431468:-0.010610
>seq:431468:227.000000
>i3:431668:0.019722
>i4:431668:0.026746
>i5:431668:0.019307
>vrail:431668:0.021744
>i7:431668:0.000536
>i8:431668:0.026011
>seq:431668:1.000000
>i3:431868:0.005989
>i4:431868:0.009961
>i5:431868:0.005574
>vrail:431868:0.021744
>i7:431868:-0.007093
>i8:431868:0.012279
>seq:431868:32.000000
>i3:432068:0.117378
>i4:432068:0.107617
>i5:432068:0.113912
>vrail:432068:0.020874
>i7:432068:0.079882
>i8:432068:0.109935
>seq:432068:62.000000
>i3:432268:0.012093
>i4:432268:0.006909
>i5:432268:0.008626
>vrail:432268:0.020874
>i7:432268:-0.011671
>i8:432268:0.010753
>seq:432268:93.000000
>i3:432468:0.056343
>i4:432468:0.049634
>i5:432468:0.052876
>vrail:432468:0.020874
>i7:432468:-0.002515
>i8:432468:0.058055
>seq:432468:123.000000
>i3:432668:-0.030632
>i4:432668:-0.034289
>i5:432668:-0.029521
>vrail:432668:0.020874
>i7:432668:-0.037611
>i8:432668:-0.028920
>seq:432668:154.000000
>i3:432868:0.002937
>i4:432868:0.009961
>i5:432868:0.010152
>vrail:432868:0.020874
>i7:432868:-0.025403
>i8:432868:0.006175
>seq:432868:185.000000
>i3:433068:0.079231
>i4:433068:0.080152
>i5:433068:0.075765
>vrail:433068:0.021744
>i7:433068:0.044787
>i8:433068:0.074840
>seq:433068:215.000000
>i3:433268:0.002937
>i4:433268:-0.000720
>i5:433268:-0.008159
>vrail:433268:0.021744
>i7:433268:-0.017774
>i8:433268:-0.002980
>seq:433268:246.000000
>i3:433468:0.010567
>i4:433468:0.011487
>i5:433468:0.005574
>vrail:433468:0.021744
>i7:433468:0.008166
>i8:433468:0.003123
>seq:433468:20.000000
>i3:433668:0.034981
>i4:433668:0.017591
>i5:433668:0.031514
>vrail:433668:0.021744
>i7:433668:0.029528
>i8:433668:0.021434
>seq:433668:51.000000
>i3:433868:0.005989
>i4:433868:0.002332
>i5:433868:0.007100
>vrail:433868:0.021744
>i7:433868:0.032580
>i8:433868:0.007701
>seq:433868:81.000000
>i3:434068:0.112801
>i4:434068:0.124402
>i5:434068:0.115438
>vrail:434068:0.020004
>i7:434068:0.063097
>i8:434068:0.126719
>seq:434068:112.000000
>i3:434268:-0.026054
>i4:434268:-0.032763
>i5:434268:-0.035625
>vrail:434268:0.020004
>i7:434268:-0.019300
>i8:434268:-0.033498
>seq:434268:143.000000
>i3:434468:0.004463
>i4:434468:0.009961
>i5:434468:0.013204
>vrail:434468:0.020004
>i7:434468:-0.025403
>i8:434468:0.013804
>seq:434468:174.000000
>i3:434668:0.063972
>i4:434668:0.060315
>i5:434668:0.063558
>vrail:434668:0.020004
>i7:434668:0.012743
>i8:434668:0.058055
>seq:434668:205.000000
>i3:434868:0.015144
>i4:434868:0.020642
>i5:434868:0.020833
>vrail:434868:0.020004
>i7:434868:0.020373
>i8:434868:0.018382
>seq:434868:235.000000
>i3:435068:0.001411
>i4:435068:0.006909
>i5:435068:-0.002055
>vrail:435068:0.021744
>i7:435068:-0.017774
>i8:435068:0.000072
>seq:435068:10.000000
>i3:435268:0.022774
>i4:435268:0.026746
>i5:435268:0.031514
>vrail:435268:0.021744
>i7:435268:-0.004041
>i8:435268:0.024486
>seq:435268:40.000000
>i3:435468:-0.038261
>i4:435468:-0.032763
>i5:435468:-0.034099
>vrail:435468:0.021744
>i7:435468:-0.017774
>i8:435468:-0.041127
>seq:435468:71.000000
>i3:435668:0.086861
>i4:435668:0.089307
>i5:435668:0.095601
>vrail:435668:0.021744
>i7:435668:0.031054
>i8:435668:0.080943
>seq:435668:101.000000
>i3:435868:-0.003166
>i4:435868:0.006909
>i5:435868:0.008626
>vrail:435868:0.021744
>i7:435868:0.035632
>i8:435868:0.006175
>seq:435868:132.000000
>i3:436068:0.002937
>i4:436068:0.011487
>i5:436068:0.016255
>vrail:436068:0.020874
>i7:436068:0.006640
>i8:436068:0.009227
>seq:436068:163.000000
>i3:436268:-0.029106
>i4:436268:-0.038867
>i5:436268:-0.040202
>vrail:436268:0.020004
>i7:436268:0.002062
>i8:436268:-0.028920
>seq:436268:193.000000
>i3:436468:-0.001640
>i4:436468:-0.005298
>i5:436468:-0.008159
>vrail:436468:0.020004
>i7:436468:-0.005567
>i8:436468:0.004649
>seq:436468:224.000000
>i3:436668:-0.013847
>i4:436668:-0.015979
>i5:436668:0.000997
>vrail:436668:0.020004
>i7:436668:-0.011671
>i8:436668:-0.013661
>seq:436668:254.000000
>i3:436868:0.015144
>i4:436868:0.019116
>i5:436868:0.017781
>vrail:436868:0.020004
>i7:436868:0.011218
>i8:436868:0.019908
>seq:436868:29.000000
>i3:437068:-0.032158
>i4:437068:-0.034289
>i5:437068:-0.034099
>vrail:437068:0.020004
>i7:437068:-0.029981
>i8:437068:-0.031972
>seq:437068:59.000000
>i3:437268:-0.021477
>i4:437268:-0.019031
>i5:437268:-0.031047
>vrail:437268:0.020874
>i7:437268:-0.031507
>i8:437268:-0.025868
>seq:437268:90.000000
>i3:437468:0.034981
>i4:437468:0.037427
>i5:437468:0.034566
>vrail:437468:0.020874
>i7:437468:-0.017774
>i8:437468:0.030589
>seq:437468:120.000000
>i3:437668:0.010567
>i4:437668:0.005383
>i5:437668:0.014729
>vrail:437668:0.020874
>i7:437668:-0.002515
>i8:437668:0.007701
>seq:437668:151.000000
>i3:437868:-0.007744
>i4:437868:-0.008349
>i5:437868:0.000997
>vrail:437868:0.020874
>i7:437868:0.058520
>i8:437868:-0.007558
>seq:437868:182.000000
>i3:438068:0.002937
>i4:438068:0.006909
>i5:438068:0.002522
>vrail:438068:0.019135
>i7:438068:0.014269
>i8:438068:0.004649
>seq:438068:212.000000
>i3:438268:-0.041313
>i4:438268:-0.035815
>i5:438268:-0.034099
>vrail:438268:0.019135
>i7:438268:-0.004041
>i8:438268:-0.035024
>seq:438268:243.000000
>i3:438468:-0.015373
>i4:438468:-0.031238
>i5:438468:-0.031047
>vrail:438468:0.018265
>i7:438468:-0.010145
>i8:438468:-0.022817
>seq:438468:17.000000
>i3:438668:-0.039787
>i4:438668:-0.044971
>i5:438668:-0.041728
>vrail:438668:0.018265
>i7:438668:-0.004041
>i8:438668:-0.045705
>seq:438668:48.000000
>i3:438868:0.012093
>i4:438868:0.008435
>i5:438868:0.002522
>vrail:438868:0.018265
>i7:438868:0.037158
>i8:438868:0.018382
>seq:438868:78.000000
>i3:439068:-0.064201
>i4:439068:-0.070910
>i5:439068:-0.066142
>vrail:439068:0.018265
>i7:439068:-0.048292
>i8:439068:-0.070119
>seq:439068:109.000000
>i3:439268:-0.071831
>i4:439268:-0.073962
>i5:439268:-0.076823
>vrail:439268:0.018265
>i7:439268:-0.040662
>i8:439268:-0.070119
>seq:439268:140.000000
>i3:439468:-0.051994
>i4:439468:-0.052600
>i5:439468:-0.047832
>vrail:439468:0.018265
>i7:439468:-0.028455
>i8:439468:-0.050282
>seq:439468:171.000000
>i3:439668:-0.024529
>i4:439668:-0.032763
>i5:439668:-0.031047
>vrail:439668:0.018265
>i7:439668:0.018847
>i8:439668:-0.024343
>seq:439668:202.000000
>i3:439868:0.086861
>i4:439868:0.081677
>i5:439868:0.091023
>vrail:439868:0.019135
>i7:439868:0.041735
>i8:439868:0.087047
>seq:439868:232.000000
>i3:440068:-0.026054
>i4:440068:-0.020556
>i5:440068:-0.023417
>vrail:440068:0.019135
>i7:440068:-0.004041
>i8:440068:-0.030446
>seq:440068:7.000000
>i3:440268:-0.041313
>i4:440268:-0.040393
>i5:440268:-0.047832
>vrail:440268:0.019135
>i7:440268:-0.016248
>i8:440268:-0.048757
>seq:440268:37.000000
>i3:440468:-0.039787
>i4:440468:-0.038867
>i5:440468:-0.037150
>vrail:440468:0.020004
>i7:440468:-0.022352
>i8:440468:-0.035024
>seq:440468:68.000000
>i3:440668:-0.006218
>i4:440668:0.000806
>i5:440668:0.002522
>vrail:440668:0.020004
>i7:440668:0.026476
>i8:440668:0.007701
>seq:440668:98.000000
>i3:440868:0.060921
>i4:440868:0.054212
>i5:440868:0.052876
>vrail:440868:0.020004
>i7:440868:-0.002515
>i8:440868:0.050426
>seq:440868:129.000000
>i3:441068:-0.055046
>i4:441068:-0.051074
>i5:441068:-0.050883
>vrail:441068:0.020004
>i7:441068:-0.036085
>i8:441068:-0.054860
>seq:441068:160.000000
>i3:441268:-0.067253
>i4:441268:-0.061755
>i5:441268:-0.064616
>vrail:441268:0.020004
>i7:441268:-0.026929
>i8:441268:-0.068593
>seq:441268:190.000000
>i3:441468:-0.071831
>i4:441468:-0.060229
>i5:441468:-0.061564
>vrail:441468:0.019135
>i7:441468:-0.033033
>i8:441468:-0.062490
>seq:441468:222.000000
>i3:441668:0.013618
>i4:441668:0.016065
>i5:441668:0.013204
>vrail:441668:0.019135
>i7:441668:0.032580
>i8:441668:0.013804
>seq:441668:252.000000
>i3:441868:-0.067253
>i4:441868:-0.063281
>i5:441868:-0.055461
>vrail:441868:0.019135
>i7:441868:-0.013196
>i8:441868:-0.060964
>seq:441868:27.000000
>i3:442068:-0.042839
>i4:442068:-0.049548
>i5:442068:-0.046306
>vrail:442068:0.019135
>i7:442068:-0.002515
>i8:442068:-0.042653
>seq:442068:57.000000
>i3:442268:-0.036736
>i4:442268:-0.049548
>i5:442268:-0.041728
>vrail:442268:0.019135
>i7:442268:0.015795
>i8:442268:-0.054860
>seq:442268:88.000000
>i3:442468:-0.032158
>i4:442468:-0.040393
>i5:442468:-0.041728
>vrail:442468:0.019135
>i7:442468:0.002062
>i8:442468:-0.038075
>seq:442468:118.000000
>i3:442668:0.042610
>i4:442668:0.051160
>i5:442668:0.043721
>vrail:442668:0.019135
>i7:442668:0.070727
>i8:442668:0.041270
>seq:442668:149.000000
>i3:442868:-0.090141
>i4:442868:-0.087695
>i5:442868:-0.096660
>vrail:442868:0.019135
>i7:442868:-0.026929
>i8:442868:-0.089955
>seq:442868:180.000000
>i3:443068:-0.123711
>i4:443068:-0.116687
>i5:443068:-0.122600
>vrail:443068:0.019135
>i7:443068:-0.052869
>i8:443068:-0.121999
>seq:443068:210.000000
>i3:443268:-0.093193
>i4:443268:-0.096850
>i5:443268:-0.095134
>vrail:443268:0.019135
>i7:443268:-0.058973
>i8:443268:-0.108266
>seq:443268:241.000000
>i3:443468:-0.047417
>i4:443468:-0.043445
>i5:443468:-0.041728
>vrail:443468:0.020004
>i7:443468:-0.052869
>i8:443468:-0.045705
>seq:443468:15.000000
>i3:443668:-0.013847
>i4:443668:-0.012927
>i5:443668:-0.009685
>vrail:443668:0.020004
>i7:443668:0.038683
>i8:443668:-0.010610
>seq:443668:46.000000
>i3:443868:-0.062675
>i4:443868:-0.063281
>i5:443868:-0.061564
>vrail:443868:0.020004
>i7:443868:-0.029981
>i8:443868:-0.065541
>seq:443868:76.000000
>i3:444068:-0.071831
>i4:444068:-0.080066
>i5:444068:-0.072246
>vrail:444068:0.020004
>i7:444068:-0.026929
>i8:444068:-0.074697
>seq:444068:107.000000
>i3:444268:-0.032158
>i4:444268:-0.049548
>i5:444268:-0.044780
>vrail:444268:0.018265
>i7:444268:-0.025403
>i8:444268:-0.047231
>seq:444268:138.000000
>i3:444468:-0.045891
>i4:444468:-0.032763
>i5:444468:-0.040202
>vrail:444468:0.018265
>i7:444468:-0.010145
>i8:444468:-0.039601
>seq:444468:169.000000
>i3:444668:0.053291
>i4:444668:0.042005
>i5:444668:0.043721
>vrail:444668:0.018265
>i7:444668:0.067675
>i8:444668:0.041270
>seq:444668:200.000000
>i3:444868:-0.065727
>i4:444868:-0.055652
>i5:444868:-0.063090
>vrail:444868:0.018265
>i7:444868:-0.026929
>i8:444868:-0.060964
>seq:444868:230.000000
>i3:445068:-0.067253
>i4:445068:-0.066333
>i5:445068:-0.067668
>vrail:445068:0.019135
>i7:445068:-0.055921
>i8:445068:-0.060964
>seq:445068:5.000000
>i3:445268:-0.035210
>i4:445268:-0.041919
>i5:445268:-0.031047
>vrail:445268:0.019135
>i7:445268:-0.013196
>i8:445268:-0.038075
>seq:445268:35.000000
>i3:445468:-0.071831
>i4:445468:-0.073962
>i5:445468:-0.073771
>vrail:445468:0.019135
>i7:445468:-0.062025
>i8:445468:-0.083852
>seq:445468:66.000000
>i3:445668:0.036507
>i4:445668:0.032849
>i5:445668:0.033040
>vrail:445668:0.017395
>i7:445668:0.028002
>i8:445668:0.039744
>seq:445668:96.000000
>i3:445868:-0.085564
>i4:445868:-0.092273
>i5:445868:-0.085979
>vrail:445868:0.017395
>i7:445868:-0.042188
>i8:445868:-0.086904
>seq:445868:127.000000
>i3:446068:-0.001640
>i4:446068:-0.009875
>i5:446068:-0.011210
>vrail:446068:0.017395
>i7:446068:0.000536
>i8:446068:-0.007558
>seq:446068:158.000000
>i3:446268:-0.080986
>i4:446268:-0.084643
>i5:446268:-0.081401
>vrail:446268:0.017395
>i7:446268:-0.026929
>i8:446268:-0.071645
>seq:446268:188.000000
>i3:446468:-0.067253
>i4:446468:-0.078540
>i5:446468:-0.081401
>vrail:446468:0.017395
>i7:446468:-0.005567
>i8:446468:-0.074697
>seq:446468:219.000000
>i3:446668:0.071602
>i4:446668:0.069470
>i5:446668:0.071187
>vrail:446668:0.017395
>i7:446668:0.014269
>i8:446668:0.073314
>seq:446668:249.000000
>i3:446868:-0.007744
>i4:446868:0.005383
>i5:446868:-0.003581
>vrail:446868:0.017395
>i7:446868:0.009692
>i8:446868:-0.004506
>seq:446868:24.000000
>i3:447068:-0.058098
>i4:447068:-0.051074
>i5:447068:-0.058513
>vrail:447068:0.017395
>i7:447068:-0.026929
>i8:447068:-0.059438
>seq:447068:54.000000
>i3:447268:-0.056572
>i4:447268:-0.066333
>i5:447268:-0.066142
>vrail:447268:0.016525
>i7:447268:-0.039136
>i8:447268:-0.065541
>seq:447268:85.000000
>i3:447468:-0.038261
>i4:447468:-0.043445
>i5:447468:-0.044780
>vrail:447468:0.017395
>i7:447468:-0.007093
>i8:447468:-0.045705
>seq:447468:116.000000
>i3:447668:-0.079460
>i4:447668:-0.081592
>i5:447668:-0.084453
>vrail:447668:0.018265
>i7:447668:-0.063550
>i8:447668:-0.076222
>seq:447668:147.000000
>i3:447868:-0.001640
>i4:447868:0.006909
>i5:447868:-0.008159
>vrail:447868:0.018265
>i7:447868:0.005114
>i8:447868:0.001597
>seq:447868:178.000000
>i3:448068:-0.055046
>i4:448068:-0.055652
>i5:448068:-0.053935
>vrail:448068:0.018265
>i7:448068:-0.002515
>i8:448068:-0.053334
>seq:448068:208.000000
>i3:448268:-0.029106
>i4:448268:-0.032763
>i5:448268:-0.031047
>vrail:448268:0.018265
>i7:448268:-0.008619
>i8:448268:-0.025868
>seq:448268:239.000000
>i3:448468:-0.015373
>i4:448468:0.005383
>i5:448468:-0.005107
>vrail:448468:0.018265
>i7:448468:0.026476
>i8:448468:-0.002980
>seq:448468:13.000000
>i3:448668:-0.035210
>i4:448668:-0.029712
>i5:448668:-0.024943
>vrail:448668:0.018265
>i7:448668:-0.017774
>i8:448668:-0.027394
>seq:448668:44.000000
>i3:448868:-0.036736
>i4:448868:-0.022082
>i5:448868:-0.037150
>vrail:448868:0.018265
>i7:448868:-0.017774
>i8:448868:-0.031972
>seq:448868:74.000000
>i3:449068:-0.051994
>i4:449068:-0.048022
>i5:449068:-0.046306
>vrail:449068:0.018265
>i7:449068:-0.040662
>i8:449068:-0.053334
>seq:449068:105.000000
>i3:449268:-0.036736
>i4:449268:-0.034289
>i5:449268:-0.046306
>vrail:449268:0.019135
>i7:449268:-0.029981
>i8:449268:-0.039601
>seq:449268:136.000000
>i3:449468:0.010567
>i4:449468:-0.000720
>i5:449468:0.005574
>vrail:449468:0.019135
>i7:449468:0.046313
>i8:449468:0.007701
>seq:449468:167.000000
>i3:449668:-0.050468
>i4:449668:-0.060229
>i5:449668:-0.058513
>vrail:449668:0.019135
>i7:449668:-0.036085
>i8:449668:-0.056386
>seq:449668:198.000000
>i3:449868:-0.059624
>i4:449868:-0.061755
>i5:449868:-0.070720
>vrail:449868:0.019135
>i7:449868:-0.048292
>i8:449868:-0.060964
>seq:449868:228.000000
>i3:450068:-0.048943
>i4:450068:-0.051074
>i5:450068:-0.047832
>vrail:450068:0.019135
>i7:450068:-0.036085
>i8:450068:-0.053334
>seq:450068:3.000000
>i3:450268:-0.062675
>i4:450268:-0.067859
>i5:450268:-0.063090
>vrail:450268:0.018265
>i7:450268:-0.037611
>i8:450268:-0.071645
>seq:450268:33.000000
>i3:450468:0.010567
>i4:450468:0.005383
>i5:450468:0.011678
>vrail:450468:0.019135
>i7:450468:0.046313
>i8:450468:0.001597
>seq:450468:64.000000
>i3:450668:0.022774
>i4:450668:0.029798
>i5:450668:0.017781
>vrail:450668:0.019135
>i7:450668:0.017321
>i8:450668:0.024486
>seq:450668:94.000000
>i3:450868:0.001411
>i4:450868:-0.003772
>i5:450868:-0.003581
>vrail:450868:0.019135
>i7:450868:-0.000989
>i8:450868:-0.001454
>seq:450868:125.000000
>i3:451068:-0.013847
>i4:451068:-0.014453
>i5:451068:-0.020366
>vrail:451068:0.019135
>i7:451068:-0.011671
>i8:451068:-0.022817
>seq:451068:156.000000
>i3:451268:-0.026054
>i4:451268:-0.028186
>i5:451268:-0.034099
>vrail:451268:0.019135
>i7:451268:-0.007093
>i8:451268:-0.031972
>seq:451268:186.000000
>i3:451468:0.025826
>i4:451468:0.035901
>i5:451468:0.026937
>vrail:451468:0.020004
>i7:451468:0.028002
>i8:451468:0.036693
>seq:451468:217.000000
>i3:451668:-0.059624
>i4:451668:-0.057178
>i5:451668:-0.052409
>vrail:451668:0.020004
>i7:451668:-0.049818
>i8:451668:-0.054860
>seq:451668:247.000000
>i3:451868:0.051765
>i4:451868:0.046582
>i5:451868:0.045247
>vrail:451868:0.020004
>i7:451868:-0.022352
>i8:451868:0.051951
>seq:451868:22.000000
>i3:452068:-0.073357
>i4:452068:-0.081592
>i5:452068:-0.076823
>vrail:452068:0.020004
>i7:452068:-0.052869
>i8:452068:-0.073171
>seq:452068:52.000000
>i3:452268:-0.038261
>i4:452268:-0.044971
>i5:452268:-0.046306
>vrail:452268:0.020004
>i7:452268:-0.034559
>i8:452268:-0.045705
>seq:452268:83.000000
>i3:452468:0.092964
>i4:452468:0.090833
>i5:452468:0.092549
>vrail:452468:0.020004
>i7:452468:0.002062
>i8:452468:0.090098
>seq:452468:114.000000
>i3:452668:-0.029106
>i4:452668:-0.037341
>i5:452668:-0.038676
>vrail:452668:0.020004
>i7:452668:-0.016248
>i8:452668:-0.044179
>seq:452668:145.000000
>i3:452868:-0.044365
>i4:452868:-0.040393
>i5:452868:-0.040202
>vrail:452868:0.020004
>i7:452868:-0.020826
>i8:452868:-0.044179
>seq:452868:176.000000
>i3:453068:-0.056572
>i4:453068:-0.055652
>i5:453068:-0.050883
>vrail:453068:0.020004
>i7:453068:-0.020826
>i8:453068:-0.068593
>seq:453068:206.000000
>i3:453268:-0.016899
>i4:453268:-0.009875
>i5:453268:-0.002055
>vrail:453268:0.020004
>i7:453268:0.005114
>i8:453268:-0.010610
>seq:453268:237.000000
>i3:453468:-0.047417
>i4:453468:-0.051074
>i5:453468:-0.049357
>vrail:453468:0.020004
>i7:453468:-0.036085
>i8:453468:-0.053334
>seq:453468:11.000000
>i3:453668:-0.030632
>i4:453668:-0.040393
>i5:453668:-0.032573
>vrail:453668:0.020004
>i7:453668:-0.033033
>i8:453668:-0.025868
>seq:453668:42.000000
>i3:453868:-0.004692
>i4:453868:-0.000720
>i5:453868:-0.008159
>vrail:453868:0.020004
>i7:453868:-0.040662
>i8:453868:-0.002980
>seq:453868:72.000000
>i3:454068:-0.055046
>i4:454068:-0.052600
>i5:454068:-0.060039
>vrail:454068:0.020004
>i7:454068:-0.028455
>i8:454068:-0.056386
>seq:454068:103.000000
>i3:454268:-0.003166
>i4:454268:0.003858
>i5:454268:-0.006633
>vrail:454268:0.020004
>i7:454268:-0.016248
>i8:454268:0.003123
>seq:454268:134.000000
>i3:454468:-0.036736
>i4:454468:-0.041919
>i5:454468:-0.034099
>vrail:454468:0.020004
>i7:454468:-0.025403
>i8:454468:-0.045705
>seq:454468:165.000000
>i3:454668:0.005989
>i4:454668:0.005383
>i5:454668:0.007100
>vrail:454668:0.020004
>i7:454668:-0.014722
>i8:454668:0.010753
>seq:454668:196.000000
>i3:454868:-0.033684
>i4:454868:-0.040393
>i5:454868:-0.041728
>vrail:454868:0.020004
>i7:454868:0.000536
>i8:454868:-0.035024
>seq:454868:226.000000
>i3:455068:0.005989
>i4:455068:0.000806
>i5:455068:0.002522
>vrail:455068:0.020004
>i7:455068:0.006640
>i8:455068:0.004649
>seq:455068:1.000000
>i3:455268:-0.006218
>i4:455268:-0.005298
>i5:455268:-0.015788
>vrail:455268:0.019135
>i7:455268:0.034106
>i8:455268:-0.010610
>seq:455268:31.000000
>i3:455468:-0.039787
>i4:455468:-0.037341
>i5:455468:-0.027995
>vrail:455468:0.019135
>i7:455468:-0.026929
>i8:455468:-0.036550
>seq:455468:62.000000
>i3:455668:-0.050468
>i4:455668:-0.044971
>i5:455668:-0.064616
>vrail:455668:0.019135
>i7:455668:-0.040662
>i8:455668:-0.051808
>seq:455668:92.000000
>i3:455868:-0.010796
>i4:455868:-0.025134
>i5:455868:-0.018840
>vrail:455868:0.020004
>i7:455868:-0.025403
>i8:455868:-0.022817
>seq:455868:123.000000
>i3:456068:-0.042839
>i4:456068:-0.043445
>i5:456068:-0.046306
>vrail:456068:0.020004
>i7:456068:-0.052869
>i8:456068:-0.042653
>seq:456068:154.000000
>i3:456268:-0.038261
>i4:456268:-0.048022
>i5:456268:-0.046306
>vrail:456268:0.020004
>i7:456268:-0.002515
>i8:456268:-0.042653
>seq:456268:184.000000
>i3:456468:-0.076408
>i4:456468:-0.080066
>i5:456468:-0.075297
>vrail:456468:0.020874
>i7:456468:-0.057447
>i8:456468:-0.077748
>seq:456468:215.000000
>i3:456668:-0.023003
>i4:456668:-0.019031
>i5:456668:-0.017314
>vrail:456668:0.020004
>i7:456668:-0.037611
>i8:456668:-0.013661
>seq:456668:245.000000
>i3:456868:-0.047417
>i4:456868:-0.055652
>i5:456868:-0.056987
>vrail:456868:0.020874
>i7:456868:-0.040662
>i8:456868:-0.048757
>seq:456868:20.000000
>i3:457068:-0.007744
>i4:457068:-0.009875
>i5:457068:-0.023417
>vrail:457068:0.020004
>i7:457068:0.023425
>i8:457068:-0.018239
>seq:457068:50.000000
>i3:457268:0.088387
>i4:457268:0.087781
>i5:457268:0.083394
>vrail:457268:0.020004
>i7:457268:0.063097
>i8:457268:0.083995
>seq:457268:81.000000
>i3:457468:-0.029106
>i4:457468:-0.035815
>i5:457468:-0.037150
>vrail:457468:0.020004
>i7:457468:-0.020826
>i8:457468:-0.031972
>seq:457468:112.000000
>i3:457668:-0.016899
>i4:457668:-0.008349
>i5:457668:-0.015788
>vrail:457668:0.020004
>i7:457668:-0.036085
>i8:457668:-0.015187
>seq:457668:143.000000
>i3:457868:-0.039787
>i4:457868:-0.044971
>i5:457868:-0.041728
>vrail:457868:0.020004
>i7:457868:-0.036085
>i8:457868:-0.045705
>seq:457868:174.000000
>i3:458068:-0.009270
>i4:458068:-0.000720
>i5:458068:-0.017314
>vrail:458068:0.020004
>i7:458068:0.020373
>i8:458068:-0.010610
>seq:458068:204.000000
>i3:458268:0.099068
>i4:458268:0.087781
>i5:458268:0.089498
>vrail:458268:0.020004
>i7:458268:-0.013196
>i8:458268:0.096202
>seq:458268:235.000000
>i3:458468:-0.018425
>i4:458468:-0.019031
>i5:458468:-0.034099
>vrail:458468:0.020874
>i7:458468:-0.025403
>i8:458468:-0.027394
>seq:458468:9.000000
>i3:458668:-0.055046
>i4:458668:-0.057178
>i5:458668:-0.053935
>vrail:458668:0.020004
>i7:458668:-0.042188
>i8:458668:-0.050282
>seq:458668:40.000000
>i3:458868:-0.016899
>i4:458868:-0.020556
>i5:458868:-0.014262
>vrail:458868:0.019135
>i7:458868:-0.016248
>i8:458868:-0.018239
>seq:458868:70.000000
>i3:459068:0.001411
>i4:459068:-0.002246
>i5:459068:-0.003581
>vrail:459068:0.019135
>i7:459068:0.034106
>i8:459068:-0.006032
>seq:459068:101.000000
>i3:459268:0.004463
>i4:459268:0.016065
>i5:459268:0.002522
>vrail:459268:0.019135
>i7:459268:-0.011671
>i8:459268:0.006175
>seq:459268:132.000000
>i3:459468:0.010567
>i4:459468:0.009961
>i5:459468:0.016255
>vrail:459468:0.019135
>i7:459468:-0.008619
>i8:459468:0.004649
>seq:459468:162.000000
>i3:459668:-0.015373
>i4:459668:-0.017505
>i5:459668:-0.008159
>vrail:459668:0.020004
>i7:459668:-0.007093
>i8:459668:-0.019765
>seq:459668:193.000000
>i3:459868:0.001411
>i4:459868:-0.003772
>i5:459868:-0.002055
>vrail:459868:0.020004
>i7:459868:-0.005567
>i8:459868:0.012279
>seq:459868:223.000000
>i3:460068:0.010567
>i4:460068:0.008435
>i5:460068:0.016255
>vrail:460068:0.020004
>i7:460068:0.003588
>i8:460068:0.009227
>seq:460068:254.000000
>i3:460268:-0.103874
>i4:460268:-0.102954
>i5:460268:-0.107341
>vrail:460268:0.020004
>i7:460268:-0.046766
>i8:460268:-0.096059
>seq:460268:28.000000
>i3:460468:-0.067253
>i4:460468:-0.066333
>i5:460468:-0.064616
>vrail:460468:0.020004
>i7:460468:-0.058973
>i8:460468:-0.068593
>seq:460468:59.000000
>i3:460668:-0.016899
>i4:460668:-0.019031
>i5:460668:-0.021892
>vrail:460668:0.022614
>i7:460668:-0.054395
>i8:460668:-0.021291
>seq:460668:89.000000
>i3:460868:-0.065727
>i4:460868:-0.061755
>i5:460868:-0.067668
>vrail:460868:0.022614
>i7:460868:-0.022352
>i8:460868:-0.056386
>seq:460868:120.000000
>i3:461068:0.005989
>i4:461068:0.005383
>i5:461068:0.000997
>vrail:461068:0.022614
>i7:461068:0.020373
>i8:461068:0.010753
>seq:461068:151.000000
>i3:461268:0.012093
>i4:461268:0.006909
>i5:461268:0.019307
>vrail:461268:0.022614
>i7:461268:-0.026929
>i8:461268:0.010753
>seq:461268:181.000000
>i3:461468:-0.033684
>i4:461468:-0.029712
>i5:461468:-0.037150
>vrail:461468:0.022614
>i7:461468:-0.017774
>i8:461468:-0.028920
>seq:461468:212.000000
>i3:461668:0.012093
>i4:461668:0.016065
>i5:461668:0.011678
>vrail:461668:0.020004
>i7:461668:0.000536
>i8:461668:0.015330
>seq:461668:242.000000
>i3:461868:0.012093
>i4:461868:0.013013
>i5:461868:0.014729
>vrail:461868:0.021744
>i7:461868:-0.019300
>i8:461868:0.018382
>seq:461868:17.000000
>i3:462068:0.083809
>i4:462068:0.083203
>i5:462068:0.077291
>vrail:462068:0.021744
>i7:462068:0.067675
>i8:462068:0.076365
>seq:462068:47.000000
>i3:462268:-0.018425
>i4:462268:-0.014453
>i5:462268:-0.008159
>vrail:462268:0.021744
>i7:462268:-0.017774
>i8:462268:-0.015187
>seq:462268:78.000000
>i3:462468:-0.000114
>i4:462468:-0.003772
>i5:462468:-0.005107
>vrail:462468:0.021744
>i7:462468:-0.031507
>i8:462468:-0.001454
>seq:462468:109.000000
>i3:462668:-0.035210
>i4:462668:-0.031238
>i5:462668:-0.043254
>vrail:462668:0.021744
>i7:462668:-0.058973
>i8:462668:-0.038075
>seq:462668:140.000000
>i3:462868:-0.039787
>i4:462868:-0.044971
>i5:462868:-0.041728
>vrail:462868:0.021744
>i7:462868:-0.026929
>i8:462868:-0.041127
>seq:462868:171.000000
>i3:463068:0.002937
>i4:463068:0.003858
>i5:463068:0.007100
>vrail:463068:0.022614
>i7:463068:0.005114
>i8:463068:-0.006032
>seq:463068:201.000000
>i3:463268:-0.027580
>i4:463268:-0.022082
>i5:463268:-0.035625
>vrail:463268:0.022614
>i7:463268:-0.036085
>i8:463268:-0.030446
>seq:463268:232.000000
>i3:463468:0.004463
>i4:463468:-0.000720
>i5:463468:0.002522
>vrail:463468:0.022614
>i7:463468:-0.002515
>i8:463468:0.004649
>seq:463468:6.000000
>i3:463668:0.062447
>i4:463668:0.055737
>i5:463668:0.063558
>vrail:463668:0.022614
>i7:463668:0.021899
>i8:463668:0.062633
>seq:463668:37.000000
>i3:463868:-0.006218
>i4:463868:0.002332
>i5:463868:-0.003581
>vrail:463868:0.022614
>i7:463868:0.009692
>i8:463868:-0.002980
>seq:463868:67.000000
>i3:464068:0.099068
>i4:464068:0.106091
>i5:464068:0.097127
>vrail:464068:0.022614
>i7:464068:0.015795
>i8:464068:0.114512
>seq:464068:98.000000
>i3:464268:0.002937
>i4:464268:0.009961
>i5:464268:0.000997
>vrail:464268:0.022614
>i7:464268:-0.026929
>i8:464268:0.004649
>seq:464268:129.000000
>i3:464468:-0.065727
>i4:464468:-0.061755
>i5:464468:-0.060039
>vrail:464468:0.022614
>i7:464468:-0.043714
>i8:464468:-0.060964
>seq:464468:160.000000
>i3:464668:-0.012321
>i4:464668:-0.011401
>i5:464668:-0.002055
>vrail:464668:0.022614
>i7:464668:-0.036085
>i8:464668:-0.002980
>seq:464668:191.000000
>i3:464868:0.025826
>i4:464868:0.025220
>i5:464868:0.028462
>vrail:464868:0.022614
>i7:464868:-0.020826
>i8:464868:0.026011
>seq:464868:221.000000
>i3:465068:-0.048943
>i4:465068:-0.040393
>i5:465068:-0.052409
>vrail:465068:0.023483
>i7:465068:-0.058973
>i8:465068:-0.051808
>seq:465068:252.000000
>i3:465268:0.056343
>i4:465268:0.058789
>i5:465268:0.051351
>vrail:465268:0.023483
>i7:465268:-0.026929
>i8:465268:0.055003
>seq:465268:26.000000
>i3:465468:0.007515
>i4:465468:0.009961
>i5:465468:0.013204
>vrail:465468:0.023483
>i7:465468:-0.020826
>i8:465468:0.006175
>seq:465468:57.000000
>i3:465668:-0.019951
>i4:465668:-0.008349
>i5:465668:-0.015788
>vrail:465668:0.023483
>i7:465668:-0.010145
>i8:465668:-0.010610
>seq:465668:87.000000
>i3:465868:-0.001640
>i4:465868:0.000806
>i5:465868:-0.003581
>vrail:465868:0.023483
>i7:465868:0.018847
>i8:465868:-0.004506
>seq:465868:118.000000
>i3:466068:0.015144
>i4:466068:0.006909
>i5:466068:0.010152
>vrail:466068:0.024353
>i7:466068:-0.005567
>i8:466068:0.009227
>seq:466068:149.000000
>i3:466268:0.047188
>i4:466268:0.045056
>i5:466268:0.054402
>vrail:466268:0.022614
>i7:466268:-0.008619
>i8:466268:0.051951
>seq:466268:179.000000
>i3:466468:-0.042839
>i4:466468:-0.043445
>i5:466468:-0.040202
>vrail:466468:0.022614
>i7:466468:-0.039136
>i8:466468:-0.041127
>seq:466468:210.000000
>i3:466668:0.009041
>i4:466668:0.005383
>i5:466668:0.008626
>vrail:466668:0.021744
>i7:466668:-0.017774
>i8:466668:0.012279
>seq:466668:240.000000
>i3:466868:-0.045891
>i4:466868:-0.048022
>i5:466868:-0.050883
>vrail:466868:0.022614
>i7:466868:-0.020826
>i8:466868:-0.054860
>seq:466868:15.000000
>i3:467068:-0.058098
>i4:467068:-0.055652
>i5:467068:-0.066142
>vrail:467068:0.022614
>i7:467068:-0.054395
>i8:467068:-0.056386
>seq:467068:45.000000
>i3:467268:0.031929
>i4:467268:0.013013
>i5:467268:0.026937
>vrail:467268:0.023483
>i7:467268:-0.010145
>i8:467268:0.026011
>seq:467268:76.000000
>i3:467468:-0.048943
>i4:467468:-0.049548
>i5:467468:-0.049357
>vrail:467468:0.023483
>i7:467468:-0.045240
>i8:467468:-0.057912
>seq:467468:107.000000
>i3:467668:0.016670
>i4:467668:0.009961
>i5:467668:0.025411
>vrail:467668:0.023483
>i7:467668:0.002062
>i8:467668:0.007701
>seq:467668:138.000000
>i3:467868:0.048714
>i4:467868:0.040479
>i5:467868:0.049825
>vrail:467868:0.023483
>i7:467868:0.061572
>i8:467868:0.047374
>seq:467868:169.000000
>i3:468068:-0.024529
>i4:468068:-0.026660
>i5:468068:-0.018840
>vrail:468068:0.023483
>i7:468068:-0.011671
>i8:468068:-0.024343
>seq:468068:199.000000
>i3:468268:-0.015373
>i4:468268:-0.005298
>i5:468268:-0.006633
>vrail:468268:0.023483
>i7:468268:-0.016248
>i8:468268:-0.009084
>seq:468268:230.000000
>i3:468468:0.062447
>i4:468468:0.063367
>i5:468468:0.055928
>vrail:468468:0.021744
>i7:468468:0.017321
>i8:468468:0.073314
>seq:468468:4.000000
>i3:468668:-0.050468
>i4:468668:-0.051074
>i5:468668:-0.050883
>vrail:468668:0.021744
>i7:468668:-0.049818
>i8:468668:-0.045705
>seq:468668:35.000000
>i3:468868:-0.023003
>i4:468868:-0.031238
>i5:468868:-0.026469
>vrail:468868:0.023483
>i7:468868:-0.005567
>i8:468868:-0.021291
>seq:468868:65.000000
>i3:469068:-0.056572
>i4:469068:-0.058703
>i5:469068:-0.058513
>vrail:469068:0.023483
>i7:469068:-0.043714
>i8:469068:-0.062490
>seq:469068:96.000000
>i3:469268:-0.029106
>i4:469268:-0.026660
>i5:469268:-0.034099
>vrail:469268:0.023483
>i7:469268:-0.057447
>i8:469268:-0.027394
>seq:469268:127.000000
>i3:469468:-0.033684
>i4:469468:-0.026660
>i5:469468:-0.034099
>vrail:469468:0.023483
>i7:469468:-0.019300
>i8:469468:-0.022817
>seq:469468:157.000000
>i3:469668:-0.000114
>i4:469668:-0.006824
>i5:469668:0.002522
>vrail:469668:0.023483
>i7:469668:0.023425
>i8:469668:-0.002980
>seq:469668:188.000000
>i3:469868:0.079231
>i4:469868:0.080152
>i5:469868:0.087972
>vrail:469868:0.023483
>i7:469868:0.038683
>i8:469868:0.085521
>seq:469868:218.000000
>i3:470068:-0.018425
>i4:470068:-0.017505
>i5:470068:-0.020366
>vrail:470068:0.022614
>i7:470068:-0.019300
>i8:470068:-0.022817
>seq:470068:249.000000
>i3:470268:0.018196
>i4:470268:0.023694
>i5:470268:0.013204
>vrail:470268:0.022614
>i7:470268:0.012743
>i8:470268:0.021434
>seq:470268:23.000000
>i3:470468:-0.044365
>i4:470468:-0.049548
>i5:470468:-0.046306
>vrail:470468:0.022614
>i7:470468:-0.013196
>i8:470468:-0.042653
>seq:470468:54.000000
>i3:470668:-0.030632
>i4:470668:-0.034289
>i5:470668:-0.023417
>vrail:470668:0.022614
>i7:470668:-0.026929
>i8:470668:-0.025868
>seq:470668:85.000000
>i3:470868:-0.012321
>i4:470868:-0.000720
>i5:470868:-0.006633
>vrail:470868:0.022614
>i7:470868:-0.011671
>i8:470868:-0.006032
>seq:470868:116.000000
>i3:471068:0.005989
>i4:471068:0.003858
>i5:471068:0.007100
>vrail:471068:0.023483
>i7:471068:-0.022352
>i8:471068:0.012279
>seq:471068:147.000000
>i3:471268:-0.077934
>i4:471268:-0.072436
>i5:471268:-0.082927
>vrail:471268:0.023483
>i7:471268:-0.062025
>i8:471268:-0.079274
>seq:471268:177.000000
>i3:471468:-0.097771
>i4:471468:-0.087695
>i5:471468:-0.089030
>vrail:471468:0.023483
>i7:471468:-0.026929
>i8:471468:-0.083852
>seq:471468:208.000000
>i3:471668:-0.029106
>i4:471668:-0.020556
>i5:471668:-0.041728
>vrail:471668:0.023483
>i7:471668:0.003588
>i8:471668:-0.027394
>seq:471668:238.000000
>i3:471868:-0.033684
>i4:471868:-0.043445
>i5:471868:-0.035625
>vrail:471868:0.023483
>i7:471868:-0.028455
>i8:471868:-0.028920
>seq:471868:13.000000
>i3:472068:0.025826
>i4:472068:0.022168
>i5:472068:0.020833
>vrail:472068:0.023483
>i7:472068:0.002062
>i8:472068:0.013804
>seq:472068:43.000000
>i3:472268:-0.019951
>i4:472268:-0.028186
>i5:472268:-0.021892
>vrail:472268:0.023483
>i7:472268:-0.008619
>i8:472268:-0.015187
>seq:472268:74.000000
>i3:472468:-0.036736
>i4:472468:-0.029712
>i5:472468:-0.035625
>vrail:472468:0.023483
>i7:472468:0.037158
>i8:472468:-0.031972
>seq:472468:105.000000
>i3:472668:-0.018425
>i4:472668:-0.015979
>i5:472668:-0.015788
>vrail:472668:0.023483
>i7:472668:-0.020826
>i8:472668:-0.016713
>seq:472668:136.000000
>i3:472868:0.082283
>i4:472868:0.077100
>i5:472868:0.071187
>vrail:472868:0.022614
>i7:472868:0.024951
>i8:472868:0.077891
>seq:472868:167.000000
>i3:473068:-0.051994
>i4:473068:-0.058703
>i5:473068:-0.055461
>vrail:473068:0.022614
>i7:473068:-0.051343
>i8:473068:-0.054860
>seq:473068:197.000000
>i3:473268:0.002937
>i4:473268:0.000806
>i5:473268:0.000997
>vrail:473268:0.021744
>i7:473268:0.040209
>i8:473268:-0.009084
>seq:473268:228.000000
>i3:473468:-0.059624
>i4:473468:-0.055652
>i5:473468:-0.050883
>vrail:473468:0.022614
>i7:473468:-0.031507
>i8:473468:-0.051808
>seq:473468:2.000000
>i3:473668:-0.047417
>i4:473668:-0.035815
>i5:473668:-0.046306
>vrail:473668:0.021744
>i7:473668:0.024951
>i8:473668:-0.039601
>seq:473668:33.000000
>i3:473868:0.041084
>i4:473868:0.035901
>i5:473868:0.034566
>vrail:473868:0.022614
>i7:473868:0.029528
>i8:473868:0.050426
>seq:473868:63.000000
>i3:474068:-0.019951
>i4:474068:-0.019031
>i5:474068:-0.012736
>vrail:474068:0.022614
>i7:474068:-0.020826
>i8:474068:-0.018239
>seq:474068:94.000000
>i3:474268:0.009041
>i4:474268:0.013013
>i5:474268:0.000997
>vrail:474268:0.024353
>i7:474268:0.002062
>i8:474268:0.010753
>seq:474268:125.000000
>i3:474468:0.012093
>i4:474468:-0.002246
>i5:474468:-0.002055
>vrail:474468:0.024353
>i7:474468:0.006640
>i8:474468:0.006175
>seq:474468:155.000000
>i3:474668:0.076180
>i4:474668:0.081677
>i5:474668:0.087972
>vrail:474668:0.024353
>i7:474668:0.078356
>i8:474668:0.080943
>seq:474668:186.000000
>i3:474868:0.053291
>i4:474868:0.066419
>i5:474868:0.062032
>vrail:474868:0.023483
>i7:474868:-0.000989
>i8:474868:0.055003
>seq:474868:216.000000
>i3:475068:-0.019951
>i4:475068:-0.019031
>i5:475068:-0.021892
>vrail:475068:0.023483
>i7:475068:-0.011671
>i8:475068:-0.022817
>seq:475068:247.000000
>i3:475268:-0.064201
>i4:475268:-0.046496
>i5:475268:-0.063090
>vrail:475268:0.022614
>i7:475268:-0.043714
>i8:475268:-0.065541
>seq:475268:21.000000
>i3:475468:-0.021477
>i4:475468:-0.019031
>i5:475468:-0.029521
>vrail:475468:0.022614
>i7:475468:-0.029981
>i8:475468:-0.018239
>seq:475468:52.000000
W (475755) 12vhpwr_proto: bad header 0x5c (alignment?)
rate: 993238804 native frames in 0.241 s = 4122349149 Hz (4122349.15 kSPS) [nominal 200 kSPS] -- burst/autoburst now use the measured rate
error: unknown command '' (try 'help')
W (475855) 12vhpwr_proto: bad header 0x5c (alignment?)
>i3:475868:-0.058098
>i4:475868:-0.063281
>i5:475868:-0.064616
>vrail:475868:0.022614
>i7:475868:-0.052869
>i8:475868:-0.062490
>seq:475868:106.000000
>i3:476068:-0.033684
>i4:476068:-0.034289
>i5:476068:-0.032573
>vrail:476068:0.022614
>i7:476068:-0.029981
>i8:476068:-0.039601
>seq:476068:137.000000
>i3:476268:0.007515
>i4:476268:0.008435
>i5:476268:0.007100
>vrail:476268:0.022614
>i7:476268:0.020373
>i8:476268:0.009227
>seq:476268:167.000000
>i3:476468:-0.048943
>i4:476468:-0.041919
>i5:476468:-0.047832
>vrail:476468:0.021744
>i7:476468:-0.002515
>i8:476468:-0.044179
>seq:476468:198.000000
>i3:476668:0.015144
>i4:476668:0.020642
>i5:476668:0.019307
>vrail:476668:0.022614
>i7:476668:-0.005567
>i8:476668:0.016856
>seq:476668:228.000000
>i3:476868:-0.003166
>i4:476868:-0.005298
>i5:476868:-0.015788
>vrail:476868:0.021744
>i7:476868:0.000536
>i8:476868:0.003123
>seq:476868:3.000000
>i3:477068:-0.051994
>i4:477068:-0.049548
>i5:477068:-0.060039
>vrail:477068:0.022614
>i7:477068:-0.042188
>i8:477068:-0.059438
>seq:477068:33.000000
>i3:477268:-0.042839
>i4:477268:-0.046496
>i5:477268:-0.032573
>vrail:477268:0.023483
>i7:477268:-0.054395
>i8:477268:-0.044179
>seq:477268:64.000000
>i3:477468:-0.030632
>i4:477468:-0.028186
>i5:477468:-0.023417
>vrail:477468:0.023483
>i7:477468:-0.007093
>i8:477468:-0.031972
>seq:477468:95.000000
>i3:477668:-0.058098
>i4:477668:-0.058703
>i5:477668:-0.066142
>vrail:477668:0.023483
>i7:477668:-0.062025
>i8:477668:-0.062490
>seq:477668:126.000000
>i3:477868:-0.059624
>i4:477868:-0.040393
>i5:477868:-0.055461
>vrail:477868:0.023483
>i7:477868:-0.042188
>i8:477868:-0.054860
>seq:477868:157.000000
>i3:478068:-0.030632
>i4:478068:-0.032763
>i5:478068:-0.026469
>vrail:478068:0.022614
>i7:478068:-0.008619
>i8:478068:-0.042653
>seq:478068:187.000000
>i3:478268:-0.035210
>i4:478268:-0.029712
>i5:478268:-0.037150
>vrail:478268:0.022614
>i7:478268:-0.023878
>i8:478268:-0.038075
>seq:478268:218.000000
>i3:478468:0.002937
>i4:478468:0.003858
>i5:478468:0.007100
>vrail:478468:0.022614
>i7:478468:0.009692
>i8:478468:0.010753
>seq:478468:248.000000
>i3:478668:-0.004692
>i4:478668:-0.000720
>i5:478668:-0.009685
>vrail:478668:0.022614
>i7:478668:0.024951
>i8:478668:0.009227
>seq:478668:23.000000
>i3:478868:-0.026054
>i4:478868:-0.028186
>i5:478868:-0.031047
>vrail:478868:0.022614
>i7:478868:-0.028455
>i8:478868:-0.033498
>seq:478868:53.000000
>i3:479068:0.034981
>i4:479068:0.028272
>i5:479068:0.040669
>vrail:479068:0.022614
>i7:479068:0.002062
>i8:479068:0.027537
>seq:479068:84.000000
>i3:479268:-0.013847
>i4:479268:-0.008349
>i5:479268:-0.008159
>vrail:479268:0.022614
>i7:479268:-0.008619
>i8:479268:-0.009084
>seq:479268:115.000000
>i3:479468:-0.070305
>i4:479468:-0.075488
>i5:479468:-0.078349
>vrail:479468:0.021744
>i7:479468:0.000536
>i8:479468:-0.067067
>seq:479468:145.000000
>i3:479668:-0.058098
>i4:479668:-0.061755
>i5:479668:-0.061564
>vrail:479668:0.021744
>i7:479668:-0.046766
>i8:479668:-0.057912
>seq:479668:176.000000
>i3:479868:-0.001640
>i4:479868:-0.005298
>i5:479868:-0.015788
>vrail:479868:0.021744
>i7:479868:-0.005567
>i8:479868:-0.007558
>seq:479868:206.000000
>i3:480068:-0.064201
>i4:480068:-0.070910
>i5:480068:-0.063090
>vrail:480068:0.021744
>i7:480068:-0.063550
>i8:480068:-0.059438
>seq:480068:237.000000
>i3:480268:-0.039787
>i4:480268:-0.044971
>i5:480268:-0.032573
>vrail:480268:0.020004
>i7:480268:-0.025403
>i8:480268:-0.038075
>seq:480268:11.000000
>i3:480468:0.059395
>i4:480468:0.051160
>i5:480468:0.040669
>vrail:480468:0.020004
>i7:480468:0.044787
>i8:480468:0.048900
>seq:480468:42.000000
>i3:480668:-0.027580
>i4:480668:-0.029712
>i5:480668:-0.034099
>vrail:480668:0.020004
>i7:480668:-0.025403
>i8:480668:-0.030446
>seq:480668:73.000000
>i3:480868:0.002937
>i4:480868:-0.000720
>i5:480868:0.005574
>vrail:480868:0.021744
>i7:480868:-0.011671
>i8:480868:-0.004506
>seq:480868:104.000000
>i3:481068:0.033455
>i4:481068:0.026746
>i5:481068:0.029988
>vrail:481068:0.023483
>i7:481068:0.005114
>i8:481068:0.030589
>seq:481068:135.000000
>i3:481268:-0.024529
>i4:481268:-0.037341
>i5:481268:-0.018840
>vrail:481268:0.023483
>i7:481268:-0.011671
>i8:481268:-0.018239
>seq:481268:165.000000
>i3:481468:0.065498
>i4:481468:0.070996
>i5:481468:0.062032
>vrail:481468:0.023483
>i7:481468:0.017321
>i8:481468:0.073314
>seq:481468:196.000000
>i3:481668:0.007515
>i4:481668:0.005383
>i5:481668:0.000997
>vrail:481668:0.023483
>i7:481668:-0.049818
>i8:481668:0.007701
>seq:481668:226.000000
>i3:481868:-0.050468
>i4:481868:-0.052600
>i5:481868:-0.050883
>vrail:481868:0.023483
>i7:481868:-0.054395
>i8:481868:-0.050282
>seq:481868:1.000000
>i3:482068:-0.068779
>i4:482068:-0.077014
>i5:482068:-0.067668
>vrail:482068:0.024353
>i7:482068:-0.072706
>i8:482068:-0.074697
>seq:482068:31.000000
>i3:482268:0.002937
>i4:482268:0.005383
>i5:482268:0.007100
>vrail:482268:0.024353
>i7:482268:0.024951
>i8:482268:0.012279
>seq:482268:62.000000
>i3:482468:0.135689
>i4:482468:0.135083
>i5:482468:0.132222
>vrail:482468:0.024353
>i7:482468:0.024951
>i8:482468:0.132823
>seq:482468:93.000000
>i3:482668:-0.035210
>i4:482668:-0.035815
>i5:482668:-0.040202
>vrail:482668:0.022614
>i7:482668:-0.034559
>i8:482668:-0.036550
>seq:482668:123.000000
>i3:482868:0.013618
>i4:482868:0.003858
>i5:482868:0.011678
>vrail:482868:0.021744
>i7:482868:-0.017774
>i8:482868:0.009227
>seq:482868:154.000000
>i3:483068:-0.023003
>i4:483068:-0.029712
>i5:483068:-0.038676
>vrail:483068:0.021744
>i7:483068:-0.023878
>i8:483068:-0.036550
>seq:483068:184.000000
>i3:483268:0.022774
>i4:483268:0.017591
>i5:483268:0.022359
>vrail:483268:0.021744
>i7:483268:-0.000989
>i8:483268:0.029063
>seq:483268:215.000000
>i3:483468:-0.047417
>i4:483468:-0.055652
>i5:483468:-0.055461
>vrail:483468:0.021744
>i7:483468:-0.043714
>i8:483468:-0.051808
>seq:483468:245.000000
>i3:483668:-0.035210
>i4:483668:-0.041919
>i5:483668:-0.041728
>vrail:483668:0.021744
>i7:483668:-0.037611
>i8:483668:-0.039601
>seq:483668:20.000000
>i3:483868:-0.033684
>i4:483868:-0.025134
>i5:483868:-0.037150
>vrail:483868:0.020874
>i7:483868:-0.020826
>i8:483868:-0.041127
>seq:483868:50.000000
>i3:484068:-0.050468
>i4:484068:-0.046496
>i5:484068:-0.040202
>vrail:484068:0.021744
>i7:484068:-0.054395
>i8:484068:-0.042653
>seq:484068:81.000000
>i3:484268:-0.013847
>i4:484268:-0.019031
>i5:484268:-0.014262
>vrail:484268:0.021744
>i7:484268:-0.031507
>i8:484268:-0.010610
>seq:484268:112.000000
>i3:484468:-0.012321
>i4:484468:-0.012927
>i5:484468:-0.017314
>vrail:484468:0.021744
>i7:484468:-0.055921
>i8:484468:-0.018239
>seq:484468:142.000000
>i3:484668:-0.030632
>i4:484668:-0.029712
>i5:484668:-0.038676
>vrail:484668:0.021744
>i7:484668:-0.031507
>i8:484668:-0.030446
>seq:484668:173.000000
>i3:484868:-0.007744
>i4:484868:-0.008349
>i5:484868:-0.011210
>vrail:484868:0.021744
>i7:484868:-0.004041
>i8:484868:-0.010610
>seq:484868:203.000000
>i3:485068:0.005989
>i4:485068:0.005383
>i5:485068:0.000997
>vrail:485068:0.021744
>i7:485068:-0.026929
>i8:485068:0.003123
>seq:485068:234.000000
>i3:485268:0.031929
>i4:485268:0.020642
>i5:485268:0.023885
>vrail:485268:0.021744
>i7:485268:0.069201
>i8:485268:0.032115
>seq:485268:8.000000
>i3:485468:0.041084
>i4:485468:0.031323
>i5:485468:0.031514
>vrail:485468:0.020004
>i7:485468:0.021899
>i8:485468:0.036693
>seq:485468:39.000000
>i3:485668:0.086861
>i4:485668:0.084729
>i5:485668:0.086446
>vrail:485668:0.020004
>i7:485668:-0.013196
>i8:485668:0.080943
>seq:485668:70.000000
>i3:485868:-0.032158
>i4:485868:-0.048022
>i5:485868:-0.035625
>vrail:485868:0.020004
>i7:485868:-0.042188
>i8:485868:-0.035024
>seq:485868:100.000000
>i3:486068:-0.044365
>i4:486068:-0.040393
>i5:486068:-0.052409
>vrail:486068:0.020004
>i7:486068:-0.052869
>i8:486068:-0.044179
>seq:486068:131.000000
>i3:486268:0.009041
>i4:486268:0.005383
>i5:486268:0.002522
>vrail:486268:0.020874
>i7:486268:0.020373
>i8:486268:0.013804
>seq:486268:161.000000
>i3:486468:-0.010796
>i4:486468:-0.006824
>i5:486468:-0.003581
>vrail:486468:0.020874
>i7:486468:-0.040662
>i8:486468:-0.013661
>seq:486468:192.000000
>i3:486668:0.005989
>i4:486668:0.005383
>i5:486668:0.014729
>vrail:486668:0.020874
>i7:486668:-0.019300
>i8:486668:0.007701
>seq:486668:222.000000
>i3:486868:-0.010796
>i4:486868:-0.006824
>i5:486868:-0.011210
>vrail:486868:0.020874
>i7:486868:-0.028455
>i8:486868:-0.009084
>seq:486868:253.000000
>i3:487068:-0.026054
>i4:487068:-0.023608
>i5:487068:-0.024943
>vrail:487068:0.020874
>i7:487068:-0.014722
>i8:487068:-0.024343
>seq:487068:27.000000
>i3:487268:0.108223
>i4:487268:0.116773
>i5:487268:0.112386
>vrail:487268:0.020874
>i7:487268:0.053942
>i8:487268:0.112987
>seq:487268:58.000000
>i3:487468:0.038033
>i4:487468:0.034375
>i5:487468:0.026937
>vrail:487468:0.020874
>i7:487468:-0.005567
>i8:487468:0.021434
>seq:487468:89.000000
>i3:487668:-0.024529
>i4:487668:-0.028186
>i5:487668:-0.021892
>vrail:487668:0.020874
>i7:487668:-0.031507
>i8:487668:-0.027394
>seq:487668:119.000000
>i3:487868:-0.062675
>i4:487868:-0.051074
>i5:487868:-0.055461
>vrail:487868:0.020004
>i7:487868:-0.042188
>i8:487868:-0.057912
>seq:487868:150.000000
>i3:488068:-0.001640
>i4:488068:-0.002246
>i5:488068:0.000997
>vrail:488068:0.020004
>i7:488068:0.002062
>i8:488068:0.001597
>seq:488068:180.000000
>i3:488268:0.088387
>i4:488268:0.090833
>i5:488268:0.083394
>vrail:488268:0.020874
>i7:488268:-0.017774
>i8:488268:0.090098
>seq:488268:211.000000
>i3:488468:-0.041313
>i4:488468:-0.048022
>i5:488468:-0.049357
>vrail:488468:0.020874
>i7:488468:-0.045240
>i8:488468:-0.042653
>seq:488468:241.000000
>i3:488668:-0.067253
>i4:488668:-0.055652
>i5:488668:-0.066142
>vrail:488668:0.020874
>i7:488668:-0.048292
>i8:488668:-0.062490
>seq:488668:16.000000
>i3:488868:-0.015373
>i4:488868:-0.015979
>i5:488868:-0.023417
>vrail:488868:0.020874
>i7:488868:-0.028455
>i8:488868:-0.012136
>seq:488868:47.000000
>i3:489068:0.012093
>i4:489068:0.011487
>i5:489068:0.013204
>vrail:489068:0.020874
>i7:489068:0.038683
>i8:489068:0.024486
>seq:489068:78.000000
>i3:489268:0.106697
>i4:489268:0.112195
>i5:489268:0.110860
>vrail:489268:0.021744
>i7:489268:0.020373
>i8:489268:0.114512
>seq:489268:109.000000
>i3:489468:-0.015373
>i4:489468:-0.008349
>i5:489468:-0.017314
>vrail:489468:0.020874
>i7:489468:-0.020826
>i8:489468:-0.027394
>seq:489468:139.000000
>i3:489668:0.050240
>i4:489668:0.057263
>i5:489668:0.051351
>vrail:489668:0.020874
>i7:489668:0.015795
>i8:489668:0.051951
>seq:489668:170.000000
>i3:489868:0.010567
>i4:489868:0.013013
>i5:489868:0.026937
>vrail:489868:0.020874
>i7:489868:-0.008619
>i8:489868:0.010753
>seq:489868:200.000000
>i3:490068:-0.047417
>i4:490068:-0.052600
>i5:490068:-0.058513
>vrail:490068:0.020874
>i7:490068:-0.014722
>i8:490068:-0.057912
>seq:490068:231.000000
>i3:490268:-0.044365
>i4:490268:-0.054126
>i5:490268:-0.066142
>vrail:490268:0.020874
>i7:490268:-0.057447
>i8:490268:-0.059438
>seq:490268:5.000000
>i3:490468:-0.071831
>i4:490468:-0.061755
>i5:490468:-0.067668
>vrail:490468:0.020874
>i7:490468:-0.066602
>i8:490468:-0.076222
>seq:490468:36.000000
>i3:490668:-0.027580
>i4:490668:-0.017505
>i5:490668:-0.034099
>vrail:490668:0.019135
>i7:490668:-0.031507
>i8:490668:-0.035024
>seq:490668:67.000000
>i3:490868:0.005989
>i4:490868:0.008435
>i5:490868:0.010152
>vrail:490868:0.020004
>i7:490868:-0.039136
>i8:490868:0.006175
>seq:490868:98.000000
>i3:491068:0.022774
>i4:491068:0.029798
>i5:491068:0.029988
>vrail:491068:0.020004
>i7:491068:0.055468
>i8:491068:0.032115
>seq:491068:129.000000
>i3:491268:-0.044365
>i4:491268:-0.038867
>i5:491268:-0.034099
>vrail:491268:0.020004
>i7:491268:-0.039136
>i8:491268:-0.042653
>seq:491268:159.000000
>i3:491468:0.034981
>i4:491468:0.029798
>i5:491468:0.025411
>vrail:491468:0.020004
>i7:491468:-0.017774
>i8:491468:0.027537
>seq:491468:190.000000
>i3:491668:-0.036736
>i4:491668:-0.041919
>i5:491668:-0.038676
>vrail:491668:0.020004
>i7:491668:-0.031507
>i8:491668:-0.033498
>seq:491668:220.000000
>i3:491868:-0.038261
>i4:491868:-0.037341
>i5:491868:-0.031047
>vrail:491868:0.020004
>i7:491868:-0.022352
>i8:491868:-0.030446
>seq:491868:251.000000
>i3:492068:0.091438
>i4:492068:0.098462
>i5:492068:0.092549
>vrail:492068:0.020004
>i7:492068:0.070727
>i8:492068:0.102305
>seq:492068:25.000000
>i3:492268:-0.042839
>i4:492268:-0.041919
>i5:492268:-0.034099
>vrail:492268:0.020004
>i7:492268:-0.042188
>i8:492268:-0.039601
>seq:492268:56.000000
>i3:492468:0.002937
>i4:492468:0.014539
>i5:492468:-0.000529
>vrail:492468:0.020004
>i7:492468:-0.029981
>i8:492468:0.004649
>seq:492468:87.000000
>i3:492668:-0.013847
>i4:492668:-0.012927
>i5:492668:-0.006633
>vrail:492668:0.020004
>i7:492668:-0.026929
>i8:492668:-0.007558
>seq:492668:117.000000
>i3:492868:0.001411
>i4:492868:-0.005298
>i5:492868:-0.000529
>vrail:492868:0.020874
>i7:492868:-0.040662
>i8:492868:-0.006032
>seq:492868:148.000000
>i3:493068:0.096016
>i4:493068:0.092359
>i5:493068:0.103230
>vrail:493068:0.020874
>i7:493068:0.038683
>i8:493068:0.100780
>seq:493068:178.000000
>i3:493268:-0.035210
>i4:493268:-0.034289
>i5:493268:-0.026469
>vrail:493268:0.020874
>i7:493268:-0.034559
>i8:493268:-0.036550
>seq:493268:209.000000
>i3:493468:0.007515
>i4:493468:0.014539
>i5:493468:-0.002055
>vrail:493468:0.020874
>i7:493468:-0.017774
>i8:493468:0.006175
>seq:493468:239.000000
>i3:493668:0.015144
>i4:493668:0.017591
>i5:493668:0.019307
>vrail:493668:0.020874
>i7:493668:-0.005567
>i8:493668:0.024486
>seq:493668:14.000000
>i3:493868:-0.012321
>i4:493868:-0.009875
>i5:493868:-0.017314
>vrail:493868:0.020874
>i7:493868:0.011218
>i8:493868:-0.016713
>seq:493868:45.000000
>i3:494068:0.108223
>i4:494068:0.106091
>i5:494068:0.107808
>vrail:494068:0.020874
>i7:494068:0.005114
>i8:494068:0.106883
>seq:494068:76.000000
>i3:494268:-0.051994
>i4:494268:-0.046496
>i5:494268:-0.047832
>vrail:494268:0.020874
>i7:494268:-0.043714
>i8:494268:-0.045705
>seq:494268:107.000000
>i3:494468:0.042610
>i4:494468:0.038953
>i5:494468:0.046773
>vrail:494468:0.020004
>i7:494468:0.011218
>i8:494468:0.041270
>seq:494468:137.000000
>i3:494668:-0.004692
>i4:494668:-0.005298
>i5:494668:-0.003581
>vrail:494668:0.020004
>i7:494668:-0.026929
>i8:494668:-0.002980
>seq:494668:168.000000
>i3:494868:0.013618
>i4:494868:0.013013
>i5:494868:0.010152
>vrail:494868:0.020004
>i7:494868:-0.013196
>i8:494868:0.016856
>seq:494868:198.000000
>i3:495068:-0.035210
>i4:495068:-0.032763
>i5:495068:-0.029521
>vrail:495068:0.020004
>i7:495068:-0.028455
>i8:495068:-0.031972
>seq:495068:229.000000
>i3:495268:0.010567
>i4:495268:0.014539
>i5:495268:0.017781
>vrail:495268:0.020004
>i7:495268:-0.023878
>i8:495268:0.012279
>seq:495268:3.000000
>i3:495468:0.034981
>i4:495468:0.043530
>i5:495468:0.025411
>vrail:495468:0.020004
>i7:495468:0.032580
>i8:495468:0.024486
>seq:495468:34.000000
>i3:495668:-0.030632
>i4:495668:-0.032763
>i5:495668:-0.026469
>vrail:495668:0.019135
>i7:495668:-0.007093
>i8:495668:-0.033498
>seq:495668:65.000000
>i3:495868:0.010567
>i4:495868:0.017591
>i5:495868:0.017781
>vrail:495868:0.020004
>i7:495868:0.011218
>i8:495868:0.006175
>seq:495868:95.000000
>i3:496068:-0.013847
>i4:496068:-0.017505
>i5:496068:-0.003581
>vrail:496068:0.020004
>i7:496068:0.021899
>i8:496068:-0.013661
>seq:496068:126.000000
>i3:496268:-0.006218
>i4:496268:0.006909
>i5:496268:-0.008159
>vrail:496268:0.019135
>i7:496268:-0.008619
>i8:496268:0.000072
>seq:496268:156.000000
>i3:496468:0.034981
>i4:496468:0.031323
>i5:496468:0.022359
>vrail:496468:0.020004
>i7:496468:0.021899
>i8:496468:0.032115
>seq:496468:187.000000
>i3:496668:0.013618
>i4:496668:0.016065
>i5:496668:0.013204
>vrail:496668:0.020004
>i7:496668:-0.014722
>i8:496668:0.013804
>seq:496668:217.000000
>i3:496868:-0.045891
>i4:496868:-0.041919
>i5:496868:-0.037150
>vrail:496868:0.019135
>i7:496868:-0.013196
>i8:496868:-0.036550
>seq:496868:248.000000
>i3:497068:-0.012321
>i4:497068:-0.006824
>i5:497068:-0.009685
>vrail:497068:0.019135
>i7:497068:-0.036085
>i8:497068:-0.001454
>seq:497068:22.000000
>i3:497268:0.019722
>i4:497268:0.025220
>i5:497268:0.016255
>vrail:497268:0.020004
>i7:497268:-0.033033
>i8:497268:0.016856
>seq:497268:53.000000
>i3:497468:0.047188
>i4:497468:0.051160
>i5:497468:0.048299
>vrail:497468:0.019135
>i7:497468:0.037158
>i8:497468:0.047374
>seq:497468:84.000000
>i3:497668:-0.000114
>i4:497668:-0.006824
>i5:497668:-0.003581
>vrail:497668:0.019135
>i7:497668:-0.004041
>i8:497668:-0.001454
>seq:497668:114.000000
>i3:497868:0.129585
>i4:497868:0.125928
>i5:497868:0.123067
>vrail:497868:0.019135
>i7:497868:0.101244
>i8:497868:0.125194
>seq:497868:145.000000
>i3:498068:0.025826
>i4:498068:0.034375
>i5:498068:0.029988
>vrail:498068:0.019135
>i7:498068:0.005114
>i8:498068:0.035167
>seq:498068:175.000000
>i3:498268:0.009041
>i4:498268:0.002332
>i5:498268:0.000997
>vrail:498268:0.019135
>i7:498268:0.015795
>i8:498268:0.004649
>seq:498268:206.000000
>i3:498468:0.005989
>i4:498468:0.013013
>i5:498468:0.008626
>vrail:498468:0.019135
>i7:498468:0.020373
>i8:498468:0.012279
>seq:498468:236.000000
>i3:498668:-0.001640
>i4:498668:-0.002246
>i5:498668:-0.005107
>vrail:498668:0.019135
>i7:498668:-0.019300
>i8:498668:-0.009084
>seq:498668:11.000000
>i3:498868:0.053291
>i4:498868:0.051160
>i5:498868:0.052876
>vrail:498868:0.019135
>i7:498868:0.018847
>i8:498868:0.050426
>seq:498868:42.000000
>i3:499068:-0.009270
>i4:499068:-0.014453
>i5:499068:-0.002055
>vrail:499068:0.019135
>i7:499068:-0.028455
>i8:499068:-0.007558
>seq:499068:73.000000
>i3:499268:-0.006218
>i4:499268:-0.014453
>i5:499268:-0.011210
>vrail:499268:0.020004
>i7:499268:-0.042188
>i8:499268:-0.010610
>seq:499268:104.000000
>i3:499468:-0.018425
>i4:499468:-0.015979
>i5:499468:-0.021892
>vrail:499468:0.020004
>i7:499468:-0.025403
>i8:499468:-0.021291
>seq:499468:134.000000
>i3:499668:0.007515
>i4:499668:0.016065
>i5:499668:0.013204
>vrail:499668:0.020004
>i7:499668:0.005114
>i8:499668:0.010753
>seq:499668:165.000000
>i3:499868:0.131111
>i4:499868:0.125928
>i5:499868:0.126119
>vrail:499868:0.019135
>i7:499868:0.047839
>i8:499868:0.129771
>seq:499868:195.000000
>i3:500068:-0.036736
>i4:500068:-0.019031
>i5:500068:-0.018840
>vrail:500068:0.019135
>i7:500068:-0.031507
>i8:500068:-0.027394
>seq:500068:226.000000
>i3:500268:0.031929
>i4:500268:0.032849
>i5:500268:0.025411
>vrail:500268:0.019135
>i7:500268:0.006640
>i8:500268:0.024486
>seq:500268:0.000000
>i3:500468:-0.003166
>i4:500468:-0.002246
>i5:500468:0.014729
>vrail:500468:0.019135
>i7:500468:-0.008619
>i8:500468:0.001597
>seq:500468:31.000000
>i3:500668:0.073128
>i4:500668:0.063367
>i5:500668:0.069661
>vrail:500668:0.019135
>i7:500668:0.029528
>i8:500668:0.071788
>seq:500668:62.000000
>i3:500868:0.025826
>i4:500868:0.035901
>i5:500868:0.039144
>vrail:500868:0.019135
>i7:500868:0.015795
>i8:500868:0.035167
>seq:500868:92.000000
>i3:501068:0.034981
>i4:501068:0.029798
>i5:501068:0.039144
>vrail:501068:0.019135
>i7:501068:0.006640
>i8:501068:0.030589
>seq:501068:123.000000
>i3:501268:-0.004692
>i4:501268:0.002332
>i5:501268:-0.000529
>vrail:501268:0.019135
>i7:501268:-0.020826
>i8:501268:0.003123
>seq:501268:153.000000
>i3:501468:-0.013847
>i4:501468:-0.008349
>i5:501468:-0.009685
>vrail:501468:0.019135
>i7:501468:-0.028455
>i8:501468:-0.012136
>seq:501468:184.000000
>i3:501668:0.002937
>i4:501668:0.008435
>i5:501668:0.002522
>vrail:501668:0.019135
>i7:501668:0.015795
>i8:501668:0.003123
>seq:501668:214.000000
>i3:501868:0.021248
>i4:501868:0.016065
>i5:501868:0.020833
>vrail:501868:0.019135
>i7:501868:-0.017774
>i8:501868:0.022960
>seq:501868:245.000000
>i3:502068:0.007515
>i4:502068:0.011487
>i5:502068:0.004048
>vrail:502068:0.019135
>i7:502068:-0.005567
>i8:502068:0.010753
>seq:502068:20.000000
>i3:502268:0.015144
>i4:502268:0.016065
>i5:502268:0.017781
>vrail:502268:0.019135
>i7:502268:-0.014722
>i8:502268:0.018382
>seq:502268:51.000000
>i3:502468:0.073128
>i4:502468:0.063367
>i5:502468:0.066609
>vrail:502468:0.019135
>i7:502468:0.029528
>i8:502468:0.067210
>seq:502468:82.000000
>i3:502668:0.021248
>i4:502668:0.019116
>i5:502668:0.019307
>vrail:502668:0.019135
>i7:502668:0.040209
>i8:502668:0.021434
>seq:502668:112.000000
>i3:502868:-0.004692
>i4:502868:-0.005298
>i5:502868:-0.015788
>vrail:502868:0.019135
>i7:502868:0.003588
>i8:502868:-0.010610
>seq:502868:143.000000
>i3:503068:-0.007744
>i4:503068:-0.005298
>i5:503068:-0.003581
>vrail:503068:0.019135
>i7:503068:-0.028455
>i8:503068:-0.015187
>seq:503068:173.000000
>i3:503268:0.002937
>i4:503268:0.003858
>i5:503268:0.011678
>vrail:503268:0.020004
>i7:503268:-0.040662
>i8:503268:0.003123
>seq:503268:204.000000
>i3:503468:-0.041313
>i4:503468:-0.043445
>i5:503468:-0.044780
>vrail:503468:0.019135
>i7:503468:-0.028455
>i8:503468:-0.036550
>seq:503468:234.000000
>i3:503668:0.012093
>i4:503668:0.011487
>i5:503668:0.016255
>vrail:503668:0.020004
>i7:503668:0.017321
>i8:503668:0.010753
>seq:503668:9.000000
>i3:503868:-0.001640
>i4:503868:-0.006824
>i5:503868:-0.008159
>vrail:503868:0.020004
>i7:503868:-0.013196
>i8:503868:-0.010610
>seq:503868:40.000000
>i3:504068:0.005989
>i4:504068:0.011487
>i5:504068:0.008626
>vrail:504068:0.020004
>i7:504068:-0.011671
>i8:504068:0.003123
>seq:504068:70.000000
>i3:504268:-0.019951
>i4:504268:-0.017505
>i5:504268:-0.014262
>vrail:504268:0.020004
>i7:504268:-0.026929
>i8:504268:-0.016713
>seq:504268:101.000000
>i3:504468:0.019722
>i4:504468:0.026746
>i5:504468:0.023885
>vrail:504468:0.020004
>i7:504468:0.000536
>i8:504468:0.010753
>seq:504468:131.000000
>i3:504668:0.089912
>i4:504668:0.080152
>i5:504668:0.086446
>vrail:504668:0.020004
>i7:504668:0.050890
>i8:504668:0.090098
>seq:504668:162.000000
>i3:504868:0.028877
>i4:504868:0.031323
>i5:504868:0.020833
>vrail:504868:0.020004
>i7:504868:0.005114
>i8:504868:0.029063
>seq:504868:192.000000
>i3:505068:0.010567
>i4:505068:0.008435
>i5:505068:0.007100
>vrail:505068:0.019135
>i7:505068:-0.011671
>i8:505068:0.013804
>seq:505068:223.000000
>i3:505268:0.030403
>i4:505268:0.013013
>i5:505268:0.022359
>vrail:505268:0.019135
>i7:505268:0.012743
>i8:505268:0.016856
>seq:505268:253.000000
>i3:505468:-0.012321
>i4:505468:-0.008349
>i5:505468:-0.005107
>vrail:505468:0.019135
>i7:505468:0.002062
>i8:505468:-0.009084
>seq:505468:28.000000
>i3:505668:0.080757
>i4:505668:0.089307
>i5:505668:0.092549
>vrail:505668:0.019135
>i7:505668:-0.007093
>i8:505668:0.090098
>seq:505668:59.000000
>i3:505868:-0.027580
>i4:505868:-0.031238
>i5:505868:-0.044780
>vrail:505868:0.019135
>i7:505868:-0.019300
>i8:505868:-0.038075
>seq:505868:89.000000
>i3:506068:0.063972
>i4:506068:0.069470
>i5:506068:0.069661
>vrail:506068:0.019135
>i7:506068:0.018847
>i8:506068:0.062633
>seq:506068:120.000000
>i3:506268:0.016670
>i4:506268:0.026746
>i5:506268:0.026937
>vrail:506268:0.020004
>i7:506268:-0.005567
>i8:506268:0.016856
>seq:506268:150.000000
>i3:506468:-0.013847
>i4:506468:-0.012927
>i5:506468:-0.003581
>vrail:506468:0.020004
>i7:506468:0.012743
>i8:506468:-0.016713
>seq:506468:181.000000
>i3:506668:0.038033
>i4:506668:0.034375
>i5:506668:0.036092
>vrail:506668:0.020004
>i7:506668:0.020373
>i8:506668:0.042796
>seq:506668:211.000000
>i3:506868:0.002937
>i4:506868:-0.002246
>i5:506868:0.008626
>vrail:506868:0.020004
>i7:506868:0.017321
>i8:506868:0.012279
>seq:506868:242.000000
>i3:507068:0.070076
>i4:507068:0.078626
>i5:507068:0.069661
>vrail:507068:0.020004
>i7:507068:0.024951
>i8:507068:0.071788
>seq:507068:17.000000
>i3:507268:-0.050468
>i4:507268:-0.055652
>i5:507268:-0.052409
>vrail:507268:0.020004
>i7:507268:-0.034559
>i8:507268:-0.053334
>seq:507268:48.000000
>i3:507468:0.010567
>i4:507468:0.016065
>i5:507468:0.010152
>vrail:507468:0.020004
>i7:507468:0.005114
>i8:507468:0.006175
>seq:507468:79.000000
>i3:507668:-0.061150
>i4:507668:-0.052600
>i5:507668:-0.052409
>vrail:507668:0.020874
>i7:507668:-0.051343
>i8:507668:-0.053334
>seq:507668:109.000000
>i3:507868:-0.045891
>i4:507868:-0.055652
>i5:507868:-0.044780
>vrail:507868:0.020874
>i7:507868:-0.011671
>i8:507868:-0.048757
>seq:507868:140.000000
>i3:508068:0.060921
>i4:508068:0.061841
>i5:508068:0.057454
>vrail:508068:0.020874
>i7:508068:0.035632
>i8:508068:0.062633
>seq:508068:170.000000
>i3:508268:0.033455
>i4:508268:0.032849
>i5:508268:0.040669
>vrail:508268:0.020874
>i7:508268:0.023425
>i8:508268:0.036693
>seq:508268:201.000000
>i3:508468:0.030403
>i4:508468:0.042005
>i5:508468:0.033040
>vrail:508468:0.018265
>i7:508468:0.075305
>i8:508468:0.042796
>seq:508468:231.000000
>i3:508668:0.050240
>i4:508668:0.051160
>i5:508668:0.051351
>vrail:508668:0.018265
>i7:508668:0.012743
>i8:508668:0.050426
>seq:508668:6.000000
>i3:508868:0.048714
>i4:508868:0.045056
>i5:508868:0.052876
>vrail:508868:0.018265
>i7:508868:0.028002
>i8:508868:0.056529
>seq:508868:37.000000
>i3:509068:-0.013847
>i4:509068:-0.019031
>i5:509068:-0.012736
>vrail:509068:0.020004
>i7:509068:-0.014722
>i8:509068:-0.027394
>seq:509068:67.000000
>i3:509268:0.004463
>i4:509268:-0.002246
>i5:509268:0.004048
>vrail:509268:0.020874
>i7:509268:-0.008619
>i8:509268:0.013804
>seq:509268:98.000000
>i3:509468:0.013618
>i4:509468:0.013013
>i5:509468:0.019307
>vrail:509468:0.020874
>i7:509468:0.024951
>i8:509468:0.010753
>seq:509468:128.000000
>i3:509668:-0.019951
>i4:509668:-0.020556
>i5:509668:-0.027995
>vrail:509668:0.021744
>i7:509668:-0.017774
>i8:509668:-0.033498
>seq:509668:159.000000
>i3:509868:-0.018425
>i4:509868:-0.012927
>i5:509868:-0.018840
>vrail:509868:0.020874
>i7:509868:-0.022352
>i8:509868:-0.016713
>seq:509868:189.000000
>i3:510068:-0.001640
>i4:510068:-0.005298
>i5:510068:-0.008159
>vrail:510068:0.021744
>i7:510068:-0.034559
>i8:510068:-0.012136
>seq:510068:220.000000
>i3:510268:0.016670
>i4:510268:0.017591
>i5:510268:0.005574
>vrail:510268:0.021744
>i7:510268:0.000536
>i8:510268:0.012279
>seq:510268:251.000000
>i3:510468:0.132637
>i4:510468:0.141187
>i5:510468:0.138326
>vrail:510468:0.020874
>i7:510468:0.085986
>i8:510468:0.134349
>seq:510468:26.000000
>i3:510668:-0.003166
>i4:510668:-0.002246
>i5:510668:-0.006633
>vrail:510668:0.020874
>i7:510668:0.024951
>i8:510668:-0.006032
>seq:510668:57.000000
>i3:510868:-0.032158
>i4:510868:-0.041919
>i5:510868:-0.044780
>vrail:510868:0.020874
>i7:510868:-0.019300
>i8:510868:-0.031972
>seq:510868:87.000000
>i3:511068:-0.021477
>i4:511068:-0.011401
>i5:511068:-0.024943
>vrail:511068:0.019135
>i7:511068:0.018847
>i8:511068:-0.015187
>seq:511068:118.000000
>i3:511268:-0.003166
>i4:511268:0.002332
>i5:511268:-0.008159
>vrail:511268:0.019135
>i7:511268:0.014269
>i8:511268:-0.002980
>seq:511268:148.000000
>i3:511468:0.092964
>i4:511468:0.092359
>i5:511468:0.095601
>vrail:511468:0.020874
>i7:511468:0.028002
>i8:511468:0.093150
>seq:511468:179.000000
>i3:511668:-0.084038
>i4:511668:-0.077014
>i5:511668:-0.079875
>vrail:511668:0.020874
>i7:511668:-0.055921
>i8:511668:-0.079274
>seq:511668:209.000000
>i3:511868:-0.036736
>i4:511868:-0.028186
>i5:511868:-0.031047
>vrail:511868:0.020874
>i7:511868:-0.036085
>i8:511868:-0.035024
>seq:511868:240.000000
>i3:512068:0.013618
>i4:512068:0.020642
>i5:512068:0.023885
>vrail:512068:0.020874
>i7:512068:-0.026929
>i8:512068:0.016856
>seq:512068:15.000000
>i3:512268:-0.024529
>i4:512268:-0.035815
>i5:512268:-0.038676
>vrail:512268:0.020874
>i7:512268:-0.022352
>i8:512268:-0.041127
>seq:512268:46.000000
>i3:512468:-0.009270
>i4:512468:-0.002246
>i5:512468:-0.003581
>vrail:512468:0.020874
>i7:512468:-0.039136
>i8:512468:0.004649
>seq:512468:77.000000
>i3:512668:-0.015373
>i4:512668:-0.012927
>i5:512668:-0.011210
>vrail:512668:0.020874
>i7:512668:-0.023878
>i8:512668:-0.016713
>seq:512668:107.000000
>i3:512868:-0.001640
>i4:512868:0.000806
>i5:512868:-0.006633
>vrail:512868:0.020874
>i7:512868:-0.005567
>i8:512868:-0.009084
>seq:512868:138.000000
>i3:513068:-0.023003
>i4:513068:-0.032763
>i5:513068:-0.020366
>vrail:513068:0.020004
>i7:513068:0.012743
>i8:513068:-0.022817
>seq:513068:168.000000
>i3:513268:0.015144
>i4:513268:0.019116
>i5:513268:0.017781
>vrail:513268:0.020874
>i7:513268:0.020373
>i8:513268:0.019908
>seq:513268:199.000000
>i3:513468:-0.035210
>i4:513468:-0.031238
>i5:513468:-0.024943
>vrail:513468:0.020874
>i7:513468:-0.020826
>i8:513468:-0.038075
>seq:513468:229.000000
>i3:513668:0.002937
>i4:513668:-0.003772
>i5:513668:-0.009685
>vrail:513668:0.020874
>i7:513668:-0.013196
>i8:513668:-0.002980
>seq:513668:4.000000
>i3:513868:-0.036736
>i4:513868:-0.026660
>i5:513868:-0.031047
>vrail:513868:0.020874
>i7:513868:-0.042188
>i8:513868:-0.028920
>seq:513868:35.000000
>i3:514068:-0.039787
>i4:514068:-0.035815
>i5:514068:-0.044780
>vrail:514068:0.020874
>i7:514068:-0.034559
>i8:514068:-0.031972
>seq:514068:65.000000
>i3:514268:0.030403
>i4:514268:0.022168
>i5:514268:0.023885
>vrail:514268:0.020874
>i7:514268:0.035632
>i8:514268:0.026011
>seq:514268:96.000000
>i3:514468:-0.015373
>i4:514468:-0.011401
>i5:514468:-0.012736
>vrail:514468:0.020874
>i7:514468:-0.029981
>i8:514468:-0.016713
>seq:514468:126.000000
>i3:514668:0.004463
>i4:514668:0.005383
>i5:514668:0.000997
>vrail:514668:0.021744
>i7:514668:-0.008619
>i8:514668:-0.004506
>seq:514668:157.000000
>i3:514868:0.053291
>i4:514868:0.057263
>i5:514868:0.052876
>vrail:514868:0.020004
>i7:514868:0.002062
>i8:514868:0.064158
>seq:514868:187.000000
>i3:515068:0.034981
>i4:515068:0.034375
>i5:515068:0.037618
>vrail:515068:0.021744
>i7:515068:-0.002515
>i8:515068:0.041270
>seq:515068:218.000000
>i3:515268:0.050240
>i4:515268:0.055737
>i5:515268:0.051351
>vrail:515268:0.021744
>i7:515268:0.063097
>i8:515268:0.059581
>seq:515268:249.000000
>i3:515468:0.012093
>i4:515468:0.017591
>i5:515468:0.023885
>vrail:515468:0.021744
>i7:515468:0.018847
>i8:515468:0.024486
>seq:515468:24.000000
>i3:515668:-0.013847
>i4:515668:-0.015979
>i5:515668:-0.015788
>vrail:515668:0.021744
>i7:515668:-0.016248
>i8:515668:-0.015187
>seq:515668:55.000000
>i3:515868:-0.006218
>i4:515868:-0.012927
>i5:515868:-0.012736
>vrail:515868:0.021744
>i7:515868:-0.026929
>i8:515868:-0.010610
>seq:515868:85.000000
>i3:516068:-0.000114
>i4:516068:0.003858
>i5:516068:0.000997
>vrail:516068:0.021744
>i7:516068:-0.034559
>i8:516068:0.003123
>seq:516068:116.000000
>i3:516268:0.080757
>i4:516268:0.078626
>i5:516268:0.077291
>vrail:516268:0.021744
>i7:516268:0.050890
>i8:516268:0.079417
>seq:516268:146.000000
