** Drc report for 12vhpwr-standard-module.kicad_pcb **
** Created on 2026-06-05T18:09:41 **
** Report includes: Errors, Warnings, Exclusions **

** Found 46 DRC violations **
[track_dangling]: Track has unconnected end
    Local override; warning
    @(160.1250 mm, 95.0000 mm): Track [/TEMP1] on B.Cu, length 2.8750 mm
[via_dangling]: Via is not connected or connected on only one layer
    Local override; warning
    @(145.1250 mm, 98.2500 mm): Via [/ISENSEP5] on F.Cu - B.Cu
[via_dangling]: Via is not connected or connected on only one layer
    Local override; warning
    @(134.8750 mm, 76.5000 mm): Via [/SENSEP4_HI] on F.Cu - B.Cu
[via_dangling]: Via is not connected or connected on only one layer
    Local override; warning
    @(135.5750 mm, 76.5000 mm): Via [/SENSEP4_HI] on F.Cu - B.Cu
[via_dangling]: Via is not connected or connected on only one layer
    Local override; warning
    @(134.1750 mm, 76.5000 mm): Via [/SENSEP4_HI] on F.Cu - B.Cu
[via_dangling]: Via is not connected or connected on only one layer
    Local override; warning
    @(140.8750 mm, 76.5000 mm): Via [/SENSEP5_HI] on F.Cu - B.Cu
[via_dangling]: Via is not connected or connected on only one layer
    Local override; warning
    @(141.5750 mm, 76.5000 mm): Via [/SENSEP5_HI] on F.Cu - B.Cu
[via_dangling]: Via is not connected or connected on only one layer
    Local override; warning
    @(140.1750 mm, 76.5000 mm): Via [/SENSEP5_HI] on F.Cu - B.Cu
[via_dangling]: Via is not connected or connected on only one layer
    Local override; warning
    @(152.2500 mm, 85.7500 mm): Via [+3V3] on F.Cu - B.Cu
[via_dangling]: Via is not connected or connected on only one layer
    Local override; warning
    @(123.5750 mm, 76.5000 mm): Via [/SENSEP2_HI] on F.Cu - B.Cu
[via_dangling]: Via is not connected or connected on only one layer
    Local override; warning
    @(122.8750 mm, 76.5000 mm): Via [/SENSEP2_HI] on F.Cu - B.Cu
[via_dangling]: Via is not connected or connected on only one layer
    Local override; warning
    @(122.1750 mm, 76.5000 mm): Via [/SENSEP2_HI] on F.Cu - B.Cu
[via_dangling]: Via is not connected or connected on only one layer
    Local override; warning
    @(116.8750 mm, 76.5000 mm): Via [/SENSEP1_HI] on F.Cu - B.Cu
[via_dangling]: Via is not connected or connected on only one layer
    Local override; warning
    @(116.1750 mm, 76.5000 mm): Via [/SENSEP1_HI] on F.Cu - B.Cu
[via_dangling]: Via is not connected or connected on only one layer
    Local override; warning
    @(117.5750 mm, 76.5000 mm): Via [/SENSEP1_HI] on F.Cu - B.Cu
[via_dangling]: Via is not connected or connected on only one layer
    Local override; warning
    @(128.1750 mm, 76.5000 mm): Via [/SENSEP3_HI] on F.Cu - B.Cu
[via_dangling]: Via is not connected or connected on only one layer
    Local override; warning
    @(129.5750 mm, 76.5000 mm): Via [/SENSEP3_HI] on F.Cu - B.Cu
[via_dangling]: Via is not connected or connected on only one layer
    Local override; warning
    @(128.8750 mm, 76.5000 mm): Via [/SENSEP3_HI] on F.Cu - B.Cu
[via_dangling]: Via is not connected or connected on only one layer
    Local override; warning
    @(147.5750 mm, 76.5000 mm): Via [/SENSEP6_HI] on F.Cu - B.Cu
[via_dangling]: Via is not connected or connected on only one layer
    Local override; warning
    @(146.8750 mm, 76.5000 mm): Via [/SENSEP6_HI] on F.Cu - B.Cu
[via_dangling]: Via is not connected or connected on only one layer
    Local override; warning
    @(146.1750 mm, 76.5000 mm): Via [/SENSEP6_HI] on F.Cu - B.Cu
[silk_edge_clearance]: Silkscreen clipped by board edge
    Rule: board setup constraints silk; warning
    @(170.8750 mm, 58.3500 mm): Segment on Edge.Cuts
    @(157.5200 mm, 133.5975 mm): Segment of J1 on F.Silkscreen
[silk_edge_clearance]: Silkscreen clipped by board edge
    Rule: board setup constraints silk; warning
    @(170.8750 mm, 58.3500 mm): Segment on Edge.Cuts
    @(157.5200 mm, 118.0775 mm): Segment of J1 on F.Silkscreen
[silk_edge_clearance]: Silkscreen clipped by board edge
    Rule: board setup constraints silk; warning
    @(112.8750 mm, 58.3500 mm): Segment on Edge.Cuts
    @(122.6100 mm, 53.8810 mm): Segment of J3 on F.Silkscreen
[silk_edge_clearance]: Silkscreen clipped by board edge
    Rule: board setup constraints silk; warning
    @(112.8750 mm, 58.3500 mm): Segment on Edge.Cuts
    @(141.7108 mm, 63.7870 mm): Segment of J3 on F.Silkscreen
[silk_edge_clearance]: Silkscreen clipped by board edge
    Rule: board setup constraints silk; warning
    @(170.8750 mm, 58.3500 mm): Segment on Edge.Cuts
    @(170.5050 mm, 67.7700 mm): Segment of J5 on F.Silkscreen
[silk_edge_clearance]: Silkscreen clipped by board edge
    Rule: board setup constraints silk; warning
    @(170.8750 mm, 58.3500 mm): Segment on Edge.Cuts
    @(172.2100 mm, 76.9300 mm): Segment of J5 on F.Silkscreen
[silk_edge_clearance]: Silkscreen clipped by board edge
    Rule: board setup constraints silk; warning
    @(170.8750 mm, 138.3500 mm): Segment on Edge.Cuts
    @(122.7892 mm, 130.7130 mm): Segment of J4 on F.Silkscreen
[silk_edge_clearance]: Silkscreen clipped by board edge
    Rule: board setup constraints silk; warning
    @(170.8750 mm, 138.3500 mm): Segment on Edge.Cuts
    @(141.8900 mm, 140.6190 mm): Segment of J4 on F.Silkscreen
[holes_co_located]: Drilled holes co-located
    Local override; warning
    @(162.7500 mm, 85.2500 mm): Via [GND] on F.Cu - B.Cu
    @(162.7500 mm, 85.2500 mm): Via [GND] on F.Cu - B.Cu
[holes_co_located]: Drilled holes co-located
    Local override; warning
    @(163.0000 mm, 82.2500 mm): Via [GND] on F.Cu - B.Cu
    @(163.0000 mm, 82.2500 mm): Via [GND] on F.Cu - B.Cu
[holes_co_located]: Drilled holes co-located
    Local override; warning
    @(163.0000 mm, 82.2500 mm): Via [GND] on F.Cu - B.Cu
    @(163.0000 mm, 82.2500 mm): Via [GND] on F.Cu - B.Cu
[holes_co_located]: Drilled holes co-located
    Local override; warning
    @(163.0000 mm, 82.2500 mm): Via [GND] on F.Cu - B.Cu
    @(163.0000 mm, 82.2500 mm): Via [GND] on F.Cu - B.Cu
[lib_footprint_mismatch]: Footprint 'CEC_Logo_Copper' does not match copy in library 'cec'
    Local override; warning
    @(120.7500 mm, 112.2500 mm): Footprint LOGO1
[silk_overlap]: Silkscreen clearance
    Rule: board setup constraints silk; warning
    @(156.3500 mm, 112.7500 mm): Value field of U2 (TJA1051T/3)
    @(155.0000 mm, 117.0000 mm): Reference field of C8
[silk_overlap]: Silkscreen clearance
    Rule: board setup constraints silk; warning
    @(170.3500 mm, 102.0750 mm): Segment of SW1 on F.Silkscreen
    @(170.0000 mm, 91.5000 mm): Value field of U1 (ESP32-S3-MINI-1-N4R2)
[silk_overlap]: Silkscreen clearance
    Rule: board setup constraints silk; warning
    @(169.8600 mm, 84.6078 mm): Segment of C5 on F.Silkscreen
    @(170.0000 mm, 91.5000 mm): Value field of U1 (ESP32-S3-MINI-1-N4R2)
[silk_over_copper]: Silkscreen clipped by solder mask
    Local override; warning
    @(157.5200 mm, 133.5975 mm): Segment of J1 on F.Silkscreen
    @(167.7500 mm, 131.5525 mm): PTH pad SH1 [unconnected-(J1-SHIELD-PadSH1)] of J1
[silk_over_copper]: Silkscreen clipped by solder mask
    Local override; warning
    @(157.5200 mm, 118.0775 mm): Segment of J1 on F.Silkscreen
    @(167.7500 mm, 120.1225 mm): PTH pad SH2 [unconnected-(J1-SHIELD-PadSH2)] of J1
[silk_over_copper]: Silkscreen clipped by solder mask
    Local override; warning
    @(156.3500 mm, 112.7500 mm): Value field of U2 (TJA1051T/3)
    @(156.5200 mm, 117.0000 mm): Pad 2 [GND] of C8 on F.Cu
[silk_over_copper]: Silkscreen clipped by solder mask
    Local override; warning
    @(116.1800 mm, 125.0000 mm): Circle of TH2 on F.Silkscreen
    @(116.2500 mm, 124.7500 mm): Pad 1 [+3V3] of TH2 on F.Cu
[silk_over_copper]: Silkscreen clipped by solder mask
    Local override; warning
    @(170.0000 mm, 91.5000 mm): Value field of U1 (ESP32-S3-MINI-1-N4R2)
    @(169.3500 mm, 100.8750 mm): Pad 1 [GND] of SW1 on F.Cu
[silk_over_copper]: Silkscreen clipped by solder mask
    Local override; warning
    @(170.0000 mm, 91.5000 mm): Value field of U1 (ESP32-S3-MINI-1-N4R2)
    @(169.5000 mm, 87.0100 mm): Pad 1 [+3V3] of R2 on F.Cu
[silk_over_copper]: Silkscreen clipped by solder mask
    Local override; warning
    @(170.0000 mm, 91.5000 mm): Value field of U1 (ESP32-S3-MINI-1-N4R2)
    @(169.5000 mm, 84.9800 mm): Pad 1 [/EN] of C5 on F.Cu
[silk_over_copper]: Silkscreen clipped by solder mask
    Local override; warning
    @(170.0000 mm, 91.5000 mm): Value field of U1 (ESP32-S3-MINI-1-N4R2)
    @(169.5000 mm, 84.0200 mm): Pad 2 [GND] of C5 on F.Cu
[silk_over_copper]: Silkscreen clipped by solder mask
    Local override; warning
    @(131.5000 mm, 74.7500 mm): Circle of TH1 on F.Silkscreen
    @(131.5700 mm, 74.5000 mm): Pad 1 [+3V3] of TH1 on F.Cu

** Found 0 unconnected pads **

** Found 4 Footprint errors **
[net_conflict]: Pad net (/SENSEP6_HI) doesn't match net given by schematic (/SENSEP1_HI)
    Local override; warning
    @(151.5000 mm, 95.0100 mm): Pad 1 [/SENSEP6_HI] of R5 on F.Cu
[extra_footprint]: Extra footprint
    Local override; warning
    @(116.8750 mm, 134.3500 mm): Footprint H3
[extra_footprint]: Extra footprint
    Local override; warning
    @(116.8750 mm, 62.3500 mm): Footprint H1
[extra_footprint]: Extra footprint
    Local override; warning
    @(166.8750 mm, 62.3500 mm): Footprint H2

** Ignored checks **
    - Footprint has no courtyard defined
    - Track endpoint not centered on via
    - Tuning profile track geometries
    - Footprint doesn't match symbol's footprint filters
    - Footprint component type doesn't match footprint pads

** End of Report **
