** Drc report for 12vhpwr-standard-module.kicad_pcb **
** Created on 2026-06-05T21:38:54 **
** Report includes: Errors, Warnings, Exclusions **

** Found 13 DRC violations **
[silk_edge_clearance]: Silkscreen clipped by board edge
    Rule: board setup constraints silk; warning
    @(112.8750 mm, 58.3500 mm): Segment on Edge.Cuts
    @(122.6100 mm, 53.8810 mm): Segment of J3 on F.Silkscreen
[silk_edge_clearance]: Silkscreen clipped by board edge
    Rule: board setup constraints silk; warning
    @(112.8750 mm, 58.3500 mm): Segment on Edge.Cuts
    @(141.7108 mm, 63.7870 mm): Segment of J3 on F.Silkscreen
[silk_edge_clearance]: Silkscreen clipped by board edge
    Rule: board setup constraints silk; warning
    @(170.8750 mm, 58.3500 mm): Segment on Edge.Cuts
    @(170.4200 mm, 117.8225 mm): Segment of J1 on F.Silkscreen
[silk_edge_clearance]: Silkscreen clipped by board edge
    Rule: board setup constraints silk; warning
    @(170.8750 mm, 58.3500 mm): Segment on Edge.Cuts
    @(173.9500 mm, 133.8725 mm): Segment of J1 on F.Silkscreen
[silk_edge_clearance]: Silkscreen clipped by board edge
    Rule: board setup constraints silk; warning
    @(170.8750 mm, 58.3500 mm): Segment on Edge.Cuts
    @(170.5050 mm, 67.7700 mm): Segment of J5 on F.Silkscreen
[silk_edge_clearance]: Silkscreen clipped by board edge
    Rule: board setup constraints silk; warning
    @(170.8750 mm, 58.3500 mm): Segment on Edge.Cuts
    @(172.2100 mm, 76.9300 mm): Segment of J5 on F.Silkscreen
[silk_edge_clearance]: Silkscreen clipped by board edge
    Rule: board setup constraints silk; warning
    @(170.8750 mm, 138.3500 mm): Segment on Edge.Cuts
    @(122.7892 mm, 130.7130 mm): Segment of J4 on F.Silkscreen
[silk_edge_clearance]: Silkscreen clipped by board edge
    Rule: board setup constraints silk; warning
    @(170.8750 mm, 138.3500 mm): Segment on Edge.Cuts
    @(141.8900 mm, 140.6190 mm): Segment of J4 on F.Silkscreen
[silk_over_copper]: Silkscreen clipped by solder mask
    Local override; warning
    @(116.1800 mm, 125.0000 mm): Circle of TH2 on F.Silkscreen
    @(116.2500 mm, 124.7500 mm): Pad 1 [+3V3] of TH2 on F.Cu
[silk_over_copper]: Silkscreen clipped by solder mask
    Local override; warning
    @(170.2500 mm, 91.5000 mm): Value field of U1 (ESP32-S3-MINI-1-N4R2)
    @(169.5000 mm, 87.0100 mm): Pad 1 [+3V3] of R2 on F.Cu
[silk_over_copper]: Silkscreen clipped by solder mask
    Local override; warning
    @(170.2500 mm, 91.5000 mm): Value field of U1 (ESP32-S3-MINI-1-N4R2)
    @(169.5000 mm, 84.9800 mm): Pad 1 [/EN] of C5 on F.Cu
[silk_over_copper]: Silkscreen clipped by solder mask
    Local override; warning
    @(170.2500 mm, 91.5000 mm): Value field of U1 (ESP32-S3-MINI-1-N4R2)
    @(169.5000 mm, 84.0200 mm): Pad 2 [GND] of C5 on F.Cu
[silk_over_copper]: Silkscreen clipped by solder mask
    Local override; warning
    @(131.5000 mm, 74.7500 mm): Circle of TH1 on F.Silkscreen
    @(131.5700 mm, 74.5000 mm): Pad 1 [+3V3] of TH1 on F.Cu

** Found 0 unconnected pads **

** Found 3 Footprint errors **
[extra_footprint]: Extra footprint
    Local override; warning
    @(116.8750 mm, 134.3500 mm): Footprint H3
[extra_footprint]: Extra footprint
    Local override; warning
    @(116.8750 mm, 62.3500 mm): Footprint H1
[extra_footprint]: Extra footprint
    Local override; warning
    @(166.8750 mm, 62.3500 mm): Footprint H2

** Ignored checks **
    - Footprint has no courtyard defined
    - Track endpoint not centered on via
    - Tuning profile track geometries
    - Footprint doesn't match symbol's footprint filters
    - Footprint component type doesn't match footprint pads

** End of Report **
