** Drc report for hub-standard.kicad_pcb **
** Created on 2026-06-03T22:20:39 **
** Report includes: Warnings, Exclusions **

** Found 24 DRC violations **
[silk_edge_clearance]: Silkscreen clipped by board edge
    Rule: board setup constraints silk; warning
    @(70.0000 mm, 92.0000 mm): Rectangle on Edge.Cuts
    @(95.4200 mm, 164.7850 mm): Segment of J6 on F.Silkscreen
[silk_edge_clearance]: Silkscreen clipped by board edge
    Rule: board setup constraints silk; warning
    @(70.0000 mm, 92.0000 mm): Rectangle on Edge.Cuts
    @(104.5800 mm, 163.0800 mm): Segment of J6 on F.Silkscreen
[silk_edge_clearance]: Silkscreen clipped by board edge
    Rule: board setup constraints silk; warning
    @(70.0000 mm, 92.0000 mm): Rectangle on Edge.Cuts
    @(136.0975 mm, 105.4800 mm): Segment of J4 on F.Silkscreen
[silk_edge_clearance]: Silkscreen clipped by board edge
    Rule: board setup constraints silk; warning
    @(70.0000 mm, 92.0000 mm): Rectangle on Edge.Cuts
    @(120.5775 mm, 105.4800 mm): Segment of J4 on F.Silkscreen
[silk_edge_clearance]: Silkscreen clipped by board edge
    Rule: board setup constraints silk; warning
    @(70.0000 mm, 92.0000 mm): Rectangle on Edge.Cuts
    @(65.1000 mm, 137.2000 mm): Segment of U1 on F.Silkscreen
[silk_edge_clearance]: Silkscreen clipped by board edge
    Rule: board setup constraints silk; warning
    @(70.0000 mm, 92.0000 mm): Rectangle on Edge.Cuts
    @(65.1000 mm, 118.8000 mm): Segment of U1 on F.Silkscreen
[silk_edge_clearance]: Silkscreen clipped by board edge
    Rule: board setup constraints silk; warning
    @(70.0000 mm, 92.0000 mm): Rectangle on Edge.Cuts
    @(172.8650 mm, 110.1900 mm): Segment of J1 on F.Silkscreen
[silk_edge_clearance]: Silkscreen clipped by board edge
    Rule: board setup constraints silk; warning
    @(70.0000 mm, 92.0000 mm): Rectangle on Edge.Cuts
    @(172.8650 mm, 117.8100 mm): Segment of J1 on F.Silkscreen
[silk_edge_clearance]: Silkscreen clipped by board edge
    Rule: board setup constraints silk; warning
    @(70.0000 mm, 92.0000 mm): Rectangle on Edge.Cuts
    @(166.7550 mm, 113.0000 mm): Rectangle of J1 on F.Silkscreen
[silk_edge_clearance]: Silkscreen clipped by board edge
    Rule: board setup constraints silk; warning
    @(70.0000 mm, 92.0000 mm): Rectangle on Edge.Cuts
    @(166.7550 mm, 115.5000 mm): Rectangle of J1 on F.Silkscreen
[silk_edge_clearance]: Silkscreen clipped by board edge
    Rule: board setup constraints silk; warning
    @(70.0000 mm, 92.0000 mm): Rectangle on Edge.Cuts
    @(102.0775 mm, 105.4800 mm): Segment of J3 on F.Silkscreen
[silk_edge_clearance]: Silkscreen clipped by board edge
    Rule: board setup constraints silk; warning
    @(70.0000 mm, 92.0000 mm): Rectangle on Edge.Cuts
    @(117.5975 mm, 105.4800 mm): Segment of J3 on F.Silkscreen
[silk_edge_clearance]: Silkscreen clipped by board edge
    Rule: board setup constraints silk; warning
    @(70.0000 mm, 92.0000 mm): Rectangle on Edge.Cuts
    @(83.5775 mm, 105.4800 mm): Segment of J2 on F.Silkscreen
[silk_edge_clearance]: Silkscreen clipped by board edge
    Rule: board setup constraints silk; warning
    @(70.0000 mm, 92.0000 mm): Rectangle on Edge.Cuts
    @(99.0975 mm, 105.4800 mm): Segment of J2 on F.Silkscreen
[silk_edge_clearance]: Silkscreen clipped by board edge
    Rule: board setup constraints silk; warning
    @(70.0000 mm, 92.0000 mm): Rectangle on Edge.Cuts
    @(138.5775 mm, 105.4800 mm): Segment of J5 on F.Silkscreen
[silk_edge_clearance]: Silkscreen clipped by board edge
    Rule: board setup constraints silk; warning
    @(70.0000 mm, 92.0000 mm): Rectangle on Edge.Cuts
    @(154.0975 mm, 105.4800 mm): Segment of J5 on F.Silkscreen
[silk_over_copper]: Silkscreen clipped by solder mask
    Local override; warning
    @(136.0975 mm, 105.4800 mm): Segment of J4 on F.Silkscreen
    @(134.0525 mm, 95.2500 mm): PTH pad SH1 [GND] of J4
[silk_over_copper]: Silkscreen clipped by solder mask
    Local override; warning
    @(120.5775 mm, 105.4800 mm): Segment of J4 on F.Silkscreen
    @(122.6225 mm, 95.2500 mm): PTH pad SH2 [GND] of J4
[silk_over_copper]: Silkscreen clipped by solder mask
    Local override; warning
    @(138.5775 mm, 105.4800 mm): Segment of J5 on F.Silkscreen
    @(140.6225 mm, 95.2500 mm): PTH pad SH2 [GND] of J5
[silk_over_copper]: Silkscreen clipped by solder mask
    Local override; warning
    @(102.0775 mm, 105.4800 mm): Segment of J3 on F.Silkscreen
    @(104.1225 mm, 95.2500 mm): PTH pad SH2 [GND] of J3
[silk_over_copper]: Silkscreen clipped by solder mask
    Local override; warning
    @(117.5975 mm, 105.4800 mm): Segment of J3 on F.Silkscreen
    @(115.5525 mm, 95.2500 mm): PTH pad SH1 [GND] of J3
[silk_over_copper]: Silkscreen clipped by solder mask
    Local override; warning
    @(83.5775 mm, 105.4800 mm): Segment of J2 on F.Silkscreen
    @(85.6225 mm, 95.2500 mm): PTH pad SH2 [GND] of J2
[silk_over_copper]: Silkscreen clipped by solder mask
    Local override; warning
    @(99.0975 mm, 105.4800 mm): Segment of J2 on F.Silkscreen
    @(97.0525 mm, 95.2500 mm): PTH pad SH1 [GND] of J2
[silk_over_copper]: Silkscreen clipped by solder mask
    Local override; warning
    @(154.0975 mm, 105.4800 mm): Segment of J5 on F.Silkscreen
    @(152.0525 mm, 95.2500 mm): PTH pad SH1 [GND] of J5

** Found 0 unconnected pads **

** Found 10 Footprint errors **
[extra_footprint]: Extra footprint
    Local override; warning
    @(150.0000 mm, 150.5000 mm): Footprint TP6
[extra_footprint]: Extra footprint
    Local override; warning
    @(92.0000 mm, 146.0000 mm): Footprint TP5
[extra_footprint]: Extra footprint
    Local override; warning
    @(146.5000 mm, 150.5000 mm): Footprint TP4
[extra_footprint]: Extra footprint
    Local override; warning
    @(143.0000 mm, 150.5000 mm): Footprint TP3
[extra_footprint]: Extra footprint
    Local override; warning
    @(139.5000 mm, 150.5000 mm): Footprint TP2
[extra_footprint]: Extra footprint
    Local override; warning
    @(136.0000 mm, 150.5000 mm): Footprint TP1
[extra_footprint]: Extra footprint
    Local override; warning
    @(76.0000 mm, 158.0000 mm): Footprint M3
[extra_footprint]: Extra footprint
    Local override; warning
    @(162.0000 mm, 98.0000 mm): Footprint M2
[extra_footprint]: Extra footprint
    Local override; warning
    @(76.0000 mm, 98.0000 mm): Footprint M1
[extra_footprint]: Extra footprint
    Local override; warning
    @(162.0000 mm, 158.0000 mm): Footprint M4

** Ignored checks **
    - Footprint has no courtyard defined
    - Track endpoint not centered on via
    - Tuning profile track geometries
    - Footprint doesn't match symbol's footprint filters
    - Footprint component type doesn't match footprint pads

** End of Report **
